sales_data.csv
date,product_id,price,promotion,holiday,weather_index,units_sold,day_of_week,month
2022-08-02,1,9.463926460838165,0,0,-1.2110740231097004,44,1,8
2022-08-03,1,18.34328627549768,0,0,-2.299776841598985,30,2,8
2022-08-04,1,19.079315836110894,0,0,-0.5041083364104095,36,3,8
2022-08-05,1,14.81122535008226,0,0,0.3750682264347371,44,4,8
2022-08-06,1,8.71382047862658,1,0,0.6017342872144253,50,5,8
2022-08-07,1,11.031823519383206,0,0,-1.600629951585716,39,6,8
2022-08-08,1,6.808151828088839,0,0,0.223021332608177,42,0,8
2022-08-09,1,19.05550414091144,0,0,-1.147267394282233,44,1,8
2022-08-10,1,11.794957381674264,1,0,0.0667855290441798,49,2,8
2022-08-11,1,9.39819411803585,0,0,-0.9990530780369246,52,3,8
2022-08-12,1,17.768744052118954,0,0,-0.4930592134563261,47,4,8
2022-08-13,1,9.01872801358174,1,0,-0.0700757728825269,39,5,8
2022-08-14,1,15.205631810082938,0,0,-1.7941416047017182,48,6,8
2022-08-15,1,16.824563705146105,0,0,-0.3360039438118089,49,0,8
2022-08-16,1,13.808861771146123,0,0,0.898906683880796,43,1,8
2022-08-17,1,13.532734294966131,0,1,0.2411820574127494,55,2,8
2022-08-18,1,9.114994832677446,1,0,-0.2878394081806604,45,3,8
2022-08-19,1,7.120336574719374,0,0,1.1954814746476732,44,4,8
2022-08-20,1,12.027973792241006,1,0,0.7169438051676928,50,5,8
2022-08-21,1,7.680844727478901,0,0,0.2907449058974106,51,6,8
2022-08-22,1,13.363121389729365,0,0,-0.27291004741255,42,0,8
2022-08-23,1,5.039622769722156,1,0,0.7078962692496954,50,1,8
2022-08-24,1,15.11173560110536,0,0,-0.0157440952389605,41,2,8
2022-08-25,1,13.36488515457944,1,0,-0.1532854025324423,44,3,8
2022-08-26,1,18.536468716158183,0,0,0.6551294444769841,42,4,8
2022-08-27,1,6.956668318808144,0,0,-0.1561532872328439,42,5,8
2022-08-28,1,10.102513943819496,1,0,-0.1779574994134812,46,6,8
2022-08-29,1,13.772897037390706,0,0,-1.936535129535224,45,0,8
2022-08-30,1,5.8404333538310205,0,0,-0.1683044079666784,46,1,8
2022-08-31,1,16.361100872824796,1,0,-0.2067217035421351,40,2,8
2022-09-01,1,10.89557347373092,0,0,0.8092822013836896,41,3,9
2022-09-02,1,7.852603396998312,0,0,0.3293930262157222,52,4,9
2022-09-03,1,10.565094439915578,0,0,-0.2169076172977145,40,5,9
2022-09-04,1,16.0440305636536,0,0,1.2680735026191532,41,6,9
2022-09-05,1,12.044873002361566,0,0,-0.3447544282650142,44,0,9
2022-09-06,1,11.10720121862131,0,0,-1.953380236159974,50,1,9
2022-09-07,1,5.738417590040028,0,0,-1.926298733998468,48,2,9
2022-09-08,1,10.027480450261349,0,0,-0.2181512728087625,50,3,9
2022-09-09,1,16.853059793949896,0,0,-0.6136639803187379,39,4,9
2022-09-10,1,5.151344406272763,0,1,0.5322463307622324,53,5,9
2022-09-11,1,6.766403666610387,1,0,-1.7924897100580717,58,6,9
2022-09-12,1,18.1858800513778,0,0,-0.0798276361689366,39,0,9
2022-09-13,1,14.376640504489083,0,0,-2.078230449304881,44,1,9
2022-09-14,1,5.885742724680144,0,0,-0.18792093826085,48,2,9
2022-09-15,1,19.65618869859516,0,1,-0.5683196657866362,40,3,9
2022-09-16,1,8.249142329674306,0,0,0.9920387647715384,50,4,9
2022-09-17,1,13.635310309811397,0,0,-0.0182168799277243,40,5,9
2022-09-18,1,11.224390903918918,0,0,-0.1785976913507431,44,6,9
2022-09-19,1,19.89672820496004,0,0,0.953173839736466,37,0,9
2022-09-20,1,12.16115785520212,1,0,0.167154161721664,50,1,9
2022-09-21,1,5.493323797674858,0,0,-0.6334863359105755,50,2,9
2022-09-22,1,5.170642930097034,0,0,0.8227512888408824,44,3,9
2022-09-23,1,16.608496237411565,0,0,-0.4478956708576336,33,4,9
2022-09-24,1,13.24155548929603,0,0,0.0015341639271596,40,5,9
2022-09-25,1,11.835690747700657,0,0,2.288646903253716,43,6,9
2022-09-26,1,10.54214362146828,0,0,-0.7132792550213113,39,0,9
2022-09-27,1,13.364523916692375,0,0,-0.6941994504639619,34,1,9
2022-09-28,1,6.319671618895951,0,0,-0.101229415676541,45,2,9
2022-09-29,1,8.993049277332739,0,0,0.3039161771675931,48,3,9
2022-09-30,1,10.170011204952072,0,0,0.5562676588878559,41,4,9
2022-10-01,1,18.79429724218018,0,0,-1.279668192335347,48,5,10
2022-10-02,1,11.560811197048324,0,0,0.0027557162001852,46,6,10
2022-10-03,1,12.06470679412338,0,0,0.7742512708046878,45,0,10
2022-10-04,1,6.940458440427067,0,0,-0.0601330548256872,50,1,10
2022-10-05,1,8.768957332399532,0,0,-0.1814285191227576,41,2,10
2022-10-06,1,11.32955801157068,1,0,1.026836091397518,42,3,10
2022-10-07,1,5.302802893537903,0,1,1.5826459718674508,40,4,10
2022-10-08,1,18.12877757532368,0,0,1.5503867359503036,38,5,10
2022-10-09,1,17.787226305271727,0,0,2.700352822282419,42,6,10
2022-10-10,1,12.359311212903776,0,0,1.44652428887769,45,0,10
2022-10-11,1,19.672930165159848,0,0,-1.9856614692514465,44,1,10
2022-10-12,1,11.562746724835108,0,0,0.9852775890325398,37,2,10
2022-10-13,1,10.745805348042005,0,0,-0.4372252514932601,50,3,10
2022-10-14,1,18.560365101113668,0,0,-1.5420308413920605,36,4,10
2022-10-15,1,7.100287153465445,0,0,-0.4639381818387035,49,5,10
2022-10-16,1,17.9784176014072,0,0,-0.9366563452326684,43,6,10
2022-10-17,1,16.115780670537227,0,0,0.084793326810871,44,0,10
2022-10-18,1,19.576634483073438,1,0,-2.467587977750218,35,1,10
2022-10-19,1,9.19515939577659,0,0,-0.6242516882405605,41,2,10
2022-10-20,1,15.493336648918058,0,0,0.4083693468221556,43,3,10
2022-10-21,1,15.159522647936331,0,0,1.1932637346554735,48,4,10
2022-10-22,1,7.147664829962199,0,0,-1.46779374568859,47,5,10
2022-10-23,1,7.528270510691861,0,1,-0.950531115702248,65,6,10
2022-10-24,1,9.581712974390316,0,0,-1.3591898683387786,43,0,10
2022-10-25,1,14.594269209043466,0,0,0.0644311572976203,36,1,10
2022-10-26,1,5.497456400177781,0,0,-0.1108237248209729,47,2,10
2022-10-27,1,9.420421998732904,1,0,-0.973682971875823,36,3,10
2022-10-28,1,7.668416785363874,1,0,1.3178966190748398,48,4,10
2022-10-29,1,19.46442989959296,0,0,-0.8621329242444195,47,5,10
2022-10-30,1,14.539072459914534,0,0,-0.0888481250200006,41,6,10
2022-10-31,1,7.406427222297299,0,0,1.1038817297853627,46,0,10
2022-11-01,1,19.118443374518264,0,0,0.5827515442978238,36,1,11
2022-11-02,1,15.251870316372049,1,0,-0.3373723179886976,55,2,11
2022-11-03,1,8.925265500570864,0,0,0.9759468769318416,52,3,11
2022-11-04,1,11.652673818339188,0,0,0.4968301444118621,44,4,11
2022-11-05,1,15.878454208036828,0,0,-0.0614142048577605,43,5,11
2022-11-06,1,16.738766475923764,0,0,-0.8424314305782981,50,6,11
2022-11-07,1,9.125254644578009,0,0,0.7648685653441998,44,0,11
2022-11-08,1,19.002893927176,0,0,-0.6383236192622647,41,1,11
2022-11-09,1,11.093450572464972,0,0,1.123288773167733,46,2,11
2022-11-10,1,5.16913684637874,0,0,-0.0146706438123296,47,3,11
2022-11-11,1,5.3090644785410905,1,0,1.3733982107254468,49,4,11
2022-11-12,1,10.461825846392369,0,0,0.3124055601476479,47,5,11
2022-11-13,1,15.240706900091798,0,0,0.7885268479811725,33,6,11
2022-11-14,1,13.225769710559016,0,0,-2.779508096669816,37,0,11
2022-11-15,1,16.34531238995855,0,0,1.12046548680172,44,1,11
2022-11-16,1,14.536096488897256,0,0,-0.0059451759944254,53,2,11
2022-11-17,1,12.801820951576836,0,0,-0.8436006827708847,45,3,11
2022-11-18,1,15.233204628885186,1,0,-0.0432672577675765,49,4,11
2022-11-19,1,7.065124912690937,0,0,0.1600909077123851,42,5,11
2022-11-20,1,17.34106461712543,1,1,1.3108652672991112,58,6,11
2022-11-21,1,17.948731916710813,0,0,-1.190000348599291,46,0,11
2022-11-22,1,16.92526486642994,0,0,-0.6174483938150265,41,1,11
2022-11-23,1,13.203934218299915,0,0,-0.7649292803719355,46,2,11
2022-11-24,1,14.583500623344854,0,0,1.9577560092099051,49,3,11
2022-11-25,1,8.698802149123225,1,0,0.0529457351575155,51,4,11
2022-11-26,1,18.787856409315896,1,0,0.6005591444145971,53,5,11
2022-11-27,1,10.142381985606429,0,0,-1.315337213761141,42,6,11
2022-11-28,1,12.40814218348475,1,0,-0.4290004801888947,47,0,11
2022-11-29,1,13.00745547191385,0,0,-0.8182688574827901,36,1,11
2022-11-30,1,19.44331440289421,0,0,-1.746049086292398,42,2,11
2022-12-01,1,5.311116979853959,0,0,0.0127915855923525,42,3,12
2022-12-02,1,17.19088282610845,0,0,-0.1095524799227035,40,4,12
2022-12-03,1,7.547810946518323,0,0,0.7168415937706456,43,5,12
2022-12-04,1,14.896444310559374,0,0,-1.282030368630877,46,6,12
2022-12-05,1,15.217811416955026,0,0,1.0423008576683233,42,0,12
2022-12-06,1,8.14715962821969,0,0,-0.051444917151139,47,1,12
2022-12-07,1,10.180975775298808,0,0,-0.4819788479111412,49,2,12
2022-12-08,1,15.304699213841666,0,0,1.5226208720625718,38,3,12
2022-12-09,1,15.36552178926253,0,0,-0.1634007737993684,44,4,12
2022-12-10,1,12.237317254796586,0,0,0.0166091719156686,45,5,12
2022-12-11,1,13.281977709382568,1,0,0.3096867597495247,52,6,12
2022-12-12,1,19.608772572401207,0,0,0.5612967685908689,44,0,12
2022-12-13,1,18.924849341157405,0,0,0.8823195258109355,40,1,12
2022-12-14,1,11.663138397304689,0,0,-0.4857404241628441,40,2,12
2022-12-15,1,12.069579151406767,0,0,-1.072121611257678,48,3,12
2022-12-16,1,16.69084085370418,0,0,0.742179710947567,51,4,12
2022-12-17,1,6.15163380091813,0,0,1.1047490851845698,43,5,12
2022-12-18,1,5.45247737931229,0,0,0.8045390057908985,44,6,12
2022-12-19,1,12.133087805605232,0,0,0.416990516941802,43,0,12
2022-12-20,1,6.554080211642269,0,0,0.0083988940843699,50,1,12
2022-12-21,1,8.989667172463083,1,0,-1.0466063917274209,45,2,12
2022-12-22,1,5.84731930907353,0,0,-0.0163451061020575,43,3,12
2022-12-23,1,7.891763144451962,0,0,-0.0485188073928503,37,4,12
2022-12-24,1,13.507262474840063,0,0,0.8485299318983586,40,5,12
2022-12-25,1,16.878320145471122,0,0,-2.243684600195068,38,6,12
2022-12-26,1,13.160273686069624,0,0,-1.8032129994646855,50,0,12
2022-12-27,1,12.417235487020436,0,0,-0.7316080842436116,43,1,12
2022-12-28,1,9.854255967005912,0,0,-0.3512660888568758,49,2,12
2022-12-29,1,9.94088244953616,0,0,-0.5770622874675246,43,3,12
2022-12-30,1,7.608311130919043,0,1,1.588024527861368,53,4,12
2022-12-31,1,18.220724601696787,0,0,-0.2781934478579633,43,5,12
2023-01-01,1,19.726808286489685,0,0,0.4223212257598655,48,6,1
2023-01-02,1,8.815878387525675,0,0,0.7852018000580792,43,0,1
2023-01-03,1,11.517965828773454,0,0,-0.9199372311928802,35,1,1
2023-01-04,1,13.2612612301112,0,0,-0.5501436885407074,45,2,1
2023-01-05,1,5.492580748276784,0,0,-0.9064595361430248,44,3,1
2023-01-06,1,18.65555101120448,0,0,-0.6426948056896453,44,4,1
2023-01-07,1,8.452508902044428,1,0,-0.2642938732436722,44,5,1
2023-01-08,1,5.925464742803977,0,0,-0.7001790948708124,50,6,1
2023-01-09,1,7.903682338473294,0,0,1.5879198886656007,53,0,1
2023-01-10,1,18.19452746621686,0,0,-0.1278664530934588,45,1,1
2023-01-11,1,12.908367942526256,0,1,0.772386956376935,41,2,1
2023-01-12,1,10.747406417721846,0,0,0.1128505559100966,39,3,1
2023-01-13,1,8.87613188499717,1,0,-1.0227323465007183,37,4,1
2023-01-14,1,11.441115261876591,0,1,-2.0939589046355214,53,5,1
2023-01-15,1,9.099312356912154,0,0,0.4908119181580496,48,6,1
2023-01-16,1,5.892811099742252,0,0,-0.1898510122994756,40,0,1
2023-01-17,1,5.856768917696803,1,0,-1.2265029914533634,55,1,1
2023-01-18,1,12.371488227546571,0,0,0.3059063694497992,44,2,1
2023-01-19,1,5.228653629762111,0,0,0.1089273417702321,49,3,1
2023-01-20,1,12.277527563079452,0,0,0.8296761489855873,42,4,1
2023-01-21,1,7.827902712297535,0,0,0.1386954516587294,45,5,1
2023-01-22,1,8.432671865531223,0,0,-1.5252166516253889,44,6,1
2023-01-23,1,14.31367102466472,1,0,-0.82008528158954,46,0,1
2023-01-24,1,14.495062740440956,0,1,1.238642010776848,53,1,1
2023-01-25,1,5.061181024235918,0,0,0.8772718685649394,54,2,1
2023-01-26,1,18.561071639659303,0,0,0.1729259958302916,33,3,1
2023-01-27,1,12.160883385928017,0,0,0.5624443116760167,46,4,1
2023-01-28,1,19.730255404365504,0,0,-0.9939536286930882,42,5,1
2023-01-29,1,9.662700792774146,0,0,-0.4340038238834763,44,6,1
2023-01-30,1,13.469536442010734,0,0,-0.3127720585740995,36,0,1
2023-01-31,1,16.21784617748165,0,0,1.5616012287028127,44,1,1
2023-02-01,1,15.94541325456414,0,0,-1.0275822815221825,41,2,2
2023-02-02,1,14.211943726796235,0,0,-1.0018916455295972,35,3,2
2023-02-03,1,6.104687428928806,1,0,-0.2814181178636191,57,4,2
2023-02-04,1,15.339828841315931,0,1,-0.3852734348741401,45,5,2
2023-02-05,1,6.018502454474718,1,0,0.8397144846067224,48,6,2
2023-02-06,1,9.271643568154586,0,0,1.0028276414517632,48,0,2
2023-02-07,1,8.313999742899204,0,0,0.7243353761934639,36,1,2
2023-02-08,1,9.135720217032656,0,0,0.561448085031545,49,2,2
2023-02-09,1,15.687236656060568,0,0,0.4100644800452435,31,3,2
2023-02-10,1,10.175942126240244,0,0,1.0908484708714727,51,4,2
2023-02-11,1,6.4781479579539125,0,0,-1.270769597478738,56,5,2
2023-02-12,1,12.392405864931831,0,0,-0.2648950982072035,44,6,2
2023-02-13,1,9.898861249960069,0,0,0.4300088019374919,45,0,2
2023-02-14,1,12.709216550683736,0,0,-0.1499244694305105,39,1,2
2023-02-15,1,17.4088942570433,0,0,1.1642797638638511,37,2,2
2023-02-16,1,7.404671068843204,1,0,1.6670262043464137,56,3,2
2023-02-17,1,18.642608101241112,0,0,-1.7941834594762551,41,4,2
2023-02-18,1,19.664201608518447,0,0,1.6568123274330566,39,5,2
2023-02-19,1,12.5082339884153,0,0,-0.3798820739055119,39,6,2
2023-02-20,1,10.537199226302002,0,0,1.5811035931733062,45,0,2
2023-02-21,1,8.834231633565508,0,0,1.1435700805517883,42,1,2
2023-02-22,1,16.57114985895099,0,0,1.4675687554767574,37,2,2
2023-02-23,1,6.122290184856643,0,1,-1.1447891773624157,48,3,2
2023-02-24,1,8.868272272698603,0,1,-0.7312791670623106,50,4,2
2023-02-25,1,19.134902566878683,0,0,-1.1139814175476443,46,5,2
2023-02-26,1,10.46185160578839,0,0,0.0824524975527215,52,6,2
2023-02-27,1,15.557306638358172,0,0,0.5342725138481701,35,0,2
2023-02-28,1,5.734429266111468,0,0,-0.6567112110118708,45,1,2
2023-03-01,1,18.00484146587805,0,1,-0.5914264335051866,44,2,3
2023-03-02,1,19.67852280430564,0,0,0.5897491604950333,36,3,3
2023-03-03,1,16.66005556715676,0,0,-1.5537857481296349,46,4,3
2023-03-04,1,6.930350643213089,0,1,-0.3411132822017924,51,5,3
2023-03-05,1,6.353569900384095,0,0,1.1794645678012752,43,6,3
2023-03-06,1,8.721689766949883,0,0,-0.9771259420123168,52,0,3
2023-03-07,1,6.945763579780692,1,0,0.8438815893248883,48,1,3
2023-03-08,1,9.55449612289825,0,1,-1.3399431349848878,50,2,3
2023-03-09,1,7.197599183153243,0,0,0.8723902846265974,48,3,3
2023-03-10,1,14.47490992466755,0,0,1.4775226591822417,39,4,3
2023-03-11,1,19.511139285370245,0,1,0.0320659381841744,52,5,3
2023-03-12,1,6.7434951721562815,0,0,0.576719379089598,40,6,3
2023-03-13,1,17.2141500974062,0,0,0.4335900124279285,43,0,3
2023-03-14,1,15.00633526796914,0,0,0.8133383599880031,46,1,3
2023-03-15,1,13.076924911188485,1,0,1.6049822668390648,51,2,3
2023-03-16,1,15.199178798800435,1,0,-0.7449723283828942,55,3,3
2023-03-17,1,10.15270271579298,0,0,-1.4872396442116962,37,4,3
2023-03-18,1,16.730354246451704,0,1,-0.7269540720891177,37,5,3
2023-03-19,1,16.460381831306552,0,0,-1.041993711699312,39,6,3
2023-03-20,1,16.752537799456753,0,0,-1.2416814138037058,50,0,3
2023-03-21,1,16.26248044222455,0,1,-0.246943387290831,41,1,3
2023-03-22,1,11.79714757123058,1,0,-0.3768984483467541,50,2,3
2023-03-23,1,7.281079841552121,0,0,-1.5350966320282615,54,3,3
2023-03-24,1,19.92180669911604,0,0,-0.0850306553295708,32,4,3
2023-03-25,1,18.29988208010508,0,0,-1.091073184549543,34,5,3
2023-03-26,1,5.055178520048978,0,0,-0.1496230195782488,53,6,3
2023-03-27,1,7.975151875978642,1,1,-0.8524089856376684,51,0,3
2023-03-28,1,16.740422342641295,0,0,1.3875647257798978,37,1,3
2023-03-29,1,13.534559964590288,0,0,-0.2054792467437748,46,2,3
2023-03-30,1,6.906466485118905,1,0,-0.169398505282274,48,3,3
2023-03-31,1,11.043940516183303,0,0,0.1673535807403882,48,4,3
2023-04-01,1,19.377681492369906,0,0,-2.565667769952644,44,5,4
2023-04-02,1,13.447631915484774,0,0,0.4794395754111581,35,6,4
2023-04-03,1,5.109626772965751,0,0,-0.6028881785774429,44,0,4
2023-04-04,1,9.083682535852258,0,0,-0.6227012039815201,50,1,4
2023-04-05,1,12.574019238286724,0,0,-1.342844827736866,35,2,4
2023-04-06,1,17.327864207445003,0,0,0.5479286918216439,44,3,4
2023-04-07,1,16.54852333754588,0,0,0.059702094184161,50,4,4
2023-04-08,1,8.370467076786756,0,0,-0.0819614540151416,53,5,4
2023-04-09,1,13.520991121601089,0,0,-1.009586849651974,49,6,4
2023-04-10,1,15.214811295661589,0,0,-2.3852536397714488,38,0,4
2023-04-11,1,13.905984590826863,0,0,0.1859413679776628,40,1,4
2023-04-12,1,5.603599085696188,0,0,-0.7948345633624757,39,2,4
2023-04-13,1,14.920728457001914,0,0,-0.2174516238257433,34,3,4
2023-04-14,1,9.033648005842831,0,1,-0.2020931912792409,42,4,4
2023-04-15,1,12.90259917054706,0,0,-0.0438409813557051,36,5,4
2023-04-16,1,11.010874955183253,1,0,-0.4197983564341484,41,6,4
2023-04-17,1,12.075573342700572,0,0,-0.1114248590976365,41,0,4
2023-04-18,1,17.868910218888995,0,0,-1.7847677520288685,43,1,4
2023-04-19,1,10.46890729690013,0,0,1.1618337295147498,43,2,4
2023-04-20,1,5.866045802191116,0,0,-2.1099145019974723,41,3,4
2023-04-21,1,19.91794470715414,0,0,0.2781614934551958,38,4,4
2023-04-22,1,15.659582309045112,0,0,1.380659646507794,36,5,4
2023-04-23,1,10.769219207807938,1,0,0.6593143041131432,42,6,4
2023-04-24,1,6.329358297622561,0,0,0.6376928239882118,49,0,4
2023-04-25,1,14.0665944684588,0,0,-0.8527762679749342,38,1,4
2023-04-26,1,14.724077275531416,0,0,1.388362025129784,33,2,4
2023-04-27,1,17.682504481740054,1,0,-1.025275862760607,45,3,4
2023-04-28,1,15.901640224778491,0,0,1.6595175175741916,46,4,4
2023-04-29,1,12.04245221482023,0,0,0.8087454322120571,49,5,4
2023-04-30,1,10.360944807845271,0,0,-0.2609053095257098,47,6,4
2023-05-01,1,6.802227994686994,0,0,-0.4082153587061461,56,0,5
2023-05-02,1,15.521007990051563,0,0,0.2755116750194585,48,1,5
2023-05-03,1,17.568856135455466,0,0,0.5802708929622482,34,2,5
2023-05-04,1,18.26007396518345,0,0,-0.7797347537673485,46,3,5
2023-05-05,1,5.753828725655375,0,0,0.8481489715576871,41,4,5
2023-05-06,1,19.177448622507093,0,0,-1.5564661983178478,38,5,5
2023-05-07,1,9.893831605753668,1,0,-0.6279532992886065,40,6,5
2023-05-08,1,14.819882656909485,0,0,0.8964876096789409,35,0,5
2023-05-09,1,9.19685641551836,0,0,-1.6535783858862356,42,1,5
2023-05-10,1,6.105548341421567,0,0,-0.4248480176739811,55,2,5
2023-05-11,1,15.560838113164175,0,0,-0.0815470733827911,38,3,5
2023-05-12,1,13.052977348582411,0,0,0.5145999607683853,48,4,5
2023-05-13,1,6.8984916117147215,0,1,0.3440032440721741,63,5,5
2023-05-14,1,7.377006930461776,0,0,0.7700112320271922,40,6,5
2023-05-15,1,19.75837786457804,0,0,1.3372754435838887,43,0,5
2023-05-16,1,16.96435850036414,0,0,-0.0865425095592303,45,1,5
