sales_data.csv
date,product_id,price,promotion,holiday,weather_index,units_sold,day_of_week,month
2023-05-17,1,7.44154276003823,1,0,0.3499858402054589,57,2,5
2023-05-18,1,11.923972364497525,0,0,-0.5628708288141914,37,3,5
2023-05-19,1,7.452226101001253,0,0,0.5513864522757449,38,4,5
2023-05-20,1,15.339272822334951,1,0,-1.0606175700967102,47,5,5
2023-05-21,1,17.92977590163762,0,0,-0.7744970592128663,39,6,5
2023-05-22,1,9.365462449615084,0,0,-0.9435932928102052,47,0,5
2023-05-23,1,17.392775917914832,0,0,0.5900718399055517,39,1,5
2023-05-24,1,14.23400391057958,0,0,-0.3215932625044354,42,2,5
2023-05-25,1,10.796878925595871,0,0,-0.6793356007462757,52,3,5
2023-05-26,1,5.15893009265295,1,0,1.0427603816956132,59,4,5
2023-05-27,1,6.429582105605002,0,0,-2.2216691350045377,43,5,5
2023-05-28,1,9.546072141379096,1,0,0.7355037171574528,55,6,5
2023-05-29,1,9.421593347579414,0,0,0.1990384057563588,37,0,5
2023-05-30,1,9.034734260107545,0,1,-0.2841468942636674,39,1,5
2023-05-31,1,19.193548088249607,1,0,-1.0832583003320129,47,2,5
2023-06-01,1,14.433149176872982,0,0,-0.6208710515271357,49,3,6
2023-06-02,1,12.286981590212818,1,0,0.7370845869804773,43,4,6
2023-06-03,1,9.91436133145668,0,0,0.3642486918425239,49,5,6
2023-06-04,1,15.453483422346508,0,0,0.6803000478478106,33,6,6
2023-06-05,1,13.772680422208593,0,0,0.9864863524294902,40,0,6
2023-06-06,1,14.79584691315454,0,0,-0.940742099532903,47,1,6
2023-06-07,1,5.926261300739895,0,0,-0.0863029406422788,54,2,6
2023-06-08,1,16.505592237741737,0,0,0.4244206293246895,44,3,6
2023-06-09,1,14.07847212706931,0,0,-0.2017973780495496,37,4,6
2023-06-10,1,7.683062388182158,0,0,0.1797352238505383,37,5,6
2023-06-11,1,19.115651577227165,0,0,1.0630781671144358,47,6,6
2023-06-12,1,13.465602558317476,0,0,0.4893064446821901,44,0,6
2023-06-13,1,14.938716158945796,0,0,-0.6768320949265504,33,1,6
2023-06-14,1,9.729687624780656,1,0,0.3537918379240495,45,2,6
2023-06-15,1,17.56912983992477,1,0,-0.8399126214712965,36,3,6
2023-06-16,1,18.652791141925896,1,0,1.14753021838985,51,4,6
2023-06-17,1,6.580292685750157,0,0,-0.6866374720455236,50,5,6
2023-06-18,1,5.732874965431056,0,0,-0.8578546731047254,51,6,6
2023-06-19,1,7.620064182258865,0,0,0.92894074374345,37,0,6
2023-06-20,1,7.26518240685389,0,0,-0.1228653627395391,45,1,6
2023-06-21,1,5.95499494666447,0,0,0.429573478604516,47,2,6
2023-06-22,1,8.94771818118782,0,0,1.080648274663891,43,3,6
2023-06-23,1,18.896607245587752,0,0,0.1131093102300855,49,4,6
2023-06-24,1,6.96140203154082,0,0,-0.7683320970169027,43,5,6
2023-06-25,1,7.980594264274229,0,0,-1.1301130704844848,51,6,6
2023-06-26,1,12.27237189592702,0,0,1.8976672804333543,43,0,6
2023-06-27,1,11.173091660265335,0,0,1.8438898963605097,45,1,6
2023-06-28,1,17.807008350746905,0,0,-0.4289330645609472,48,2,6
2023-06-29,1,18.289039061144575,0,0,2.361283224109859,39,3,6
2023-06-30,1,17.288506798871037,0,1,-3.2163882157273846,46,4,6
2023-07-01,1,13.69617995754915,0,0,0.2472137571803133,45,5,7
2023-07-02,1,15.427559234329657,0,0,0.4646288763471797,45,6,7
2023-07-03,1,6.041175053725722,1,0,-0.336704513029085,53,0,7
2023-07-04,1,6.645121440728556,1,1,0.6335424277115276,60,1,7
2023-07-05,1,18.35096112508624,0,0,0.8530082803705821,46,2,7
2023-07-06,1,14.121947809586215,0,0,-2.130961911816339,36,3,7
2023-07-07,1,10.738507391496851,1,0,0.2109640275578975,52,4,7
2023-07-08,1,11.742779284861108,1,1,-0.3810863236711722,53,5,7
2023-07-09,1,15.79414904859882,0,0,-2.0250297618828546,44,6,7
2023-07-10,1,5.276901206611963,0,0,1.4523477828860258,44,0,7
2023-07-11,1,18.17516445662737,1,0,0.7880814232269479,43,1,7
2023-07-12,1,15.052723194036846,0,0,0.1407970326189341,38,2,7
2023-07-13,1,16.531544627928305,0,0,0.103700009769509,35,3,7
2023-07-14,1,10.873339265396432,0,0,1.153414297083004,47,4,7
2023-07-15,1,7.767416572338213,0,0,0.1975411066300514,48,5,7
2023-07-16,1,18.24732232164223,0,0,0.6098458000558418,35,6,7
2023-07-17,1,18.76977654361444,0,0,0.3870940982640078,34,0,7
2023-07-18,1,19.563121731633217,0,0,0.6984798296729116,37,1,7
2023-07-19,1,15.231179885521469,0,0,-0.3896905119410769,41,2,7
2023-07-20,1,12.350727989029282,0,0,-0.3402996871958157,41,3,7
2023-07-21,1,13.96950134151434,0,0,-0.7882508033366109,43,4,7
2023-07-22,1,15.021354059174458,1,0,-0.1760770485514899,44,5,7
2023-07-23,1,10.785891268336616,0,0,0.3390885515865091,49,6,7
2023-07-24,1,18.616386817647047,0,1,0.5841827267579357,52,0,7
2023-07-25,1,5.89086044729462,0,0,-0.0605571967434651,53,1,7
2023-07-26,1,12.959224206245342,1,0,0.8230154896276739,41,2,7
2023-07-27,1,19.92212648796611,0,0,0.1158261932326,40,3,7
2023-07-28,1,14.969278855022962,0,0,0.8153420843316711,47,4,7
2023-07-29,1,19.08024512364528,0,0,2.417335488304849,47,5,7
2023-07-30,1,7.509327500718634,0,0,-2.110847992977632,48,6,7
2023-07-31,1,13.030242749538008,0,0,0.5765182236597579,41,0,7
2023-08-01,1,10.054027341520698,0,0,0.5493348425974147,44,1,8
2023-08-02,1,8.863159676168166,0,0,-0.4951077208231356,34,2,8
2023-08-03,1,19.487294981903887,1,0,-1.1301182540332713,46,3,8
2023-08-04,1,15.74233371740507,0,0,1.887045378624309,43,4,8
2023-08-05,1,9.214091702155637,0,0,0.4490895460028478,45,5,8
2023-08-06,1,15.657435137810207,0,0,-0.0848344676170888,40,6,8
2023-08-07,1,15.591099125790087,0,0,0.9679590727155812,46,0,8
2023-08-08,1,5.848075007315408,0,0,-0.7800940503066729,42,1,8
2023-08-09,1,19.5811420353342,0,1,0.6929560757176708,51,2,8
2023-08-10,1,19.77244044354694,0,0,-0.985094809923272,42,3,8
2023-08-11,1,17.246325376556257,0,0,1.385961149544212,42,4,8
2023-08-12,1,18.017658854507985,0,0,0.0521029635144912,46,5,8
2023-08-13,1,16.599203451242154,1,0,1.5331787602122078,37,6,8
2023-08-14,1,17.814615721578207,1,0,1.6026716086879524,55,0,8
2023-08-15,1,12.037238344444804,0,0,-0.9897227881654292,38,1,8
2023-08-16,1,5.535595908074498,0,0,0.828016609809139,41,2,8
2023-08-17,1,5.046111914955153,0,0,0.2246145534372003,46,3,8
2023-08-18,1,19.00214671859456,0,0,-0.7959863911250119,43,4,8
2023-08-19,1,19.993536017162448,0,1,-0.2731002818327649,43,5,8
2023-08-20,1,17.024866627818206,0,0,1.716667917493322,43,6,8
2023-08-21,1,16.29888984881468,0,0,0.6906088007656151,37,0,8
2023-08-22,1,10.480183677999548,0,0,1.3976189666515195,51,1,8
2023-08-23,1,13.54176491153559,0,0,-0.6328835553085342,48,2,8
2023-08-24,1,16.722721578798755,0,0,0.3452758999622504,36,3,8
2023-08-25,1,14.732962573669075,0,0,0.122053522042897,37,4,8
2023-08-26,1,16.40191883795518,1,0,-0.2012572247139741,38,5,8
2023-08-27,1,14.81267364249933,0,1,0.7128324154532357,39,6,8
2023-08-28,1,14.07216818594152,0,0,0.1774675171421545,44,0,8
2023-08-29,1,19.17876865224195,0,0,-0.4502068704079754,47,1,8
2023-08-30,1,14.448106800431423,0,0,-1.050487784478239,38,2,8
2023-08-31,1,7.179683889097656,0,0,1.6777764409517069,45,3,8
2023-09-01,1,12.959150123724918,1,0,-0.0337903612379321,53,4,9
2023-09-02,1,12.626005118255003,1,0,0.5164769470555507,43,5,9
2023-09-03,1,5.082455270306084,1,0,-1.2927118929504011,60,6,9
2023-09-04,1,14.004140009628811,0,0,-0.4696773479875933,42,0,9
2023-09-05,1,11.195128535669753,0,0,0.3685410743845282,43,1,9
2023-09-06,1,5.780891431236355,1,0,-0.3135948004453979,48,2,9
2023-09-07,1,7.171957478263742,1,0,2.146029329354461,61,3,9
2023-09-08,1,16.836019444972585,1,0,0.3057187696870593,42,4,9
2023-09-09,1,6.549118334102507,1,0,-0.523289570631599,53,5,9
2023-09-10,1,15.396189586332,0,1,-0.524490507492545,48,6,9
2023-09-11,1,5.331660757376628,0,0,-1.0630164409979217,52,0,9
2023-09-12,1,5.944807344455716,0,0,0.6940863120523613,46,1,9
2023-09-13,1,14.662157376341035,1,0,-1.86786925764606,38,2,9
2023-09-14,1,16.613373218292928,0,0,-0.6924009029378313,40,3,9
2023-09-15,1,15.72309311073289,0,0,0.3597686886502203,40,4,9
2023-09-16,1,18.396037634616995,0,0,0.5324276532361724,37,5,9
2023-09-17,1,7.898453934662308,0,0,0.0984508978164424,52,6,9
2023-09-18,1,15.915154758759526,1,0,-1.0591669967477153,58,0,9
2023-09-19,1,7.58463953433349,0,0,-1.05984005906796,46,1,9
2023-09-20,1,7.6326382680311475,1,0,0.0019150778520183,46,2,9
2023-09-21,1,6.488928797041748,0,0,1.3991000920968488,36,3,9
2023-09-22,1,5.801150994674956,0,1,-0.3848808830510064,50,4,9
2023-09-23,1,5.243379347579561,1,0,1.5018562687773096,44,5,9
2023-09-24,1,12.727509258448832,0,0,-2.001274399476221,46,6,9
2023-09-25,1,18.01383208321385,0,0,0.7924732470050977,41,0,9
2023-09-26,1,11.148327947302477,0,0,-1.5110338624810802,37,1,9
2023-09-27,1,13.62028229898295,0,0,-0.7368574000932128,43,2,9
2023-09-28,1,16.290825578625352,1,0,-1.181242407288762,43,3,9
2023-09-29,1,15.642198470163486,1,0,0.3316956621375653,46,4,9
2023-09-30,1,16.28316053096334,0,0,0.1383113104992478,37,5,9
2023-10-01,1,17.043727500886632,0,0,0.0504015774276436,51,6,10
2023-10-02,1,17.274382338847534,1,0,0.1103282936168503,45,0,10
2023-10-03,1,12.73669802676642,0,0,0.2276491044978381,45,1,10
2023-10-04,1,19.25446652981657,0,0,-0.3609553164963857,37,2,10
2023-10-05,1,6.077044200412409,0,0,0.6083491864309891,52,3,10
2023-10-06,1,7.452216935003484,0,0,0.2024623968512185,46,4,10
2023-10-07,1,6.621779312312318,0,0,0.895274235171652,44,5,10
2023-10-08,1,5.555196477567449,0,0,-0.2208624620994363,39,6,10
2023-10-09,1,5.954933178938627,0,0,0.6100852284587615,55,0,10
2023-10-10,1,8.755395710504319,0,0,0.5049104389554837,47,1,10
2023-10-11,1,15.236683692778842,0,0,0.0467221819256724,37,2,10
2023-10-12,1,11.900947147712431,0,0,0.3432726781853243,42,3,10
2023-10-13,1,7.680846821435871,1,0,0.0849922978784265,41,4,10
2023-10-14,1,14.668577026813598,0,0,-1.7844643018518358,31,5,10
2023-10-15,1,15.183332003819412,0,0,-0.0692509780295825,43,6,10
2023-10-16,1,19.71904061971881,0,0,-0.579634827082924,37,0,10
2023-10-17,1,14.807588566427444,0,1,2.308267201699841,43,1,10
2023-10-18,1,18.40609181138227,0,0,-0.2592599434722121,42,2,10
2023-10-19,1,13.452543975340244,0,0,-0.6315929810588005,41,3,10
2023-10-20,1,16.497487313054073,0,0,-1.2381934542055135,46,4,10
2023-10-21,1,14.612731821299818,0,0,-0.58973380618466,31,5,10
2023-10-22,1,8.246624639769358,1,0,0.9670587151524064,48,6,10
2023-10-23,1,14.892654113351204,0,0,-0.298975338531287,43,0,10
2023-10-24,1,9.714061376938933,0,0,-0.5665265425182779,35,1,10
2023-10-25,1,5.64459177600885,0,0,-0.6191942788103441,47,2,10
2023-10-26,1,15.357321162475312,1,0,1.0347481224166517,33,3,10
2023-10-27,1,9.589240118537996,0,0,1.2810813810904416,46,4,10
2023-10-28,1,7.597378849401601,0,0,-1.8831624376917029,50,5,10
2023-10-29,1,19.94345616855143,0,0,-0.5578606259829159,36,6,10
2023-10-30,1,15.744975651107268,1,0,0.5808665930623343,49,0,10
2023-10-31,1,11.084076263093827,0,1,-0.5437957322060072,53,1,10
2023-11-01,1,12.88732674887692,0,0,1.0279162451723365,36,2,11
2023-11-02,1,15.411822558488948,0,0,0.6251421660016797,39,3,11
2023-11-03,1,14.067514968868396,0,0,-0.3085467692228417,44,4,11
2023-11-04,1,9.937159804924022,0,0,0.2858615140524114,44,5,11
2023-11-05,1,5.052035484567244,0,0,0.9357575041553192,46,6,11
2023-11-06,1,16.09485087673513,0,0,1.0453674531178765,39,0,11
2023-11-07,1,15.87835483110242,0,0,-0.9622092225447634,44,1,11
2023-11-08,1,15.545369932506002,1,0,-0.3746884471752752,37,2,11
2023-11-09,1,17.53305218812226,0,0,0.5848076449168187,38,3,11
2023-11-10,1,8.227365087996205,0,0,0.0299748844653193,47,4,11
2023-11-11,1,5.880178826434122,0,0,-0.2860156935634633,45,5,11
2023-11-12,1,7.992082416784418,0,0,-0.1655906586125011,44,6,11
2023-11-13,1,12.563761810775524,0,0,0.032500598276272,41,0,11
2023-11-14,1,9.183944284499232,0,0,0.3428170892354889,47,1,11
2023-11-15,1,15.838061911169689,1,0,-0.5680861491945017,48,2,11
2023-11-16,1,7.362554465024411,0,0,1.5035502169075436,42,3,11
2023-11-17,1,16.452139178776513,1,0,-3.016782067511476,39,4,11
2023-11-18,1,16.3418276662862,0,0,-0.431722617488144,44,5,11
2023-11-19,1,5.247010921744469,0,0,1.259103928930464,43,6,11
2023-11-20,1,6.039554126347516,0,0,-0.2395284655069322,44,0,11
2023-11-21,1,17.27013404180915,0,0,-1.3130034642919235,37,1,11
2023-11-22,1,13.257862664919775,0,0,0.0530489397574601,42,2,11
2023-11-23,1,16.01276368354725,0,0,-0.914536679058134,38,3,11
2023-11-24,1,8.44067201722713,0,0,-0.0030116540553424,53,4,11
2023-11-25,1,19.89501022982412,0,0,1.1369540596564491,42,5,11
2023-11-26,1,18.694642027171376,0,0,0.2119066021355673,47,6,11
2023-11-27,1,16.74434031984289,0,0,0.4099986377980085,43,0,11
2023-11-28,1,18.99321593076033,1,0,-0.3541398468907849,36,1,11
2023-11-29,1,11.42180634135804,0,1,-0.6511826863111806,55,2,11
2023-11-30,1,16.785076272289196,1,0,0.1943222242512161,38,3,11
2023-12-01,1,12.97227344124401,0,0,-0.306354377790094,44,4,12
2023-12-02,1,8.980327792446563,0,0,-0.8404300950090147,46,5,12
2023-12-03,1,17.3122121269096,1,0,1.3670882314197488,46,6,12
2023-12-04,1,15.004357996028482,0,0,0.7118449755640964,42,0,12
2023-12-05,1,8.306508053916135,0,0,-0.0323551305065069,44,1,12
2023-12-06,1,8.902219024628472,0,0,-1.4599189066778349,48,2,12
2023-12-07,1,10.30667997018818,0,0,-0.1620224322976003,37,3,12
2023-12-08,1,15.816499852399076,0,1,-1.4292963573863722,53,4,12
2023-12-09,1,18.850506313728488,0,0,-0.6458955465612924,33,5,12
2023-12-10,1,13.467691059444238,1,1,-1.4830916508618752,50,6,12
2023-12-11,1,19.975675928210205,1,0,0.3336889151660052,40,0,12
2023-12-12,1,5.833908228232611,1,0,-0.8773740976635414,57,1,12
2023-12-13,1,16.08963277601536,1,0,0.2747028242203616,41,2,12
2023-12-14,1,15.557151586860163,0,0,-0.4441276941877653,48,3,12
2023-12-15,1,14.702818280988696,0,0,-2.3382797270459257,34,4,12
2023-12-16,1,7.309753576668457,0,0,0.3298958886315569,46,5,12
2023-12-17,1,10.838846685131069,0,0,0.6452737279244384,48,6,12
2023-12-18,1,7.782965278612811,0,0,0.6159402168305113,46,0,12
2023-12-19,1,7.656237829636414,1,1,-0.6366911797539213,59,1,12
2023-12-20,1,14.759870350029052,0,0,-0.3188980177249845,39,2,12
2023-12-21,1,18.902610752149883,0,0,-2.1600773724055147,38,3,12
2023-12-22,1,6.084464538542702,0,0,-0.8845074945364227,41,4,12
2023-12-23,1,19.06988438152405,0,0,1.0423123451602043,33,5,12
2023-12-24,1,15.805154679323994,0,0,0.1971830829436842,42,6,12
2023-12-25,1,14.731929564974562,0,0,0.8224964871289667,44,0,12
2023-12-26,1,13.194627426963027,1,0,0.5106884099754366,50,1,12
2023-12-27,1,17.715933207135368,0,0,-0.0592726958442213,35,2,12
2023-12-28,1,15.706227634614685,0,0,0.6244558344332003,51,3,12
2023-12-29,1,9.38040746733834,1,0,-1.510528087532984,43,4,12
2023-12-30,1,10.372882029934136,0,0,-0.3510336001640498,46,5,12
2023-12-31,1,9.758967926105573,1,0,0.9121648121144188,52,6,12
2021-01-01,2,7.240654473752233,0,0,-0.0592037123819298,47,4,1
2021-01-02,2,12.233002767031447,0,0,-0.4547455344765434,52,5,1
2021-01-03,2,8.10642366373564,0,0,1.1172185774470869,51,6,1
2021-01-04,2,16.46024429504576,0,0,-0.0427012462428923,42,0,1
2021-01-05,2,11.130070818844391,0,0,-0.4343438789171212,40,1,1
2021-01-06,2,7.3885095537339325,0,0,1.372697184550073,47,2,1
2021-01-07,2,13.592229303428413,0,0,0.2753982854470381,40,3,1
2021-01-08,2,13.367634609215814,0,0,0.6360948990837948,44,4,1
2021-01-09,2,17.7436973325186,0,0,-1.90869409509086,48,5,1
2021-01-10,2,11.307748172574492,0,0,0.4861603912154634,43,6,1
2021-01-11,2,17.9237712998291,0,0,0.3888493529445176,42,0,1
2021-01-12,2,10.160799026647858,0,0,-0.684897351640503,38,1,1
2021-01-13,2,19.247675036121763,0,0,0.6771515375992255,35,2,1
2021-01-14,2,6.309827215583155,0,0,1.3455527321681744,46,3,1
2021-01-15,2,13.736774095838154,1,0,-0.4652948165634005,36,4,1
2021-01-16,2,11.963555760198592,0,0,-0.3073839054306155,40,5,1
2021-01-17,2,18.523077475168364,1,0,-1.8704760382538024,44,6,1
2021-01-18,2,16.455596354553272,0,0,0.3899293043785598,50,0,1
2021-01-19,2,7.39938794194765,0,0,-1.4797667769548482,38,1,1
2021-01-20,2,10.42340151877103,1,0,0.6556166424808033,47,2,1
2021-01-21,2,10.03508897447744,0,0,-0.280369505188108,49,3,1
2021-01-22,2,17.411708145732344,0,0,1.0120263912495049,42,4,1
2021-01-23,2,17.481016153567417,0,0,-2.5456131624244143,49,5,1
2021-01-24,2,8.511108889923204,1,0,0.7186746462367689,40,6,1
2021-01-25,2,10.259848143782923,0,0,2.8443718281255768,43,0,1
2021-01-26,2,10.094025555570258,0,0,0.9006216376660648,45,1,1
2021-01-27,2,8.904862712883483,1,0,1.1352691628961598,49,2,1
2021-01-28,2,10.999839989853315,0,0,0.9147897149001322,38,3,1
2021-01-29,2,14.201611188467746,0,0,-2.3822212657464834,35,4,1
2021-01-30,2,18.883559651217567,0,0,-0.1813247716199832,49,5,1
2021-01-31,2,16.222190737306445,0,0,-0.488591838152225,43,6,1
2021-02-01,2,12.893683138587356,0,0,-1.5658560403669637,43,0,2
2021-02-02,2,15.03932162005559,0,0,1.2697112206196606,42,1,2
2021-02-03,2,10.887134877394312,0,0,-0.008190030304843,41,2,2
2021-02-04,2,16.946516655126963,0,0,-0.5635552708817476,49,3,2
2021-02-05,2,16.53244698667335,0,0,0.1714798806263235,48,4,2
2021-02-06,2,9.716002896252265,0,0,-0.0627094885037409,47,5,2
2021-02-07,2,16.152389581984853,1,0,-0.1912470839729193,43,6,2
2021-02-08,2,19.972760553417487,0,0,0.7725325356625792,44,0,2
2021-02-09,2,9.220898983889564,0,0,-0.2358655880766103,47,1,2
2021-02-10,2,9.180791677984852,0,0,-1.628841215643912,46,2,2
2021-02-11,2,10.247924660825763,1,0,0.5248116307584921,47,3,2
2021-02-12,2,6.394264403031112,1,0,0.2740994608517464,46,4,2
2021-02-13,2,17.66416557894529,1,0,-0.3022914941593905,44,5,2
2021-02-14,2,14.488295003166808,0,0,-0.8474428095795451,36,6,2
2021-02-15,2,8.271666088825672,0,1,0.6359316590742051,44,0,2
2021-02-16,2,7.18292942102345,0,0,-0.473144830950094,50,1,2
2021-02-17,2,6.633335093955404,0,1,-1.0248172642066,44,2,2
2021-02-18,2,17.67537734764681,1,0,1.2799784422569471,51,3,2
2021-02-19,2,15.89596440758347,0,0,0.6106969427979525,42,4,2
2021-02-20,2,12.958390185516972,0,0,-0.7685543287704443,32,5,2
2021-02-21,2,16.256757968766895,1,0,0.7860082879893875,40,6,2
2021-02-22,2,13.021660934678035,0,0,0.4175513048350298,48,0,2
2021-02-23,2,17.672228845170125,0,0,-0.0943659912540744,44,1,2
2021-02-24,2,15.12533907071681,0,0,0.8491743453493317,41,2,2
2021-02-25,2,13.261472363775924,0,1,0.9096696799729396,50,3,2
2021-02-26,2,7.929232300334867,0,0,0.0597940334951411,48,4,2
2021-02-27,2,6.506008373770266,0,0,-1.3889005786213475,43,5,2
2021-02-28,2,8.902332457299824,0,1,0.3966468803889253,53,6,2
