sales_data.csv
date,product_id,price,promotion,holiday,weather_index,units_sold,day_of_week,month
2021-03-01,2,9.825070534246656,1,0,2.071075609826471,47,0,3
2021-03-02,2,9.714744151573475,0,0,1.8207664446135543,31,1,3
2021-03-03,2,18.82207025885691,0,0,0.7429060897717121,35,2,3
2021-03-04,2,8.933264706050577,1,0,0.1660424926420142,47,3,3
2021-03-05,2,18.071311934241244,1,0,-1.9537478267007344,47,4,3
2021-03-06,2,10.819609457402288,0,0,0.6193829498692504,46,5,3
2021-03-07,2,10.402125854740984,1,0,-1.103634449275494,47,6,3
2021-03-08,2,11.553882408108455,0,0,-0.8260775046411369,39,0,3
2021-03-09,2,11.20838761243768,1,0,0.7714998816403633,45,1,3
2021-03-10,2,15.931829765422105,0,0,-1.0390605874273593,41,2,3
2021-03-11,2,18.75372264479588,0,0,-0.968890614074204,41,3,3
2021-03-12,2,16.003651628624603,0,0,-0.3299176461864778,43,4,3
2021-03-13,2,18.902168185487614,0,0,0.4350818642115591,34,5,3
2021-03-14,2,5.910832861612816,0,0,1.3498246997682164,39,6,3
2021-03-15,2,12.7535505620235,0,0,0.8792528193880954,42,0,3
2021-03-16,2,6.665175512650796,0,0,0.9782085539600114,47,1,3
2021-03-17,2,17.605785481600257,0,0,0.3392384209814231,47,2,3
2021-03-18,2,6.226056672999976,0,0,1.3831349578601695,51,3,3
2021-03-19,2,6.684170488993168,0,0,1.5040887375641352,50,4,3
2021-03-20,2,14.658718916623725,0,1,-0.975169548032535,53,5,3
2021-03-21,2,6.988117801944938,1,0,1.2737482041653825,59,6,3
2021-03-22,2,6.191893108117005,1,0,2.0896370404683924,51,0,3
2021-03-23,2,18.060903368811744,0,0,-0.4560859602435467,46,1,3
2021-03-24,2,9.07157116625708,1,0,-1.6763180613265736,40,2,3
2021-03-25,2,14.881626520637065,0,0,-1.227170801990583,48,3,3
2021-03-26,2,18.03156834600876,1,0,-0.931762861575803,44,4,3
2021-03-27,2,10.691015051166152,0,0,1.642692436636651,46,5,3
2021-03-28,2,19.37046366362796,0,0,0.9321874074953052,41,6,3
2021-03-29,2,5.006756143278815,1,0,0.3368952228568249,44,0,3
2021-03-30,2,5.477216354594153,0,0,0.2543539445482637,48,1,3
2021-03-31,2,8.183768813428415,0,0,-0.1269816100454582,44,2,3
2021-04-01,2,11.88351383340517,0,0,0.1108364216257637,49,3,4
2021-04-02,2,12.96991708741561,0,0,0.4261514348681136,43,4,4
2021-04-03,2,9.826605765293364,0,0,-1.9213168676892776,40,5,4
2021-04-04,2,17.87618083420694,0,0,-0.1883503090256948,38,6,4
2021-04-05,2,15.457928346924117,0,0,0.0817243284234028,36,0,4
2021-04-06,2,11.21304871956189,0,0,0.7244533041529748,50,1,4
2021-04-07,2,12.641892419820666,0,0,-0.0549225316740183,49,2,4
2021-04-08,2,13.063004675431438,1,0,0.78833342313549,46,3,4
2021-04-09,2,18.391200040312604,0,0,-1.0383443191242068,46,4,4
2021-04-10,2,6.535947100855128,0,0,-1.819227449968175,37,5,4
2021-04-11,2,15.696700517716462,1,0,-1.431281676927249,46,6,4
2021-04-12,2,14.38690314743289,0,0,-1.204674369394838,39,0,4
2021-04-13,2,10.211596638492104,0,0,-0.8402425214545756,38,1,4
2021-04-14,2,9.943231048104373,1,0,-1.8648798940240396,55,2,4
2021-04-15,2,12.794281773359614,0,0,-1.0105206447499155,50,3,4
2021-04-16,2,6.446948025348085,0,0,-0.1013606527525343,46,4,4
2021-04-17,2,11.843610214658266,0,0,0.6142881225526665,38,5,4
2021-04-18,2,12.30355068360014,0,0,1.0875965136026473,53,6,4
2021-04-19,2,9.281653232521318,0,0,0.0933971272078609,51,0,4
2021-04-20,2,19.89360104432167,0,0,1.4250369462455088,42,1,4
2021-04-21,2,19.655933582261053,1,0,-0.1744097874571198,45,2,4
2021-04-22,2,6.836464994584414,0,1,0.3281676410791073,58,3,4
2021-04-23,2,12.063661249960996,0,0,-1.3695427750271931,45,4,4
2021-04-24,2,19.042944527972157,1,0,0.3889911617864329,44,5,4
2021-04-25,2,10.717044177363176,0,0,-0.8278157860032979,43,6,4
2021-04-26,2,17.261461192663624,0,0,0.4227761162698071,44,0,4
2021-04-27,2,16.26879645788867,0,0,1.6836181725772663,38,1,4
2021-04-28,2,14.830844418843288,0,0,-0.1586528013633565,36,2,4
2021-04-29,2,13.799146889817845,0,0,0.6867782777033374,37,3,4
2021-04-30,2,9.94014671668528,0,0,1.0744210348121253,49,4,4
2021-05-01,2,18.83402848821899,0,0,0.8361162405360597,27,5,5
2021-05-02,2,7.306626083163952,0,0,-0.808505143810996,45,6,5
2021-05-03,2,12.0784183650058,0,0,-0.894866192015528,40,0,5
2021-05-04,2,18.203447765674028,0,0,0.3595417574464164,34,1,5
2021-05-05,2,16.55955490747248,0,0,0.9557482466497288,46,2,5
2021-05-06,2,11.637429585712804,0,0,-0.7934284768375947,47,3,5
2021-05-07,2,6.061512344947095,0,0,-1.870770248700552,41,4,5
2021-05-08,2,19.742959411848997,0,0,0.2953283535248839,40,5,5
2021-05-09,2,9.551567266384824,0,0,1.2494760303168575,47,6,5
2021-05-10,2,17.10370147477365,0,0,0.9071448060810186,33,0,5
2021-05-11,2,12.240567269877795,0,0,-0.1282736216435717,41,1,5
2021-05-12,2,6.711305236601287,0,1,0.6172801119551075,52,2,5
2021-05-13,2,16.245725076821753,0,0,-1.3960853645065032,48,3,5
2021-05-14,2,15.852764576338284,0,0,-0.3152993762873951,42,4,5
2021-05-15,2,11.735071302027627,1,0,-0.0315655209555748,49,5,5
2021-05-16,2,5.296741753169624,1,0,-0.8557874314485208,56,6,5
2021-05-17,2,17.86552513129865,0,0,0.1571756889352616,34,0,5
2021-05-18,2,11.462770272198842,0,0,-1.7294833450484808,42,1,5
2021-05-19,2,9.348086649520036,0,0,0.0753561705578821,45,2,5
2021-05-20,2,18.87414598871853,0,0,-0.5074487300876795,40,3,5
2021-05-21,2,11.830368199652506,0,0,-0.3904794803305708,45,4,5
2021-05-22,2,12.226970995308465,1,0,0.1569520316600126,41,5,5
2021-05-23,2,13.06765536430031,1,0,1.071742303226383,44,6,5
2021-05-24,2,11.797659553764491,0,0,0.2813713260145073,42,0,5
2021-05-25,2,18.823172971541855,1,0,0.2196824883521765,43,1,5
2021-05-26,2,13.320165893374472,0,0,1.3670125334309566,34,2,5
2021-05-27,2,15.593836714406308,0,0,-0.7397077627801625,45,3,5
2021-05-28,2,13.461998039601472,0,0,0.6605606452557095,40,4,5
2021-05-29,2,12.214594216668353,0,0,-1.7676648204007115,41,5,5
2021-05-30,2,8.699978877049364,0,0,-0.3258343856465285,45,6,5
2021-05-31,2,9.010850516992988,0,0,-0.7405342264118581,45,0,5
2021-06-01,2,13.85216053066222,0,0,0.4979533739454466,39,1,6
2021-06-02,2,15.07034332345776,0,0,-1.2843766779332575,37,2,6
2021-06-03,2,6.7900018775308055,0,0,0.4366885846295187,41,3,6
2021-06-04,2,17.263475638336637,0,0,-0.8471985842696125,46,4,6
2021-06-05,2,7.776313197702409,1,0,-0.1038433538872308,44,5,6
2021-06-06,2,14.945381886458206,0,0,0.6459204797091179,48,6,6
2021-06-07,2,9.057831944451936,0,0,1.5218023893286097,57,0,6
2021-06-08,2,15.611740743478766,0,0,-1.3584190381057344,38,1,6
2021-06-09,2,10.892884995891498,0,0,0.7556119198189578,46,2,6
2021-06-10,2,9.70754465938542,0,0,-0.5872846798833868,47,3,6
2021-06-11,2,15.200214304791183,0,0,-0.88432473462014,43,4,6
2021-06-12,2,13.645770318125257,1,0,-0.5561197068306926,52,5,6
2021-06-13,2,6.553394279388739,0,0,1.9460030401161372,41,6,6
2021-06-14,2,11.058166044901204,1,0,0.8507758042737659,51,0,6
2021-06-15,2,13.175913657674505,0,0,0.9694531499310014,42,1,6
2021-06-16,2,16.670768637102626,0,0,-0.6447423047537523,39,2,6
2021-06-17,2,15.69674234484584,0,0,1.2784414402957032,36,3,6
2021-06-18,2,7.169340475510023,0,0,-1.237657838319206,46,4,6
2021-06-19,2,15.20533041136796,0,0,1.2001380306664906,41,5,6
2021-06-20,2,5.018021967871931,0,0,1.5230662480199215,48,6,6
2021-06-21,2,18.234387109810708,0,0,0.2241428272813108,45,0,6
2021-06-22,2,7.971411033086153,1,0,-0.8858407237975345,46,1,6
2021-06-23,2,13.586814008960705,0,0,0.6388086427534825,42,2,6
2021-06-24,2,8.796863757066122,0,0,1.6472292692842725,45,3,6
2021-06-25,2,11.848606210771244,0,0,0.0577300136836554,38,4,6
2021-06-26,2,12.859220504335251,0,1,-0.4078339810696578,51,5,6
2021-06-27,2,5.745719408019376,0,0,0.5136633790887962,59,6,6
2021-06-28,2,18.04202456043416,0,0,0.98511681998946,49,0,6
2021-06-29,2,18.895435181782094,0,0,-1.4429189408881224,37,1,6
2021-06-30,2,11.115786664727583,1,0,1.4513609516623711,45,2,6
2021-07-01,2,15.621467536700836,0,0,0.0312635763263129,37,3,7
2021-07-02,2,10.592951606132278,0,1,0.3239003224111233,48,4,7
2021-07-03,2,15.946261929940386,1,0,-0.0250244115555343,42,5,7
2021-07-04,2,13.743168015810491,0,0,0.4751776996452279,32,6,7
2021-07-05,2,11.35722698176609,0,0,-1.1883342350093244,44,0,7
2021-07-06,2,7.506619043214147,1,0,1.389791544462068,50,1,7
2021-07-07,2,8.40377076290061,0,1,0.7042560250895401,52,2,7
2021-07-08,2,7.514272053753248,0,0,-1.6747740963744209,40,3,7
2021-07-09,2,18.83940777914261,0,0,-1.1480808451842308,47,4,7
2021-07-10,2,13.008922976705176,0,0,0.7654643031223853,50,5,7
2021-07-11,2,16.69958857930871,0,0,-0.2834047089033095,41,6,7
2021-07-12,2,16.047339787487086,1,0,-0.3104815506186748,46,0,7
2021-07-13,2,14.79764617307215,0,0,-0.1105005125547547,37,1,7
2021-07-14,2,8.65765788653193,0,0,2.1944090645905354,42,2,7
2021-07-15,2,12.875527108735492,0,0,0.926315654825458,50,3,7
2021-07-16,2,8.475550149783963,0,0,-0.4451179884595334,40,4,7
2021-07-17,2,8.936783483462225,0,0,0.1295373716014747,49,5,7
2021-07-18,2,7.659291412117906,0,0,-0.6413486786649611,43,6,7
2021-07-19,2,5.73670479669875,0,0,2.5133167743768974,54,0,7
2021-07-20,2,6.507745984390917,0,0,0.8269854639352446,45,1,7
2021-07-21,2,5.420962045198118,1,0,-1.4024366292790218,48,2,7
2021-07-22,2,19.87922480331417,0,0,-0.3040138013333361,39,3,7
2021-07-23,2,10.788449300981222,0,0,-1.242389956228528,30,4,7
2021-07-24,2,6.7192527195607,1,0,-1.5856999905409983,55,5,7
2021-07-25,2,9.745726697056009,0,1,1.429269609618158,50,6,7
2021-07-26,2,12.249581707939925,0,0,0.6087299401545283,42,0,7
2021-07-27,2,14.625066527781714,0,0,1.1169789310230078,50,1,7
2021-07-28,2,5.973022194888217,0,0,0.6125049683966122,50,2,7
2021-07-29,2,15.531532770971763,0,0,-0.978458012498974,52,3,7
2021-07-30,2,11.10211704527324,0,0,0.4448880042280818,42,4,7
2021-07-31,2,17.061406639376266,1,0,-1.036976716888576,45,5,7
2021-08-01,2,13.36542770325127,0,0,-1.1648306522502136,36,6,8
2021-08-02,2,12.604359295059387,1,0,0.6191973397380339,43,0,8
2021-08-03,2,5.392071922865888,0,1,-1.0864765813051571,47,1,8
2021-08-04,2,18.095337262277447,0,0,1.247175147813999,40,2,8
2021-08-05,2,12.056644962596,0,0,0.1674716839839457,40,3,8
2021-08-06,2,17.11198310741164,0,0,-1.0248944821187262,41,4,8
2021-08-07,2,10.11326717937276,0,0,-0.3674442713887392,37,5,8
2021-08-08,2,7.5281494704264595,0,0,-0.4705409732373847,55,6,8
2021-08-09,2,9.024015529642911,0,0,0.4561830401904471,41,0,8
2021-08-10,2,12.289305066888218,0,0,-0.6836501598566774,41,1,8
2021-08-11,2,10.536229005112643,0,0,-0.9068293585504856,42,2,8
2021-08-12,2,5.615416481008163,0,0,0.3434175845757114,40,3,8
2021-08-13,2,16.47723739549313,1,0,-0.5141543124219895,36,4,8
2021-08-14,2,16.691234088662,0,0,-0.4399530364456721,41,5,8
2021-08-15,2,5.497211301850414,0,1,1.007168340275442,54,6,8
2021-08-16,2,12.450809193433937,0,0,0.1573147433955847,47,0,8
2021-08-17,2,8.541912649585615,0,0,-0.4177650024681997,49,1,8
2021-08-18,2,11.70064663186986,0,0,-0.2227439781979551,41,2,8
2021-08-19,2,9.32035738837678,0,0,0.601102555128655,44,3,8
2021-08-20,2,16.14746780001986,0,0,-0.4796764699452915,40,4,8
2021-08-21,2,13.976778447965938,1,0,-0.1559694918833838,51,5,8
2021-08-22,2,17.66821958135602,0,0,-0.3700991512678562,28,6,8
2021-08-23,2,6.607971689761214,0,0,-1.667370571882414,46,0,8
2021-08-24,2,9.090880886613643,0,0,-0.7940044405161364,46,1,8
2021-08-25,2,5.714663853493188,1,0,-0.516712362294264,45,2,8
2021-08-26,2,14.405245196342934,0,0,1.0339316450456202,41,3,8
2021-08-27,2,15.943576834992008,0,0,1.1617314171590094,44,4,8
2021-08-28,2,16.71782770627453,1,0,1.2881335432491663,44,5,8
2021-08-29,2,8.203737654742934,1,0,1.7701887168388706,57,6,8
2021-08-30,2,16.345229093302308,1,0,-0.2706923906451632,48,0,8
2021-08-31,2,15.01468969613215,0,0,1.2506356446347866,41,1,8
2021-09-01,2,12.045144877897592,0,0,-0.4530353717769597,36,2,9
2021-09-02,2,8.259520924060578,1,0,-0.7990648928655161,45,3,9
2021-09-03,2,17.64040006780073,1,0,-0.2970455458347293,46,4,9
2021-09-04,2,18.35660595567648,0,0,-0.7812250612675237,45,5,9
2021-09-05,2,14.596299786837536,0,0,0.0342931874888034,39,6,9
2021-09-06,2,18.4665355097286,0,0,0.2836416159823561,42,0,9
2021-09-07,2,13.905617523690957,0,0,0.1052681126975257,41,1,9
2021-09-08,2,15.103437979720866,1,0,0.8844346968936414,45,2,9
2021-09-09,2,13.175322111937414,0,0,1.314780347546438,43,3,9
2021-09-10,2,8.391709857799079,0,0,-0.416814213837487,46,4,9
2021-09-11,2,5.172361878231623,0,0,-0.9949407554579286,46,5,9
2021-09-12,2,16.295749899850847,0,0,-0.0728519925559984,36,6,9
2021-09-13,2,16.694138160089047,0,0,-0.7670048193963103,36,0,9
2021-09-14,2,18.40086472425538,0,0,0.241329758585705,41,1,9
2021-09-15,2,10.10853210576871,0,0,-1.0469335363850758,48,2,9
2021-09-16,2,14.13291375353471,0,0,-1.358246909111075,42,3,9
2021-09-17,2,17.16204723242788,0,0,0.2808731193326813,38,4,9
2021-09-18,2,17.096220346482134,0,0,-2.379135266573253,36,5,9
2021-09-19,2,17.935628997086233,0,0,0.505549991189126,44,6,9
2021-09-20,2,17.50714282119929,0,0,1.0281337019363748,43,0,9
2021-09-21,2,10.551202580531209,0,0,-0.963260768753706,41,1,9
2021-09-22,2,10.400556465352976,0,0,0.7975173994137855,50,2,9
2021-09-23,2,7.469125688832315,0,0,-0.4624794418276632,52,3,9
2021-09-24,2,7.937337112172667,0,0,0.8833834832749412,46,4,9
2021-09-25,2,6.608719180754717,0,0,0.8407994923474922,40,5,9
2021-09-26,2,5.163941801269677,1,0,-0.172401057442766,58,6,9
2021-09-27,2,12.383845123608356,0,0,-0.6210709493459948,50,0,9
2021-09-28,2,14.068198724782413,0,0,-1.0105344366970288,47,1,9
2021-09-29,2,8.176642133179463,0,0,-1.6692750923247766,54,2,9
2021-09-30,2,12.29546995986082,1,0,-0.911420313658772,46,3,9
2021-10-01,2,13.66050224395788,1,0,-0.3870212400719257,46,4,10
2021-10-02,2,7.69751891120147,0,0,0.7332557844683704,44,5,10
2021-10-03,2,5.255852840553613,0,0,-0.372963824871948,51,6,10
2021-10-04,2,10.551728616650497,0,0,-1.5592948010378864,45,0,10
2021-10-05,2,15.858492679176749,0,0,-0.4304146281177385,46,1,10
2021-10-06,2,19.64483614665031,0,0,0.7408032470026187,42,2,10
2021-10-07,2,7.685756051301877,0,0,0.1613148141047117,49,3,10
2021-10-08,2,5.844146469934656,1,0,0.7209796553733079,42,4,10
2021-10-09,2,8.811684990363673,0,0,0.490622004231722,39,5,10
2021-10-10,2,11.253755168072331,0,0,-1.423953237125461,46,6,10
2021-10-11,2,15.786904865502413,0,0,0.753898788675758,44,0,10
2021-10-12,2,13.277163460018524,1,0,-1.9074942978648848,44,1,10
2021-10-13,2,10.970738276217666,0,0,1.710839703747479,44,2,10
2021-10-14,2,13.898364279725188,0,0,-1.6782526591769824,50,3,10
2021-10-15,2,13.197601951115162,0,0,0.2462618579150426,40,4,10
2021-10-16,2,17.46939882033934,0,0,0.7027422522158949,43,5,10
2021-10-17,2,18.69843157203598,0,0,-0.2834861814680214,37,6,10
2021-10-18,2,13.048803930286264,1,0,-0.730593264062573,42,0,10
2021-10-19,2,9.85470286097236,1,0,-0.6916680267386491,55,1,10
2021-10-20,2,19.18570141697928,0,0,0.2175765848990913,45,2,10
2021-10-21,2,7.880244328636539,1,0,-0.4698696576134036,50,3,10
2021-10-22,2,6.994720653856215,0,0,0.4027101734504532,40,4,10
2021-10-23,2,14.570216989261493,1,0,0.5650469697543089,47,5,10
2021-10-24,2,18.348319150090703,0,0,-0.5271917458095011,38,6,10
2021-10-25,2,14.406126928767296,0,0,-0.0292677815399766,35,0,10
2021-10-26,2,14.08550044917988,0,0,-0.0779102936365159,40,1,10
2021-10-27,2,12.327534996561369,0,0,0.0556150559052248,46,2,10
2021-10-28,2,16.949900873602996,0,0,-0.0411356659714042,31,3,10
2021-10-29,2,17.500209425629073,0,0,0.4836900394534982,42,4,10
2021-10-30,2,12.78058011830663,0,0,1.9760272562435377,40,5,10
2021-10-31,2,18.02669573206945,1,0,1.1373274737765773,42,6,10
2021-11-01,2,17.744183184958175,0,0,0.1746674131034993,36,0,11
2021-11-02,2,15.126139347813,1,1,-0.3247370866483536,54,1,11
2021-11-03,2,12.0216556768575,0,0,1.351489171706765,42,2,11
2021-11-04,2,19.6050598335469,0,0,-0.7928100049335455,34,3,11
2021-11-05,2,19.70884535450569,0,0,0.9110706484811322,41,4,11
2021-11-06,2,5.900929808747269,0,0,-1.9255571495601405,54,5,11
2021-11-07,2,10.44408596819335,0,0,-0.3392952169058666,46,6,11
2021-11-08,2,14.895831764758338,0,0,1.20572229582101,36,0,11
2021-11-09,2,14.588999846477348,0,0,1.552013841631691,49,1,11
2021-11-10,2,6.99760770199173,1,1,0.2128006024875366,58,2,11
2021-11-11,2,7.237737340585109,0,0,0.2711664021954172,46,3,11
2021-11-12,2,12.335339521585244,0,0,1.5733448374902477,42,4,11
2021-11-13,2,13.42555015068719,0,0,0.5296975884107583,47,5,11
2021-11-14,2,10.923187514136824,0,1,0.1008752816641155,50,6,11
2021-11-15,2,15.44796673083971,0,0,-0.005375941955636,38,0,11
2021-11-16,2,19.899822146739524,0,0,0.2428195510134581,36,1,11
2021-11-17,2,9.443371794406874,0,0,-0.9943571025203626,53,2,11
2021-11-18,2,16.621251333225583,1,0,-1.0108564621171066,46,3,11
2021-11-19,2,13.763098188085646,0,0,-0.1390829638352133,45,4,11
2021-11-20,2,13.380833848054696,1,0,-0.9616263270247912,44,5,11
2021-11-21,2,19.363751081777103,0,0,-0.7452423042151358,43,6,11
2021-11-22,2,12.137096933957531,1,0,-0.948165078025191,42,0,11
2021-11-23,2,14.468263120258658,0,1,0.7294321387516473,56,1,11
2021-11-24,2,5.9183672545232415,0,0,-0.3808614011016936,53,2,11
2021-11-25,2,11.527758347168527,0,0,-2.479580532781714,41,3,11
2021-11-26,2,14.639513806375554,0,0,-0.8263543400396626,40,4,11
2021-11-27,2,13.94062194453033,0,0,-0.9890400540751187,49,5,11
2021-11-28,2,19.40297514175388,0,0,0.3907628937293171,37,6,11
2021-11-29,2,18.292446545763674,0,0,-0.7485890434323483,43,0,11
2021-11-30,2,17.33427007369013,0,0,0.4504509505461838,41,1,11
2021-12-01,2,8.242532183760723,0,0,0.3464444134295935,56,2,12
2021-12-02,2,10.76450630759216,0,0,-0.9443187789888806,50,3,12
2021-12-03,2,10.687477791351284,1,0,-0.090763107362292,54,4,12
2021-12-04,2,16.821777243050406,0,0,-0.7339356185814835,42,5,12
2021-12-05,2,5.099707595785188,0,0,-0.2456206511067131,48,6,12
2021-12-06,2,7.27298779458183,0,0,-1.3200521197585715,44,0,12
2021-12-07,2,12.957652210786378,0,0,-0.0527866414345498,49,1,12
2021-12-08,2,19.00987619872349,1,0,-0.5753755870630634,37,2,12
2021-12-09,2,19.11397690954167,0,0,-1.3197591045441976,34,3,12
2021-12-10,2,12.271542522537676,0,0,-1.265482541564949,40,4,12
2021-12-11,2,11.643757332031644,0,0,1.857328521543728,34,5,12
2021-12-12,2,16.3531958824445,1,0,-2.2697099274237256,48,6,12
2021-12-13,2,10.354751603504145,0,0,-1.756422428950773,49,0,12
2021-12-14,2,14.499182717948356,0,0,-0.9472456119444376,36,1,12
