sales_data.csv
date,product_id,price,promotion,holiday,weather_index,units_sold,day_of_week,month
2021-12-15,2,8.115320402452571,0,0,-0.0634189103716068,51,2,12
2021-12-16,2,6.753076080190791,1,0,0.6241024788005262,51,3,12
2021-12-17,2,19.695192221571432,0,0,-1.3782049217644647,40,4,12
2021-12-18,2,5.300454633398752,0,0,0.2742909375375048,48,5,12
2021-12-19,2,7.946918671353671,1,0,-0.9595568816759124,53,6,12
2021-12-20,2,19.38945294344942,0,0,-0.0371786545319675,39,0,12
2021-12-21,2,19.408773318663997,0,0,-0.7885237830400714,40,1,12
2021-12-22,2,12.818337277883993,0,0,1.2831792927958474,50,2,12
2021-12-23,2,14.78861151217322,0,0,-0.8595023044662594,47,3,12
2021-12-24,2,9.905290891732148,0,1,-1.4644231518418116,47,4,12
2021-12-25,2,10.6093156051,0,0,-1.0378006585300918,45,5,12
2021-12-26,2,5.416367337508061,0,0,0.646391916403853,44,6,12
2021-12-27,2,17.48640485545281,0,0,0.1576945372451871,39,0,12
2021-12-28,2,8.648240690616378,0,0,0.3201840735797571,41,1,12
2021-12-29,2,17.122204648835407,0,0,1.3770858472595031,45,2,12
2021-12-30,2,18.20417065260597,0,0,1.607750453966399,42,3,12
2021-12-31,2,13.710454376785767,0,0,-1.4025757285786975,48,4,12
2022-01-01,2,10.691111788475231,0,0,-0.3702017121373457,49,5,1
2022-01-02,2,11.911926280068007,1,0,-0.8242582797085767,43,6,1
2022-01-03,2,18.00925574076029,0,0,-1.775743057636091,43,0,1
2022-01-04,2,8.32698621080436,0,0,1.6547552530517664,41,1,1
2022-01-05,2,18.15202662999212,0,0,0.949043067768668,38,2,1
2022-01-06,2,13.749067302415352,1,1,0.5449145921242765,46,3,1
2022-01-07,2,10.620627591417817,0,0,-1.7197432620596216,44,4,1
2022-01-08,2,8.985639524177214,1,0,1.7122688544005804,54,5,1
2022-01-09,2,14.925343413851646,0,0,-1.6876220093592842,47,6,1
2022-01-10,2,11.917500757998017,0,0,-0.300071049104409,43,0,1
2022-01-11,2,15.163228156311424,0,0,-0.060776292915427,43,1,1
2022-01-12,2,19.84995610365769,0,0,-0.1849233163726863,40,2,1
2022-01-13,2,12.58773921732848,0,0,0.975333342366822,45,3,1
2022-01-14,2,15.435447665800938,0,0,0.4649251409237893,40,4,1
2022-01-15,2,7.704774636558964,0,0,1.2598753883451033,49,5,1
2022-01-16,2,6.562496370082471,0,0,2.106237317713812,35,6,1
2022-01-17,2,8.12397229473395,0,0,-0.610894849567538,43,0,1
2022-01-18,2,9.20075205544844,0,0,1.532564888257168,47,1,1
2022-01-19,2,8.182708063877694,0,0,1.398950903075033,46,2,1
2022-01-20,2,16.942772912633213,0,0,-0.0226086287080687,50,3,1
2022-01-21,2,5.841188443455691,0,0,-0.5947894709316969,49,4,1
2022-01-22,2,13.987528616277917,0,1,0.3097694698820312,53,5,1
2022-01-23,2,5.950684343766516,0,0,0.815971542384829,40,6,1
2022-01-24,2,17.783031745687058,1,0,0.8553480988869471,48,0,1
2022-01-25,2,6.89718233882508,1,0,-0.0344741134367687,50,1,1
2022-01-26,2,16.43485446580208,0,1,-1.1075530162515512,46,2,1
2022-01-27,2,11.22055169988,1,0,-1.070084176798395,49,3,1
2022-01-28,2,5.045660772397305,0,0,0.4596639391994396,43,4,1
2022-01-29,2,8.556766271739281,0,0,-0.9018095383788226,51,5,1
2022-01-30,2,5.180979649050208,0,0,0.2328947869655047,49,6,1
2022-01-31,2,15.784644079294331,0,0,0.4939874948234322,36,0,1
2022-02-01,2,18.965156844457653,0,0,-1.3477122213401107,40,1,2
2022-02-02,2,5.092152872040295,0,0,1.4099630473074305,50,2,2
2022-02-03,2,17.303348441370822,0,0,-0.0169747481079912,38,3,2
2022-02-04,2,6.511279537610971,0,1,-0.0354555902017229,49,4,2
2022-02-05,2,12.497717447749071,0,0,-0.9641794158142176,44,5,2
2022-02-06,2,5.214737465675307,1,0,-0.51561054773407,47,6,2
2022-02-07,2,14.755142587206246,0,0,-0.4913454569522517,35,0,2
2022-02-08,2,5.375653972129172,0,0,0.6526514170370977,46,1,2
2022-02-09,2,16.258836126241775,0,0,-0.5994868445531376,34,2,2
2022-02-10,2,18.90725459196708,0,0,-2.282416519737797,40,3,2
2022-02-11,2,17.76887737492266,0,0,0.8323848962533965,49,4,2
2022-02-12,2,11.506999194560915,1,0,-1.0946011253650654,53,5,2
2022-02-13,2,10.958927391103195,0,0,-1.2737280351321585,38,6,2
2022-02-14,2,8.744828146212857,0,0,-0.5571674919586935,40,0,2
2022-02-15,2,15.49432308950698,1,0,0.4996755361972846,40,1,2
2022-02-16,2,6.06809780141982,0,1,-0.3073637284805309,55,2,2
2022-02-17,2,12.570188543076402,0,0,-0.3998289278387197,50,3,2
2022-02-18,2,7.202877098382241,1,0,0.3642744584651572,58,4,2
2022-02-19,2,6.273824376919785,0,0,0.0934786992237012,46,5,2
2022-02-20,2,8.51138062801685,0,0,-1.390972637050685,46,6,2
2022-02-21,2,18.50619130165994,1,0,0.5463992919972775,50,0,2
2022-02-22,2,9.875513389084135,0,0,-0.41854413732004,42,1,2
2022-02-23,2,18.21268902319803,1,0,1.474707701976372,39,2,2
2022-02-24,2,7.990889859086514,0,0,1.0080398900936882,44,3,2
2022-02-25,2,17.974671300915645,0,0,-0.5897639632358368,41,4,2
2022-02-26,2,11.502168994621634,1,0,-0.3735537574174374,40,5,2
2022-02-27,2,6.580952799782047,0,0,-0.4117345706632214,37,6,2
2022-02-28,2,19.910874419675498,0,0,1.163517145496555,40,0,2
2022-03-01,2,9.852052950772944,0,0,-1.1267935343126616,42,1,3
2022-03-02,2,9.892418687594468,0,0,-1.0354864801206165,48,2,3
2022-03-03,2,18.870044749273028,0,1,-0.6539218773917845,41,3,3
2022-03-04,2,13.705777960893087,1,0,-1.7077041190961613,40,4,3
2022-03-05,2,19.1722358059416,0,0,-0.7781412012125948,47,5,3
2022-03-06,2,6.291612653510391,0,0,1.5243570201003191,46,6,3
2022-03-07,2,16.176713751065385,0,0,0.5420230169007412,38,0,3
2022-03-08,2,13.073569037886028,0,0,0.5676840224205039,44,1,3
2022-03-09,2,12.925226368739184,0,0,-0.1927013306752313,42,2,3
2022-03-10,2,7.20136476423732,0,0,-1.1643003624996948,43,3,3
2022-03-11,2,15.522334000624316,0,0,-0.5557505967394585,46,4,3
2022-03-12,2,15.40101264097903,1,0,-1.1370377878101767,43,5,3
2022-03-13,2,7.922115979154335,0,0,0.2396168766116371,44,6,3
2022-03-14,2,6.483887118370211,0,0,0.634962151293128,39,0,3
2022-03-15,2,8.064528759262439,0,0,-2.0442108468346967,45,1,3
2022-03-16,2,16.22248808695423,1,0,-0.8384483049616853,43,2,3
2022-03-17,2,12.52806203451352,1,0,-0.2513202508001053,46,3,3
2022-03-18,2,8.339980587841946,0,0,0.0238285894071511,40,4,3
2022-03-19,2,19.13031546075072,1,0,-0.5512479630201108,42,5,3
2022-03-20,2,19.631125869150104,0,0,-1.9685582977589609,45,6,3
2022-03-21,2,9.85662699687421,0,0,0.7694154004118894,46,0,3
2022-03-22,2,14.43047777389962,1,0,-0.3829211701953325,37,1,3
2022-03-23,2,12.803378164615872,0,0,1.047725062455697,40,2,3
2022-03-24,2,10.486628309374549,0,0,-1.1565112854935182,48,3,3
2022-03-25,2,12.92357611331131,0,0,-0.067479793815971,45,4,3
2022-03-26,2,12.769526351820003,0,0,-0.2162403078435804,46,5,3
2022-03-27,2,19.48029939646283,0,0,-2.995390983214744,50,6,3
2022-03-28,2,6.610166197256694,1,0,1.7741964477574763,49,0,3
2022-03-29,2,12.45019109094908,1,0,0.5879220936242562,38,1,3
2022-03-30,2,12.968858432758235,0,0,0.9667482934657629,43,2,3
2022-03-31,2,19.63765271699711,1,0,-0.5836074256022173,40,3,3
2022-04-01,2,13.502141317034168,0,0,0.4916439229284241,44,4,4
2022-04-02,2,10.614950449947042,0,0,1.6886039271318003,33,5,4
2022-04-03,2,6.0164713445792914,0,0,0.9185890927174558,51,6,4
2022-04-04,2,13.784129471508452,1,0,-2.036919638701363,50,0,4
2022-04-05,2,17.39520731579435,1,0,-0.8143754904849858,36,1,4
2022-04-06,2,12.65075651194233,0,0,0.0525344194651455,43,2,4
2022-04-07,2,7.777473770801215,1,0,0.7410182199836357,40,3,4
2022-04-08,2,18.75226843113653,0,0,1.0963274234265534,44,4,4
2022-04-09,2,10.221642045816976,0,0,0.4733486178778616,38,5,4
2022-04-10,2,19.99135577913166,0,0,-1.182396588952588,49,6,4
2022-04-11,2,16.341058846339273,0,1,-0.7385052779606585,48,0,4
2022-04-12,2,10.475727845398453,0,1,-0.0628009493750335,52,1,4
2022-04-13,2,15.421697539074207,0,0,-0.6336121270507995,44,2,4
2022-04-14,2,17.35298520202184,0,0,0.297031396403063,49,3,4
2022-04-15,2,12.296429906435073,1,0,1.3860262479604242,54,4,4
2022-04-16,2,14.480312876931054,0,0,-0.7622175863882741,42,5,4
2022-04-17,2,19.21241630847729,0,0,0.4996479641909924,40,6,4
2022-04-18,2,15.62943111914694,0,0,-0.125092153528597,52,0,4
2022-04-19,2,15.991144489463888,0,0,1.6896838622834007,42,1,4
2022-04-20,2,10.963248431291191,0,0,-0.0675601421669141,47,2,4
2022-04-21,2,11.269094032143466,0,0,0.4283144515134748,35,3,4
2022-04-22,2,11.30492103148258,1,0,0.4734006924154882,43,4,4
2022-04-23,2,7.128353519934493,0,0,0.2573849644986603,47,5,4
2022-04-24,2,15.295790321985274,1,0,0.4440282499674752,39,6,4
2022-04-25,2,15.112995189503948,0,0,-1.000024620022371,42,0,4
2022-04-26,2,6.715308286674421,0,0,1.4120274561675696,39,1,4
2022-04-27,2,10.854080905592474,0,0,-0.6188814967476354,44,2,4
2022-04-28,2,18.28598697140138,0,0,0.0569838285319954,36,3,4
2022-04-29,2,15.079069771921162,0,0,-0.8711093694863691,51,4,4
2022-04-30,2,18.917033381170757,0,0,-0.57196173275507,44,5,4
2022-05-01,2,14.72124402769366,0,0,-0.7627087566065945,48,6,5
2022-05-02,2,12.380279357172627,0,0,-0.0787142158269742,53,0,5
2022-05-03,2,17.273251227677427,1,0,0.4003075031603965,38,1,5
2022-05-04,2,18.832499646208504,0,0,-0.4334412364385338,37,2,5
2022-05-05,2,11.389171179934094,1,0,0.2528184248351059,43,3,5
2022-05-06,2,10.715161921463022,0,0,0.1486507424827622,38,4,5
2022-05-07,2,15.502422083744026,0,0,1.0864484048711744,39,5,5
2022-05-08,2,12.347434407223025,0,0,1.3767995886849416,38,6,5
2022-05-09,2,10.1978277098239,0,1,1.5101073890418553,47,0,5
2022-05-10,2,18.591238901324687,0,1,-1.572986535271898,51,1,5
2022-05-11,2,5.132967835162585,1,0,0.4845541645945473,58,2,5
2022-05-12,2,18.50017876416028,1,0,-1.08548235972635,59,3,5
2022-05-13,2,8.743313573291998,0,0,0.8680930059690257,52,4,5
2022-05-14,2,16.005421657486366,0,0,-1.5074949858891205,39,5,5
2022-05-15,2,10.558427825825618,1,0,1.0249011795999103,50,6,5
2022-05-16,2,14.54851949517633,0,0,0.9008205629981024,46,0,5
2022-05-17,2,12.745840832225491,1,0,1.4286086595754712,55,1,5
2022-05-18,2,19.56886703993359,0,0,0.6524763844759675,38,2,5
2022-05-19,2,10.964501695210457,0,0,1.4945789897297983,44,3,5
2022-05-20,2,10.882126588061386,0,0,-0.9637077896212576,46,4,5
2022-05-21,2,10.452208392327677,0,1,0.4087355864212115,53,5,5
2022-05-22,2,12.554699337356729,0,0,0.026895672573038,46,6,5
2022-05-23,2,6.565082797508449,0,0,-1.243480376979242,43,0,5
2022-05-24,2,18.567867994239972,1,0,-0.6357231269643898,45,1,5
2022-05-25,2,6.107009730667866,0,0,0.041906548904487,52,2,5
2022-05-26,2,7.055564593231377,1,0,1.2650586283375391,51,3,5
2022-05-27,2,13.604457323865182,0,0,-0.7066215690533325,43,4,5
2022-05-28,2,14.24147391774098,0,0,-1.5548008917168024,41,5,5
2022-05-29,2,10.417941426782876,0,0,-0.7922973408643204,41,6,5
2022-05-30,2,8.067648112208584,0,0,1.7026289445320968,47,0,5
2022-05-31,2,10.465513437400976,0,0,0.0902944002853077,43,1,5
2022-06-01,2,5.945452894487357,0,0,0.1188061027180555,41,2,6
2022-06-02,2,12.091227660085131,0,0,0.5513314200210658,49,3,6
2022-06-03,2,14.124131220994386,1,0,-1.3615108378387224,38,4,6
2022-06-04,2,9.57630435785117,0,0,-0.7899882071060483,34,5,6
2022-06-05,2,13.015801003120735,0,0,0.5312035553468312,44,6,6
2022-06-06,2,6.986549233867657,0,0,0.4290226387783776,46,0,6
2022-06-07,2,6.782727292317121,0,0,0.6814479763409106,45,1,6
2022-06-08,2,10.461091415161256,0,0,0.039928732856692,38,2,6
2022-06-09,2,8.292537534025666,0,1,0.1945456507501171,54,3,6
2022-06-10,2,14.44548041115786,0,0,-0.4439121409993216,38,4,6
2022-06-11,2,5.293645680980933,0,0,-2.442823503342676,42,5,6
2022-06-12,2,12.730657615279569,0,0,1.3476498687809673,43,6,6
2022-06-13,2,16.49157040075575,0,0,0.12192127548498,44,0,6
2022-06-14,2,12.718152107441718,0,0,0.5973860990100021,45,1,6
2022-06-15,2,6.433912989622019,0,0,0.2448994237661551,41,2,6
2022-06-16,2,13.408548799224084,0,0,-1.123566824203667,43,3,6
2022-06-17,2,7.09571739635788,0,0,-1.040494800325538,43,4,6
2022-06-18,2,16.68652956744816,0,0,-1.3366759053711612,41,5,6
2022-06-19,2,19.63941841702933,0,0,-1.972770353138089,40,6,6
2022-06-20,2,13.242969407504823,0,0,0.8063820138525951,38,0,6
2022-06-21,2,7.501286498668104,1,0,0.2038732055593378,58,1,6
2022-06-22,2,19.57622950200172,0,0,-0.6941984191409382,41,2,6
2022-06-23,2,8.384538743463464,0,0,0.887708800262653,49,3,6
2022-06-24,2,16.441160775390394,0,0,-0.9797545721622908,44,4,6
2022-06-25,2,13.095186835073696,1,0,0.1805963821565565,46,5,6
2022-06-26,2,12.482775186255576,0,0,-0.8453964781543419,46,6,6
2022-06-27,2,13.70509077082016,0,1,2.0977227181506493,48,0,6
2022-06-28,2,10.832673504711552,0,0,0.6859957135326781,35,1,6
2022-06-29,2,13.792005858767205,1,0,-0.6413808699326508,45,2,6
2022-06-30,2,14.311514256000724,0,0,-1.102063413530312,45,3,6
2022-07-01,2,5.921341261689913,0,0,-0.6995045608196707,50,4,7
2022-07-02,2,19.426943019666744,0,0,0.0032469556356301,49,5,7
2022-07-03,2,18.73041924484297,0,0,-1.439750392390225,50,6,7
2022-07-04,2,14.878994564288485,1,0,-1.5025840400598265,40,0,7
2022-07-05,2,9.354084511140805,1,0,1.688714530392983,48,1,7
2022-07-06,2,11.507568112228002,1,0,-0.8546134566980783,49,2,7
2022-07-07,2,9.946728165342892,1,0,-0.7258133704973928,38,3,7
2022-07-08,2,6.777297453295571,0,0,0.731416012914886,42,4,7
2022-07-09,2,11.861226578406498,1,0,-0.7859012699192123,50,5,7
2022-07-10,2,14.77462982425106,1,0,-0.3071506255883295,46,6,7
2022-07-11,2,16.045506312798324,0,1,0.3041396737683072,41,0,7
2022-07-12,2,17.313042371820515,0,0,1.9532606042760152,35,1,7
2022-07-13,2,5.698600793980315,0,0,0.6326035947060824,49,2,7
2022-07-14,2,10.434523531228638,0,0,0.3757289279432323,46,3,7
2022-07-15,2,18.357795412708118,0,0,-1.1078187156411656,38,4,7
2022-07-16,2,6.99544055295485,0,0,1.1838297404421176,41,5,7
2022-07-17,2,5.954327029114495,0,0,-0.3361652658208409,51,6,7
2022-07-18,2,13.17100712406524,1,0,-0.5295469821898263,52,0,7
2022-07-19,2,17.545652329538356,0,0,-0.4736387052965351,39,1,7
2022-07-20,2,18.43678558322329,0,0,0.7319469566687749,32,2,7
2022-07-21,2,19.226828996836133,1,0,0.9232044516634336,42,3,7
2022-07-22,2,9.026579628175767,0,0,-0.0082655030040892,41,4,7
2022-07-23,2,11.935518992346736,0,0,-1.642223567853413,47,5,7
2022-07-24,2,17.67431770579995,1,0,-0.9451091883975964,36,6,7
2022-07-25,2,11.72693398205748,0,0,0.103165046247539,45,0,7
2022-07-26,2,10.740163884135796,0,0,0.7792244633661073,45,1,7
2022-07-27,2,10.962795666763745,0,0,2.5662595303455538,37,2,7
2022-07-28,2,7.723796041617195,0,0,-0.0960833826313998,49,3,7
2022-07-29,2,7.777554205024255,0,0,1.7465039666076194,45,4,7
2022-07-30,2,8.673413625432062,0,0,-0.1758531005076484,45,5,7
2022-07-31,2,8.529246376498566,0,0,0.5318244332473889,44,6,7
2022-08-01,2,9.028482353617385,0,0,0.0288443453900324,45,0,8
2022-08-02,2,8.661400211250122,0,0,1.3529223774431378,44,1,8
2022-08-03,2,14.856895501737814,0,0,1.3107226298716284,46,2,8
2022-08-04,2,7.395324116037157,0,0,-0.5721607968296744,52,3,8
2022-08-05,2,17.203181364100423,0,0,0.5205368763438672,37,4,8
2022-08-06,2,5.913795414174411,0,0,2.9109087554417514,49,5,8
2022-08-07,2,15.802048072660828,0,0,-0.7340778659210244,40,6,8
2022-08-08,2,9.321021298542403,1,0,-0.8218431227974912,47,0,8
2022-08-09,2,19.52385460342935,0,0,0.528441014149045,41,1,8
2022-08-10,2,15.609020362309828,0,0,1.3621461233868015,36,2,8
2022-08-11,2,15.250704418354518,0,0,1.580862385690617,41,3,8
2022-08-12,2,11.845881954721396,1,0,-0.1914769543800448,56,4,8
2022-08-13,2,8.542646236025046,0,0,-1.5490956041230264,48,5,8
2022-08-14,2,19.3132254488237,0,0,-0.9779314239499804,51,6,8
2022-08-15,2,14.705951734865362,0,0,-0.943362013251846,45,0,8
2022-08-16,2,18.974424561867654,1,0,-0.0515983799635086,46,1,8
2022-08-17,2,10.545842073483207,0,0,-0.1331499613105151,51,2,8
2022-08-18,2,7.950631232861864,0,0,2.5242266908191264,49,3,8
2022-08-19,2,15.761280408147408,0,0,-1.271623599068981,39,4,8
2022-08-20,2,13.738088897376418,0,0,-0.9472992783245876,44,5,8
2022-08-21,2,18.015549335203925,1,1,-0.8449952513198614,55,6,8
2022-08-22,2,10.246196662812936,1,0,-0.5382693573300176,49,0,8
2022-08-23,2,10.990769035444924,0,0,-1.16249694796814,41,1,8
2022-08-24,2,17.488265502405525,0,0,1.4277113328423832,43,2,8
2022-08-25,2,14.951573186807217,0,0,-2.026655766305225,38,3,8
2022-08-26,2,17.16603977400532,0,0,0.026966845717525,49,4,8
2022-08-27,2,19.22475354244676,0,0,0.0773010284879108,41,5,8
2022-08-28,2,18.67821369337305,0,0,-0.1659429645493798,43,6,8
2022-08-29,2,9.031105684329988,1,0,-0.8209027520569379,50,0,8
2022-08-30,2,16.79037934037533,0,0,-0.2741449301706728,42,1,8
2022-08-31,2,16.293967538653312,1,0,-0.3132867265813395,45,2,8
2022-09-01,2,16.310194231890982,0,0,0.5233490907805237,44,3,9
2022-09-02,2,12.009432180241262,0,0,2.3965991637442383,43,4,9
2022-09-03,2,8.666799087255615,1,0,2.034147731714905,56,5,9
2022-09-04,2,13.960948540598736,0,0,-0.217267210224247,45,6,9
2022-09-05,2,10.589346205735817,0,0,0.5493699689100305,40,0,9
2022-09-06,2,15.05712782767808,1,0,-1.0643166816456129,49,1,9
2022-09-07,2,16.601594958657294,1,0,0.7206951631714831,46,2,9
2022-09-08,2,7.53196905258522,0,0,-0.4046199406452097,46,3,9
2022-09-09,2,14.67250500580842,0,0,-1.7088000157156291,36,4,9
2022-09-10,2,17.874629441907118,0,1,-0.0666791305215604,51,5,9
2022-09-11,2,5.312077035148734,0,0,0.849557824606645,50,6,9
2022-09-12,2,15.631528218893816,0,0,0.229920949201422,40,0,9
2022-09-13,2,8.230138288640788,0,0,1.2854818578276728,51,1,9
2022-09-14,2,9.120480103823148,0,0,-0.9011666755774432,40,2,9
2022-09-15,2,15.108072207285904,1,0,-0.2040219595425618,51,3,9
2022-09-16,2,19.41287818093321,0,0,1.029351503704361,38,4,9
2022-09-17,2,11.908020859695856,0,0,-0.1088175919014512,38,5,9
2022-09-18,2,5.765404322066167,0,0,0.1061130390107182,47,6,9
2022-09-19,2,6.640918224331989,0,0,-0.6260707759711689,46,0,9
2022-09-20,2,17.7403717816561,1,0,-0.3218546205829692,29,1,9
2022-09-21,2,12.007562942766786,0,0,-0.0388931348578119,47,2,9
2022-09-22,2,17.708690702451555,0,0,2.2557046903661986,46,3,9
2022-09-23,2,17.998219202595468,0,0,-0.1428226113840209,44,4,9
2022-09-24,2,16.063880850367287,0,0,0.7002828304956481,47,5,9
2022-09-25,2,9.50456471583452,1,0,-0.4663607345035012,41,6,9
2022-09-26,2,6.834613900706756,0,0,1.6345901986470568,40,0,9
2022-09-27,2,11.895792210012244,0,0,0.4235917254746028,41,1,9
2022-09-28,2,19.56537730940675,0,0,-0.2302480390529856,47,2,9
2022-09-29,2,5.949997317388869,0,0,-0.4341251994211749,43,3,9
