sales_data.csv
date,product_id,price,promotion,holiday,weather_index,units_sold,day_of_week,month
2022-09-30,2,17.231173479802536,0,0,1.4462915790278938,40,4,9
2022-10-01,2,16.69955965626336,0,0,1.0202108040742934,37,5,10
2022-10-02,2,12.926634606513131,0,0,0.994391155523538,44,6,10
2022-10-03,2,11.24842209737686,1,0,-0.6122697399578166,46,0,10
2022-10-04,2,16.65610879398686,0,0,0.2218969058240094,32,1,10
2022-10-05,2,11.635209704086964,0,0,-1.0947703425231066,39,2,10
2022-10-06,2,13.025644306133358,0,0,0.0181376307784919,43,3,10
2022-10-07,2,10.109626975493654,0,1,1.3024519501795302,49,4,10
2022-10-08,2,16.557409859624837,0,0,1.055696102418908,36,5,10
2022-10-09,2,12.842238478452067,0,0,1.662668005353599,37,6,10
2022-10-10,2,11.649531435133104,0,0,-2.9780557813902884,43,0,10
2022-10-11,2,15.703285172943708,0,0,0.8725239025018352,38,1,10
2022-10-12,2,7.422864664346402,0,0,-1.0263434910961864,45,2,10
2022-10-13,2,6.398133899899399,1,0,1.5129496067644286,47,3,10
2022-10-14,2,9.190931279494528,0,0,0.8963602315534198,48,4,10
2022-10-15,2,19.046910813797503,1,0,-0.846927454156329,37,5,10
2022-10-16,2,19.4796840912149,0,0,-0.1805729761026667,43,6,10
2022-10-17,2,6.280188511405295,1,0,1.77581216412897,51,0,10
2022-10-18,2,6.350762340264481,0,0,-1.758715860197702,37,1,10
2022-10-19,2,7.019011946242966,0,0,0.1387633013759933,36,2,10
2022-10-20,2,13.43665691067684,0,0,-1.583414840585558,43,3,10
2022-10-21,2,11.670827427574434,0,0,-1.4955137910199052,43,4,10
2022-10-22,2,13.10476262742332,0,0,1.0032811817545788,41,5,10
2022-10-23,2,17.87264362186682,0,0,-0.4245394566064314,39,6,10
2022-10-24,2,18.426294772416675,1,0,0.3077828507859081,44,0,10
2022-10-25,2,14.072907390933215,0,0,-1.0267353663810987,45,1,10
2022-10-26,2,19.435817962665176,0,0,1.184237644772229,33,2,10
2022-10-27,2,17.009346281644063,1,0,0.5118279844216377,41,3,10
2022-10-28,2,16.28002506436824,1,0,-0.9717317267851774,50,4,10
2022-10-29,2,11.375571156590038,0,0,0.7966191445651675,45,5,10
2022-10-30,2,17.852559062307193,0,0,0.1755861572232527,35,6,10
2022-10-31,2,12.553202197825428,0,0,0.1380016366419205,47,0,10
2022-11-01,2,15.241973867255275,0,0,-0.970839845793678,39,1,11
2022-11-02,2,7.751898530189691,0,0,-1.2941110449310196,50,2,11
2022-11-03,2,11.009078394163428,0,0,-1.1131263464822725,44,3,11
2022-11-04,2,18.68678093929608,0,0,0.2209353161246245,43,4,11
2022-11-05,2,8.410327880361308,0,0,-1.865044682657996,49,5,11
2022-11-06,2,5.73992465545986,0,0,1.2230916610863207,52,6,11
2022-11-07,2,12.458924537699984,0,0,0.029527933454795,44,0,11
2022-11-08,2,13.329852280355528,0,0,-0.3958569867115321,48,1,11
2022-11-09,2,18.778841259590934,0,0,0.2406598572279608,33,2,11
2022-11-10,2,16.085405695588392,0,0,0.8654185633648258,43,3,11
2022-11-11,2,9.021444996558376,0,0,-0.2916603236304737,45,4,11
2022-11-12,2,5.977992028492673,0,0,0.2293128844700466,55,5,11
2022-11-13,2,15.031672000611636,1,0,0.4060977471205925,39,6,11
2022-11-14,2,7.069748764143821,0,0,0.0895835370833546,44,0,11
2022-11-15,2,8.740963973058621,0,0,-2.5226785093092534,50,1,11
2022-11-16,2,13.054202320363803,1,0,-0.3193281312679109,48,2,11
2022-11-17,2,19.609664285736592,0,0,0.4809936564716673,35,3,11
2022-11-18,2,19.43217612015992,0,0,-0.1650496730829754,46,4,11
2022-11-19,2,5.694493520593192,1,0,0.9440650956252116,52,5,11
2022-11-20,2,12.60082344436767,0,0,-1.2849399102429864,41,6,11
2022-11-21,2,7.025477693083808,0,0,0.0872539728909734,48,0,11
2022-11-22,2,18.793823728239204,1,0,-0.333839440485484,46,1,11
2022-11-23,2,13.256364527138198,0,0,-0.2896968091252893,47,2,11
2022-11-24,2,5.60421936636793,0,0,0.6643526226595418,46,3,11
2022-11-25,2,18.87317674192652,0,0,0.8718524104484127,38,4,11
2022-11-26,2,16.89358044945897,0,0,-1.1803895796644082,36,5,11
2022-11-27,2,15.500825334627258,1,0,-0.3030073154563464,47,6,11
2022-11-28,2,7.834403507843734,0,0,0.2783106368410548,39,0,11
2022-11-29,2,11.63659152418557,0,0,0.0022464887313437,49,1,11
2022-11-30,2,11.45822837464882,0,0,0.7385084923987836,42,2,11
2022-12-01,2,12.933986226949797,0,0,-0.1943501578142833,51,3,12
2022-12-02,2,15.11899704832718,0,0,0.1282513510307297,31,4,12
2022-12-03,2,11.98650005645406,0,0,0.5020032450265914,44,5,12
2022-12-04,2,15.908556743641013,0,0,-0.5762526665577995,47,6,12
2022-12-05,2,17.651153504295486,0,0,0.3026629300927582,40,0,12
2022-12-06,2,12.992151503449811,0,0,0.6185567686613062,51,1,12
2022-12-07,2,6.921231649459263,0,0,0.3100283690829418,44,2,12
2022-12-08,2,13.079309719313317,0,0,-0.3817604823211939,48,3,12
2022-12-09,2,13.444197093321993,1,0,1.1426689654255533,47,4,12
2022-12-10,2,11.918093032811534,0,0,1.49541951267679,40,5,12
2022-12-11,2,7.871854455409068,0,0,-0.2117926941309802,45,6,12
2022-12-12,2,18.84485858775091,0,0,-0.1601134078538399,41,0,12
2022-12-13,2,9.7280019614423,0,0,-0.921383818107626,44,1,12
2022-12-14,2,18.72131379906901,0,0,0.4391312726400175,41,2,12
2022-12-15,2,17.557939892107925,0,0,-0.6214015282598834,47,3,12
2022-12-16,2,19.59779000491136,0,0,-0.5804050399214542,38,4,12
2022-12-17,2,10.628575694160064,1,0,0.1698050382942633,47,5,12
2022-12-18,2,12.593087835723562,1,1,-0.3321349999666672,50,6,12
2022-12-19,2,9.134962250113436,1,0,0.0520674453049267,54,0,12
2022-12-20,2,11.253767669951651,0,0,0.6502750530202909,47,1,12
2022-12-21,2,17.145326326174413,1,0,0.2558839959864513,44,2,12
2022-12-22,2,7.265607442182726,0,0,0.7960181548145245,51,3,12
2022-12-23,2,11.015397041575058,0,0,-0.1079990257309089,51,4,12
2022-12-24,2,19.87483931980359,0,0,-1.035029928904854,39,5,12
2022-12-25,2,12.856047445123693,0,0,0.1669672014597397,45,6,12
2022-12-26,2,18.440325203277418,1,1,-0.6407669642771925,44,0,12
2022-12-27,2,9.110946469835632,1,0,0.5557430595004562,55,1,12
2022-12-28,2,15.216564510247586,0,0,0.4709509130688958,48,2,12
2022-12-29,2,19.00692694619179,0,0,0.584054776322951,47,3,12
2022-12-30,2,14.754299370144272,0,0,-0.7748881687979148,47,4,12
2022-12-31,2,7.620330183161443,1,0,-2.569432198360534,47,5,12
2023-01-01,2,8.503995477461466,1,0,0.3555303892734819,56,6,1
2023-01-02,2,16.242259861588913,0,0,-0.5380803618616281,37,0,1
2023-01-03,2,13.799221546837131,0,0,0.822200515351164,37,1,1
2023-01-04,2,12.129821732242256,0,0,0.4191786868718989,46,2,1
2023-01-05,2,17.533430841828682,1,0,-0.5123271213920184,48,3,1
2023-01-06,2,9.846674105312232,0,1,-0.6334372858520875,50,4,1
2023-01-07,2,13.300982206689056,0,1,1.498497087149725,41,5,1
2023-01-08,2,5.928451166876794,1,0,-0.30842498160389,50,6,1
2023-01-09,2,5.66709386044926,1,0,-0.8333859915323585,49,0,1
2023-01-10,2,11.37095943156163,0,0,-0.9120441814492024,50,1,1
2023-01-11,2,11.655461246217747,1,0,-0.6452239207932393,48,2,1
2023-01-12,2,16.39356252038333,0,0,0.6344926744247845,46,3,1
2023-01-13,2,10.130862731629426,1,0,0.0903405590657159,49,4,1
2023-01-14,2,10.69012312523708,1,0,0.8170509268355667,54,5,1
2023-01-15,2,11.459215336452091,0,0,-0.6692543905034205,46,6,1
2023-01-16,2,15.22762200110446,0,0,2.4363890668344403,40,0,1
2023-01-17,2,6.32942328815328,0,0,-0.4850793137633583,48,1,1
2023-01-18,2,15.300109617734805,0,0,0.3784777559539391,46,2,1
2023-01-19,2,12.549609085748822,0,0,-0.4396454527692543,39,3,1
2023-01-20,2,15.256378507882532,0,0,-1.5784546266846624,34,4,1
2023-01-21,2,8.684133651934415,0,0,0.1201564448799665,43,5,1
2023-01-22,2,13.016508740807774,0,0,1.451371715116448,43,6,1
2023-01-23,2,6.93793604542145,0,0,-0.1895967756459284,51,0,1
2023-01-24,2,14.644903294563097,1,0,-2.0549976581275904,48,1,1
2023-01-25,2,9.655536701309105,0,0,0.2453579947268616,37,2,1
2023-01-26,2,10.197679251952646,0,0,0.9351359950799532,42,3,1
2023-01-27,2,7.961936705789098,1,0,0.2748419221634899,53,4,1
2023-01-28,2,12.520905782736186,0,0,-0.9929946962459296,50,5,1
2023-01-29,2,12.944674816405902,0,1,0.5869327867823128,42,6,1
2023-01-30,2,15.223906020865655,0,0,-0.746683229074234,43,0,1
2023-01-31,2,13.792306477747452,1,0,0.0036227922935599,44,1,1
2023-02-01,2,11.393389594787548,0,0,-0.9307587398058556,41,2,2
2023-02-02,2,16.667949185948885,0,1,-2.794878831022826,49,3,2
2023-02-03,2,8.200636123154691,0,0,1.6818788158598,56,4,2
2023-02-04,2,8.683389605398917,0,0,1.2391532724855645,52,5,2
2023-02-05,2,9.367640712304354,1,0,0.9763742249959408,54,6,2
2023-02-06,2,6.146815386753453,0,0,0.9882574002125816,47,0,2
2023-02-07,2,19.08800535728841,0,0,-0.3086638479733546,35,1,2
2023-02-08,2,9.466316100695629,0,1,-0.7262395501111348,50,2,2
2023-02-09,2,5.72411967364347,0,0,-1.2613669516452437,43,3,2
2023-02-10,2,6.711026728248882,0,0,0.1245428257228813,45,4,2
2023-02-11,2,13.678134250152308,0,1,0.0944425467136687,52,5,2
2023-02-12,2,8.225883358062571,1,0,1.4693410492045107,48,6,2
2023-02-13,2,17.134391528681235,0,0,-0.3420981960474544,50,0,2
2023-02-14,2,7.194984597738145,0,0,-0.9741497490939852,41,1,2
2023-02-15,2,7.374801293942461,0,0,0.949169363355425,44,2,2
2023-02-16,2,18.29643695957313,0,0,1.0904749607457855,49,3,2
2023-02-17,2,13.624973786767764,1,0,1.4865809917231758,41,4,2
2023-02-18,2,16.66144428119456,0,0,-1.201724403224848,47,5,2
2023-02-19,2,9.21527263391494,0,0,0.2389089264904194,48,6,2
2023-02-20,2,19.865635959275973,1,0,0.3906973755146304,42,0,2
2023-02-21,2,19.70596582130448,1,1,0.6154481524756831,45,1,2
2023-02-22,2,10.781126691571782,0,0,1.6629557657465244,43,2,2
2023-02-23,2,15.572655482255367,1,0,0.2856699042768197,47,3,2
2023-02-24,2,5.831045437808657,0,0,0.64515949770087,41,4,2
2023-02-25,2,6.519345898857105,0,0,0.0937579899539137,52,5,2
2023-02-26,2,15.15631006109277,0,0,0.213017918732764,39,6,2
2023-02-27,2,18.05815527272791,0,0,-0.7312022675364636,26,0,2
2023-02-28,2,7.900847700682914,0,0,1.4469383002835192,45,1,2
2023-03-01,2,12.153489284619504,0,0,-0.9709300958602354,51,2,3
2023-03-02,2,18.34222989613005,0,1,0.5754605016946891,43,3,3
2023-03-03,2,16.49392748054802,0,0,-0.8148424176484036,36,4,3
2023-03-04,2,11.636829320754678,0,0,-1.42713622479141,42,5,3
2023-03-05,2,12.152589107819487,0,0,-0.9884488524019238,47,6,3
2023-03-06,2,10.749683859140234,1,0,1.0115096466787246,41,0,3
2023-03-07,2,7.59961257810111,0,1,-0.4948697016797473,59,1,3
2023-03-08,2,18.611082894717665,0,0,-1.3305769609934543,48,2,3
2023-03-09,2,5.83910906040378,0,0,-1.404074641768027,41,3,3
2023-03-10,2,9.677639119890063,0,0,0.035727220037106,46,4,3
2023-03-11,2,19.21968425928343,0,0,-0.8406520301630134,48,5,3
2023-03-12,2,19.69793573661036,0,0,-0.5704848385519672,39,6,3
2023-03-13,2,19.345391737115744,1,0,0.2302966776016643,48,0,3
2023-03-14,2,10.53222351423102,0,0,-0.7424605505063061,38,1,3
2023-03-15,2,8.204759127434837,0,0,0.4871881133040464,40,2,3
2023-03-16,2,10.666847052758396,1,0,1.526039214321428,52,3,3
2023-03-17,2,19.070333190971887,0,0,0.5585510242612054,46,4,3
2023-03-18,2,15.14610506291148,0,0,-0.4394723322436356,42,5,3
2023-03-19,2,18.55642970566317,0,0,1.117184603139984,39,6,3
2023-03-20,2,13.521905146778352,0,0,-0.2373819572854708,42,0,3
2023-03-21,2,14.818501133139636,0,0,0.4307033550166669,44,1,3
2023-03-22,2,7.944078893715538,0,0,0.760757705105306,43,2,3
2023-03-23,2,18.96989357808068,0,0,0.1777806307826285,48,3,3
2023-03-24,2,14.197190037653993,0,0,-0.5641904428387162,41,4,3
2023-03-25,2,16.15345226200491,0,0,-1.0592496447246993,44,5,3
2023-03-26,2,19.44411790104657,1,0,-0.7344728376837648,49,6,3
2023-03-27,2,6.175134612798656,0,0,0.4411517695691515,49,0,3
2023-03-28,2,12.298354328445656,0,0,0.9608230895809108,46,1,3
2023-03-29,2,18.787163947620822,1,0,-0.1668315831051275,39,2,3
2023-03-30,2,6.51988581501546,1,0,-1.931850566555644,42,3,3
2023-03-31,2,19.64363346991089,0,0,0.6284787656812635,36,4,3
2023-04-01,2,12.944722776839876,0,0,1.2777074531719808,47,5,4
2023-04-02,2,12.530852318021749,0,0,-0.3728255562314092,56,6,4
2023-04-03,2,5.215723115363932,0,0,0.1059036253491992,44,0,4
2023-04-04,2,7.820201232625017,1,0,0.4182473996471766,43,1,4
2023-04-05,2,5.182461598776807,0,0,-1.6585280382886771,49,2,4
2023-04-06,2,7.053685735819329,0,0,-1.4567321965529711,49,3,4
2023-04-07,2,19.58117841043857,0,0,-0.2219732192638519,42,4,4
2023-04-08,2,6.559162777762738,0,0,0.2944364910869529,40,5,4
2023-04-09,2,17.03312478190466,0,1,-0.6238779962994777,42,6,4
2023-04-10,2,14.566195431366944,1,0,0.2631290340611216,39,0,4
2023-04-11,2,12.577844903264246,1,0,0.6676870065415477,55,1,4
2023-04-12,2,11.20336126647575,1,0,-1.1148560792643696,43,2,4
2023-04-13,2,17.75488235668255,0,0,1.3017830027049708,37,3,4
2023-04-14,2,10.15933528966578,1,0,0.8145894231093171,50,4,4
2023-04-15,2,17.10575852071713,1,0,-0.802961617495531,44,5,4
2023-04-16,2,19.39533233603027,0,0,-1.1226671973852027,37,6,4
2023-04-17,2,7.098342869335861,1,0,-1.0699198952044682,44,0,4
2023-04-18,2,13.75373647298207,0,0,0.473743676251915,40,1,4
2023-04-19,2,10.036777881906648,1,0,1.2836209072240397,43,2,4
2023-04-20,2,14.7073120896447,0,0,-0.4722214514276691,43,3,4
2023-04-21,2,13.735237590433112,0,0,-2.1275994822581583,53,4,4
2023-04-22,2,18.99463457871169,0,0,-0.2318812195397813,39,5,4
2023-04-23,2,15.720550879555631,0,0,-0.1552420859623358,35,6,4
2023-04-24,2,10.70520407931139,0,0,0.6869345789499466,52,0,4
2023-04-25,2,12.578637391453864,0,0,-1.95799240270364,37,1,4
2023-04-26,2,9.735655591775334,0,0,-0.1426158856498854,46,2,4
2023-04-27,2,16.42554395187606,0,0,-0.3858165598117153,33,3,4
2023-04-28,2,13.452482981477626,0,0,0.9576719839350292,41,4,4
2023-04-29,2,16.816587222828183,1,0,-0.7768532058196717,50,5,4
2023-04-30,2,15.360135495348416,0,0,-0.2874735302697184,46,6,4
2023-05-01,2,16.68470968568852,0,0,0.7091983464344344,45,0,5
2023-05-02,2,11.513211578421124,0,0,0.6145842733207092,37,1,5
2023-05-03,2,15.790522974191664,0,1,0.4140142918544779,43,2,5
2023-05-04,2,15.588491396141327,0,0,-0.4293696506301974,34,3,5
2023-05-05,2,14.305601154442751,0,0,0.8880521842438915,40,4,5
2023-05-06,2,8.494403479856373,0,0,-0.1894443578601894,49,5,5
2023-05-07,2,5.59337140740969,0,0,-0.7721649949526055,57,6,5
2023-05-08,2,10.6573140721003,1,0,0.1279475113812778,44,0,5
2023-05-09,2,7.828501658146825,1,0,-2.056422969166827,54,1,5
2023-05-10,2,10.683062597006469,0,1,1.0494912086474313,45,2,5
2023-05-11,2,14.97315458693742,0,0,-1.2394363206806744,42,3,5
2023-05-12,2,14.0714057827922,0,0,-2.086261900575884,45,4,5
2023-05-13,2,17.852739547668328,0,0,-0.3709898961094016,52,5,5
2023-05-14,2,13.209978393180544,0,0,-0.0276705610650321,44,6,5
2023-05-15,2,5.574019201004679,0,0,0.9705841720679692,56,0,5
2023-05-16,2,14.651798043990995,0,0,1.685171239165695,42,1,5
2023-05-17,2,8.71697871846739,0,0,0.2699371166506795,49,2,5
2023-05-18,2,6.179387442330526,0,0,0.070701179173454,50,3,5
2023-05-19,2,8.189246509795897,1,0,-1.2422790174950764,52,4,5
2023-05-20,2,12.963920509790812,0,0,-1.6863535384436368,43,5,5
2023-05-21,2,16.71615567012625,0,0,1.0574966771372265,31,6,5
2023-05-22,2,18.71470341590207,0,0,0.1211694548627162,39,0,5
2023-05-23,2,9.66916731518868,0,0,-1.447193308464812,41,1,5
2023-05-24,2,6.484018041069625,0,0,-0.430816252424128,53,2,5
2023-05-25,2,7.413055208365043,0,0,0.2736141128784354,34,3,5
2023-05-26,2,10.946363767169286,0,0,0.7403673054111675,49,4,5
2023-05-27,2,16.8984328083013,0,0,0.5784950691492731,36,5,5
2023-05-28,2,9.804089261096552,0,0,0.3640437982325319,39,6,5
2023-05-29,2,14.736192363023584,1,0,0.2384468599886406,48,0,5
2023-05-30,2,6.635496328699153,1,0,-0.8880545710030547,57,1,5
2023-05-31,2,18.73309552866688,0,0,-0.2125782076950212,42,2,5
2023-06-01,2,17.092537047152902,0,0,-0.5625269627344747,41,3,6
2023-06-02,2,16.110104109905357,0,0,-0.6561059831488326,43,4,6
2023-06-03,2,11.181916667566338,0,1,0.9171229443875356,52,5,6
2023-06-04,2,10.933150552157906,1,0,0.331694683268099,43,6,6
2023-06-05,2,15.257175516228196,1,0,0.0514440160395235,51,0,6
2023-06-06,2,15.215923510634164,0,0,0.6310505262110571,43,1,6
2023-06-07,2,19.63222130644817,1,0,0.3705663821793135,42,2,6
2023-06-08,2,15.46339450344961,0,0,-0.9526580950606072,40,3,6
2023-06-09,2,18.00132304990474,0,0,-0.0658356883616595,43,4,6
2023-06-10,2,19.707077103538943,0,0,-0.8565566184064406,47,5,6
2023-06-11,2,10.635149648429865,0,0,0.5404485436944109,54,6,6
2023-06-12,2,10.680437946709652,0,0,0.4060296515358409,50,0,6
2023-06-13,2,8.937159322289585,0,0,2.497726609592842,44,1,6
2023-06-14,2,6.688226288107781,0,0,-1.9780281990074933,47,2,6
2023-06-15,2,6.207891975138301,0,0,0.598762636359436,50,3,6
2023-06-16,2,12.886992795129483,0,0,-0.0907859248792147,46,4,6
2023-06-17,2,11.88296273048433,1,0,-0.4283607346370277,50,5,6
2023-06-18,2,10.60073813350068,0,1,0.6320734347980351,43,6,6
2023-06-19,2,11.614679642634073,0,0,-0.0555417481023337,33,0,6
2023-06-20,2,8.776826600930537,1,0,-1.871881652910855,53,1,6
2023-06-21,2,15.251420861283329,0,0,0.6840557231779947,45,2,6
2023-06-22,2,19.34326165939824,0,0,0.8378428613927981,38,3,6
2023-06-23,2,10.356928168203948,0,0,-0.1643176531999952,42,4,6
2023-06-24,2,12.505403813445952,0,0,-0.3269088750132696,37,5,6
2023-06-25,2,16.926448134367035,0,0,0.8926417403906812,34,6,6
2023-06-26,2,11.65560326860469,0,0,-1.1101910457386732,42,0,6
2023-06-27,2,14.149504646053716,1,0,0.9030647975604188,47,1,6
2023-06-28,2,9.818142841417302,1,0,-0.1349445400639705,46,2,6
2023-06-29,2,11.76613317919351,0,0,0.5214365387103712,44,3,6
2023-06-30,2,5.93474878221436,0,0,-0.5141299316518999,49,4,6
2023-07-01,2,5.338542173811438,0,0,-0.6854057809018858,52,5,7
2023-07-02,2,12.56232292125955,0,0,0.104728574903563,40,6,7
2023-07-03,2,19.53647628511697,0,0,1.0330625932477098,41,0,7
2023-07-04,2,10.097698057370051,1,0,1.7903047552712008,53,1,7
2023-07-05,2,9.888782842503316,1,0,-0.9266962402276424,39,2,7
2023-07-06,2,7.421000833491572,1,0,1.0359709415646703,40,3,7
2023-07-07,2,14.125054705563697,0,0,-0.0001053600132312,45,4,7
2023-07-08,2,14.072066500332491,0,0,0.5134100241422002,46,5,7
2023-07-09,2,9.27456887260682,0,0,-1.3398932521110365,41,6,7
2023-07-10,2,5.547623452276888,1,0,-1.899997576949312,52,0,7
2023-07-11,2,14.714721390198326,0,0,-1.0114716427735513,51,1,7
2023-07-12,2,7.62165565990785,0,0,0.6054308863416252,42,2,7
2023-07-13,2,12.267870626919535,0,0,-0.8481849278047623,43,3,7
2023-07-14,2,16.690506132632557,1,0,0.6290253390308964,37,4,7
