sales_data.csv
date,product_id,price,promotion,holiday,weather_index,units_sold,day_of_week,month
2023-07-15,2,13.769087198374493,0,0,-0.5789253037178999,48,5,7
2023-07-16,2,6.593372778814892,0,1,2.456209599979323,49,6,7
2023-07-17,2,7.42391143668673,0,0,-0.0630147257305912,47,0,7
2023-07-18,2,17.315028587751726,0,0,0.4715543427413939,42,1,7
2023-07-19,2,7.998183426193287,0,0,0.0911282562418974,54,2,7
2023-07-20,2,11.432350114775154,0,0,-0.4426408599041355,45,3,7
2023-07-21,2,10.278965292157372,1,0,-0.1891055308769736,47,4,7
2023-07-22,2,5.051652787219036,0,0,-0.0397846305589585,51,5,7
2023-07-23,2,9.550010467493474,0,0,0.5623110575904349,44,6,7
2023-07-24,2,16.97398936676441,1,0,-2.0332740080377936,43,0,7
2023-07-25,2,14.486761523671298,0,0,-0.4571119727171203,46,1,7
2023-07-26,2,6.517519804758296,0,0,-0.5350297709537537,42,2,7
2023-07-27,2,16.117344170335656,0,0,-0.0123421420958102,45,3,7
2023-07-28,2,11.748940986324245,0,0,0.442024641640537,41,4,7
2023-07-29,2,12.646022536301118,0,0,0.8017276203983125,46,5,7
2023-07-30,2,9.171062857513524,1,0,-0.9660941907361256,53,6,7
2023-07-31,2,9.540155816425743,0,0,0.0961981590451535,49,0,7
2023-08-01,2,7.020875514915952,1,0,-0.5381705725870762,49,1,8
2023-08-02,2,6.227449260647199,0,0,0.0960189644830559,45,2,8
2023-08-03,2,13.92823494243782,0,0,1.690225234937771,45,3,8
2023-08-04,2,15.05477400817672,1,0,-2.1031876616657983,28,4,8
2023-08-05,2,6.33862757087826,0,0,-1.4784241190444192,53,5,8
2023-08-06,2,13.801934115251546,1,0,0.4659256532175931,47,6,8
2023-08-07,2,14.825860478716743,0,0,-0.4740036145129212,35,0,8
2023-08-08,2,8.214094136498487,0,1,-0.8539324104232829,45,1,8
2023-08-09,2,13.21098825695834,0,0,-0.6630644389019553,46,2,8
2023-08-10,2,13.545229484887786,0,0,-0.7331618187402122,36,3,8
2023-08-11,2,15.78409561371842,0,0,-0.4027134702591677,43,4,8
2023-08-12,2,8.44962721998778,0,0,-1.3734758620579852,41,5,8
2023-08-13,2,14.788553427634804,0,1,0.1299873631519764,50,6,8
2023-08-14,2,10.694508013293696,0,0,-0.3747679467074817,39,0,8
2023-08-15,2,14.499920739726797,0,0,-0.0557564752047732,44,1,8
2023-08-16,2,10.839869172534316,0,0,0.875451281198983,35,2,8
2023-08-17,2,10.201774725183004,0,0,0.4879484112668697,42,3,8
2023-08-18,2,18.341823176324983,0,0,0.362374205327193,37,4,8
2023-08-19,2,6.403200285379004,0,0,-0.069993938337777,49,5,8
2023-08-20,2,7.315699305353368,0,0,-3.2690633002651754,40,6,8
2023-08-21,2,10.122517211828562,0,0,0.5972208622912014,43,0,8
2023-08-22,2,9.309680474371907,0,0,0.6810040765523893,40,1,8
2023-08-23,2,8.655680173847465,0,0,-0.5784684176195756,46,2,8
2023-08-24,2,12.626118678862271,0,0,0.9329056920525856,44,3,8
2023-08-25,2,16.46736205696584,0,0,-1.796353031215359,45,4,8
2023-08-26,2,17.642407491058105,0,1,-0.1506830177935167,50,5,8
2023-08-27,2,11.1979465074471,1,0,1.1140589660277052,49,6,8
2023-08-28,2,16.15837241831118,0,0,1.3516377578947882,45,0,8
2023-08-29,2,11.92498430696671,0,0,0.4125439122022791,49,1,8
2023-08-30,2,19.89244860543249,0,0,-0.1197482922859577,43,2,8
2023-08-31,2,14.353059374376729,0,0,-0.7647638864326158,38,3,8
2023-09-01,2,12.66963122408258,1,0,1.3918107027996944,43,4,9
2023-09-02,2,17.987493880735858,0,0,-0.4242249097110903,43,5,9
2023-09-03,2,18.42860147448726,0,0,-1.552035480638425,29,6,9
2023-09-04,2,19.851187174869168,0,0,0.8285815410576057,41,0,9
2023-09-05,2,8.824698200610491,1,0,0.1389298541546562,50,1,9
2023-09-06,2,14.389652156528005,1,0,1.603322954460818,48,2,9
2023-09-07,2,14.188657994653015,1,0,-0.6694032552218016,46,3,9
2023-09-08,2,18.60450809137969,0,0,-1.7957434559960603,39,4,9
2023-09-09,2,6.477833522225346,0,0,-0.2434899959954546,47,5,9
2023-09-10,2,11.501681363015525,0,0,-1.1749522670303172,45,6,9
2023-09-11,2,16.914760833914393,1,0,-1.6886370963547035,47,0,9
2023-09-12,2,19.74949638837874,0,0,-1.0572104020280733,39,1,9
2023-09-13,2,19.74602967934274,1,0,0.6374479796784467,40,2,9
2023-09-14,2,19.74691500393602,0,1,2.095944094971451,38,3,9
2023-09-15,2,6.425350387329075,0,0,0.0683165648398731,47,4,9
2023-09-16,2,17.65595586937257,0,0,-1.511937043694758,38,5,9
2023-09-17,2,16.755574285351535,0,0,0.3099234680507918,39,6,9
2023-09-18,2,8.873372873873675,1,0,0.2224113240376192,53,0,9
2023-09-19,2,5.703434991361998,0,0,0.5823201807271069,48,1,9
2023-09-20,2,11.459343917380323,0,0,0.3233459914381342,45,2,9
2023-09-21,2,5.5728037829094825,0,0,-0.6245202791571098,53,3,9
2023-09-22,2,11.652886681030363,1,0,1.0138646607085928,47,4,9
2023-09-23,2,19.838560030732232,0,0,0.6872880411820559,40,5,9
2023-09-24,2,9.20896386359006,0,0,0.3841934991272935,45,6,9
2023-09-25,2,14.368131817416138,0,0,-0.180496565860552,42,0,9
2023-09-26,2,16.849726369393622,0,0,-0.116575669253689,37,1,9
2023-09-27,2,10.937553463978404,0,0,1.9993481962097432,42,2,9
2023-09-28,2,11.209451715371088,0,1,0.5583627901287322,42,3,9
2023-09-29,2,13.680897940271327,1,0,-0.9047928361992916,58,4,9
2023-09-30,2,5.938527123540753,1,0,-1.6751578863864018,43,5,9
2023-10-01,2,14.434450342575431,0,0,1.1455446555474404,41,6,10
2023-10-02,2,11.421456936659355,0,0,1.6626027645926875,48,0,10
2023-10-03,2,5.111374255042346,0,0,0.3516504585087763,51,1,10
2023-10-04,2,13.171357819335592,0,0,0.9319403464699356,40,2,10
2023-10-05,2,14.006744972321776,0,0,-1.2939947456606409,35,3,10
2023-10-06,2,16.17598368959505,0,0,-0.7551850062727443,44,4,10
2023-10-07,2,14.125318431263258,0,0,1.1482794944698902,37,5,10
2023-10-08,2,12.733647615233464,0,0,-0.557411650456629,47,6,10
2023-10-09,2,11.108465608667505,0,0,0.842971470014902,46,0,10
2023-10-10,2,16.274106137340887,0,1,-0.7225626586340346,49,1,10
2023-10-11,2,16.20409156548491,0,0,1.2527955674588402,41,2,10
2023-10-12,2,14.739608750412463,1,0,-1.9537387831823296,41,3,10
2023-10-13,2,6.801561910384181,0,0,0.6927185508746301,45,4,10
2023-10-14,2,15.95235762549644,0,0,1.524045073696629,49,5,10
2023-10-15,2,19.781280379326983,0,0,-0.1894176239686976,41,6,10
2023-10-16,2,18.21280294559833,0,0,0.0873979460502222,37,0,10
2023-10-17,2,15.268838244493256,1,0,0.6449219013058873,47,1,10
2023-10-18,2,7.962192272216252,1,0,0.678469903332735,46,2,10
2023-10-19,2,10.142315071699167,0,0,1.5089166483397471,40,3,10
2023-10-20,2,12.411499459043773,0,0,1.019219283472561,35,4,10
2023-10-21,2,14.719967787378945,0,0,1.4294890169085543,40,5,10
2023-10-22,2,18.979225888183947,0,0,-2.3461301378368216,44,6,10
2023-10-23,2,10.51052941143518,1,0,-0.4537114226632651,50,0,10
2023-10-24,2,5.046180861454481,1,0,-0.512602669402565,53,1,10
2023-10-25,2,13.518443339017978,0,0,-1.3030660975921815,56,2,10
2023-10-26,2,12.98262240969571,0,0,-0.1394822469870152,40,3,10
2023-10-27,2,17.389741363544218,1,0,0.1032131235132853,53,4,10
2023-10-28,2,8.098360991385434,0,0,1.5016484653543525,40,5,10
2023-10-29,2,10.343584179537435,0,0,0.207351375714999,40,6,10
2023-10-30,2,9.353810851288548,0,0,0.2625042797135253,49,0,10
2023-10-31,2,11.164972980534818,0,0,-0.5026046251751622,40,1,10
2023-11-01,2,6.149134859521888,0,0,0.6193051359333571,48,2,11
2023-11-02,2,8.097400950571707,0,0,-0.3203568718001977,42,3,11
2023-11-03,2,16.094254260126995,0,0,-0.3791447897434393,52,4,11
2023-11-04,2,13.169730736094728,0,0,0.7243095109595539,39,5,11
2023-11-05,2,10.17657636303722,0,0,0.4247895556439497,56,6,11
2023-11-06,2,12.361248466088252,0,0,1.9826572853501967,39,0,11
2023-11-07,2,11.222565721102928,1,0,-2.3823396411659057,34,1,11
2023-11-08,2,16.989938643104065,1,0,-1.585794930005375,44,2,11
2023-11-09,2,7.972119643493682,0,0,0.152800272809832,45,3,11
2023-11-10,2,18.618945320904857,0,0,1.818423088308123,37,4,11
2023-11-11,2,5.331679308275424,0,0,0.0464603272885729,55,5,11
2023-11-12,2,15.062167879078416,0,0,2.481881579075062,49,6,11
2023-11-13,2,6.11586268671385,0,0,2.8490713244891017,48,0,11
2023-11-14,2,16.468631073395052,0,0,-0.0081164903853521,39,1,11
2023-11-15,2,15.215645662503205,0,0,0.3228583821685808,52,2,11
2023-11-16,2,14.303676493494743,1,0,-0.5384702101097015,47,3,11
2023-11-17,2,16.94307291001015,0,0,-0.1657063997653197,44,4,11
2023-11-18,2,13.475232799414815,0,0,-1.7965297558724893,41,5,11
2023-11-19,2,12.475436262198963,1,0,-1.7066482186026484,42,6,11
2023-11-20,2,6.832814043792592,0,0,-0.4743704783769562,47,0,11
2023-11-21,2,9.748313578271077,0,0,0.4730603134632939,52,1,11
2023-11-22,2,8.142897784956073,0,0,-2.409217764440861,54,2,11
2023-11-23,2,19.31556837292816,0,0,0.9458791858992134,48,3,11
2023-11-24,2,10.048455494529696,1,0,-0.3159977678490548,47,4,11
2023-11-25,2,5.182661229987795,0,0,1.5614740481081035,44,5,11
2023-11-26,2,17.23267050870207,0,0,0.6325831143794888,42,6,11
2023-11-27,2,14.87591734011337,0,0,0.2969540326909398,39,0,11
2023-11-28,2,16.938946969579753,0,0,1.0960530216074482,47,1,11
2023-11-29,2,16.429813392056733,0,0,-1.2592082924350838,42,2,11
2023-11-30,2,15.629185924214294,1,0,-0.0923653878943225,46,3,11
2023-12-01,2,12.535275919418831,0,0,-1.3219479014423825,47,4,12
2023-12-02,2,11.371231124486185,0,0,0.8011352049472628,37,5,12
2023-12-03,2,13.937871922342609,0,0,0.2418563869884047,37,6,12
2023-12-04,2,13.70750357012698,0,0,-1.849897646925172,49,0,12
2023-12-05,2,17.19886004780014,0,0,1.8261583857377253,36,1,12
2023-12-06,2,19.020691035104903,0,0,0.8311987556698042,31,2,12
2023-12-07,2,11.844742688746178,0,0,0.6060532419151012,50,3,12
2023-12-08,2,18.92549168345121,0,0,1.8581900077851223,42,4,12
2023-12-09,2,7.050343889882695,0,0,0.3181979833573825,39,5,12
2023-12-10,2,15.310320822985918,0,0,-0.707720829928448,39,6,12
2023-12-11,2,10.35885415366668,0,0,-0.657960414685812,52,0,12
2023-12-12,2,18.62252348415707,0,0,-0.9551606051032931,34,1,12
2023-12-13,2,5.223673442690593,0,0,0.1651480316548774,51,2,12
2023-12-14,2,10.408098782870953,0,0,0.1759446585624229,46,3,12
2023-12-15,2,6.154708424814415,0,0,2.508779709001181,59,4,12
2023-12-16,2,9.964249817403942,0,0,0.6730096081139432,43,5,12
2023-12-17,2,5.4244007829057095,0,0,0.7683841612570738,40,6,12
2023-12-18,2,8.659689752867358,0,0,-1.0409871921370024,42,0,12
2023-12-19,2,17.848564339561346,0,0,-0.1320351542754746,40,1,12
2023-12-20,2,12.391232510832284,0,0,-0.405525757384951,43,2,12
2023-12-21,2,7.395660792555091,0,0,0.1326652510479755,40,3,12
2023-12-22,2,12.084243393804986,0,0,-1.2228089062636267,47,4,12
2023-12-23,2,16.63039471865008,0,0,-0.0127008521748632,42,5,12
2023-12-24,2,9.608653141663783,0,0,0.1948869196055735,50,6,12
2023-12-25,2,7.400185999483126,0,0,-1.0347808077296403,50,0,12
2023-12-26,2,12.417024825046472,0,0,-0.4215484346980322,46,1,12
2023-12-27,2,13.531962350325422,0,0,2.3254190880150323,46,2,12
2023-12-28,2,6.17918537092888,0,0,0.3226184133094013,41,3,12
2023-12-29,2,12.649096377956011,1,0,-0.6243885548904959,44,4,12
2023-12-30,2,6.28487270251712,0,0,-1.562094806631574,47,5,12
2023-12-31,2,9.300789395988136,0,0,-0.5875853740732329,47,6,12
2021-01-01,3,16.637788617567885,0,1,-1.2830644241990548,42,4,1
2021-01-02,3,8.334535007024428,0,0,1.4049873592029478,44,5,1
2021-01-03,3,10.233592313324015,0,0,-0.3100603220510792,45,6,1
2021-01-04,3,16.87581942671625,0,0,0.1551481939744325,36,0,1
2021-01-05,3,7.648122654877463,0,0,1.517731619337059,47,1,1
2021-01-06,3,14.970847033035335,0,0,1.9099645769698173,47,2,1
2021-01-07,3,17.49806049091874,0,0,-0.6527162216938004,33,3,1
2021-01-08,3,7.494659541867557,0,0,0.7739173535375943,39,4,1
2021-01-09,3,7.394190886875132,0,0,1.2098132131441115,51,5,1
2021-01-10,3,14.398278862451336,0,0,0.065259867622203,46,6,1
2021-01-11,3,5.787097817827961,0,0,0.4803330953510179,44,0,1
2021-01-12,3,9.863925105828107,0,0,-0.2584434013154657,48,1,1
2021-01-13,3,5.952256171145508,0,0,-0.3144974663727654,45,2,1
2021-01-14,3,6.212125157634586,0,0,-0.7641587626433565,46,3,1
2021-01-15,3,18.784687134577613,1,0,-0.3977042245184635,37,4,1
2021-01-16,3,17.36869406101019,0,0,-0.526840579699893,45,5,1
2021-01-17,3,12.442333896743577,1,0,1.2841990872844842,42,6,1
2021-01-18,3,14.537202135138749,0,0,-1.4938663240241965,42,0,1
2021-01-19,3,6.14929834473142,0,0,0.1799003954103411,53,1,1
2021-01-20,3,7.748685257644945,1,0,0.4141856585031493,59,2,1
2021-01-21,3,13.739060741079854,0,0,1.1839056238717771,42,3,1
2021-01-22,3,11.625932235190048,0,0,1.553671113148583,43,4,1
2021-01-23,3,11.552157112982645,0,0,0.8657268033164218,46,5,1
2021-01-24,3,13.438930824793594,0,0,1.049349609120724,50,6,1
2021-01-25,3,5.752150812883912,0,0,1.7752957724611145,41,0,1
2021-01-26,3,19.240738851988777,0,0,0.3879749000511338,35,1,1
2021-01-27,3,16.03516008989869,0,0,0.4359161990057305,40,2,1
2021-01-28,3,18.3806532752532,0,0,0.8966722249073705,50,3,1
2021-01-29,3,8.536559432894908,0,0,0.9419893777147452,48,4,1
2021-01-30,3,12.26591736617745,1,0,-0.2240842363040723,53,5,1
2021-01-31,3,9.456702776188257,0,0,0.0830430104969484,42,6,1
2021-02-01,3,14.481966764348806,0,0,0.6429961349152152,36,0,2
2021-02-02,3,19.12212975521636,1,0,-0.8974067004096711,36,1,2
2021-02-03,3,15.600890545986916,0,0,-0.3936147112426299,34,2,2
2021-02-04,3,12.854664672658329,0,0,-0.0623776814095167,44,3,2
2021-02-05,3,12.13594116627702,0,0,-2.463863944004057,38,4,2
2021-02-06,3,9.589328989906718,0,0,1.811514879859217,51,5,2
2021-02-07,3,12.26124933844912,0,0,-0.5800407680789782,38,6,2
2021-02-08,3,14.792954222252227,0,0,-1.3069537796341997,46,0,2
2021-02-09,3,18.261722301891187,0,0,-1.3092583923435517,37,1,2
2021-02-10,3,10.863434905085098,0,0,-0.0202853731154463,33,2,2
2021-02-11,3,11.433973157814192,0,1,-1.3160001781656356,42,3,2
2021-02-12,3,7.617571437000461,0,0,0.48432837525129,50,4,2
2021-02-13,3,8.507557723736792,0,0,0.6566652874740048,49,5,2
2021-02-14,3,10.682362263029304,0,0,-0.9087796167344576,41,6,2
2021-02-15,3,14.136171817572544,0,0,-0.0783774672505532,39,0,2
2021-02-16,3,12.169111089323742,0,0,0.3458042156202567,37,1,2
2021-02-17,3,9.184277119989568,0,0,1.230297656414995,49,2,2
2021-02-18,3,12.264189883528935,0,0,-0.6440414506208078,46,3,2
2021-02-19,3,7.949776346265756,1,0,-1.448225741490031,47,4,2
2021-02-20,3,13.121424248595265,1,0,0.2784196125350105,46,5,2
2021-02-21,3,9.82294396299712,1,0,-0.4508985894596027,56,6,2
2021-02-22,3,9.882298867847831,0,0,-1.3229587005674093,38,0,2
2021-02-23,3,18.801604844302098,0,0,-1.6325806685965123,46,1,2
2021-02-24,3,12.344132896224275,0,0,-0.9232768125489323,37,2,2
2021-02-25,3,7.274275394476247,1,0,0.5098536432217415,43,3,2
2021-02-26,3,11.00778669390598,0,0,1.6688812869603944,42,4,2
2021-02-27,3,9.058838093138174,0,0,-0.1707767616173945,41,5,2
2021-02-28,3,13.491929545531406,0,0,-1.4126322895389334,38,6,2
2021-03-01,3,5.017643158968817,0,0,0.1214573739343456,53,0,3
2021-03-02,3,13.117966194688435,0,0,0.842592868784672,51,1,3
2021-03-03,3,7.547870568329703,0,0,0.5335548850819102,55,2,3
2021-03-04,3,10.214381724198356,1,0,1.5265968930727976,47,3,3
2021-03-05,3,10.04958965682132,0,0,-0.5726297273215384,36,4,3
2021-03-06,3,14.869347461258691,0,0,2.037892238499304,51,5,3
2021-03-07,3,13.224186745938834,0,0,0.1939556121244317,41,6,3
2021-03-08,3,7.366251032167897,0,0,-0.3038635030055481,41,0,3
2021-03-09,3,8.239167385350829,0,0,0.7278514689762411,35,1,3
2021-03-10,3,11.05424679673147,0,0,1.031619202570872,52,2,3
2021-03-11,3,15.879326528997666,0,0,-0.3365537918221494,40,3,3
2021-03-12,3,6.772306364293771,0,0,-0.0598845501839569,50,4,3
2021-03-13,3,17.432267699223964,1,0,-1.5234419045414167,48,5,3
2021-03-14,3,9.392473163660924,1,0,-0.6211294990601204,48,6,3
2021-03-15,3,14.337794139946508,0,0,-0.4290761784993895,37,0,3
2021-03-16,3,10.222765214362587,0,0,1.047082206688058,44,1,3
2021-03-17,3,18.200410390172827,0,0,0.2742157971257783,43,2,3
2021-03-18,3,7.310559309924535,0,0,0.379090868649848,41,3,3
2021-03-19,3,10.762842896548754,0,0,-0.5114465770292362,42,4,3
2021-03-20,3,18.953245537509364,1,0,0.0808153112007612,51,5,3
2021-03-21,3,16.714083246060184,0,0,0.050282759585326,42,6,3
2021-03-22,3,11.017480973974688,0,0,1.392808241355145,45,0,3
2021-03-23,3,8.779144206667691,0,0,0.5477394313519129,42,1,3
2021-03-24,3,6.669669685684763,0,0,0.0443994924221086,54,2,3
2021-03-25,3,5.0012798883260885,0,0,0.5640580038229276,46,3,3
2021-03-26,3,10.51288015936352,0,0,1.2996551046476512,51,4,3
2021-03-27,3,12.822654756464107,1,0,-1.6413746103584677,50,5,3
2021-03-28,3,13.826736872216612,1,1,0.6944486629266077,52,6,3
2021-03-29,3,15.875768099211362,0,0,2.9744793393225377,47,0,3
2021-03-30,3,5.181444334047994,1,0,1.086157055095817,54,1,3
2021-03-31,3,9.17314672660828,0,0,0.2381748253557568,46,2,3
2021-04-01,3,7.978226293284952,0,0,0.6488084936489309,39,3,4
2021-04-02,3,12.478839909276132,0,0,-0.0146326378446531,44,4,4
2021-04-03,3,8.989417504353685,0,0,-0.2500092276744658,47,5,4
2021-04-04,3,14.304234201670775,0,0,1.507374840252093,44,6,4
2021-04-05,3,9.114246978818269,1,0,1.6645721140832714,53,0,4
2021-04-06,3,18.946718180635912,1,0,-1.2265168792061618,46,1,4
2021-04-07,3,8.018621608322146,0,0,-1.4799284483863708,53,2,4
2021-04-08,3,8.004380881321314,0,0,-0.3843847870986404,51,3,4
2021-04-09,3,11.245239521858686,0,0,-1.3993252827834035,41,4,4
2021-04-10,3,5.173710234309898,0,0,-0.1865005677607929,43,5,4
2021-04-11,3,17.55512562587554,0,0,0.6821769908056717,47,6,4
2021-04-12,3,8.36096395577221,0,0,-0.3162204552207583,43,0,4
2021-04-13,3,11.52180403855913,0,0,0.5021993776610002,36,1,4
2021-04-14,3,10.818402835179514,0,0,-0.5534672188307075,45,2,4
2021-04-15,3,16.63156625177981,0,0,2.083770220774527,39,3,4
2021-04-16,3,12.42485227851274,0,0,0.8182383301292168,39,4,4
2021-04-17,3,14.53122894033261,0,0,1.1062887167995414,50,5,4
2021-04-18,3,9.077541291169071,0,0,-1.642563236072598,42,6,4
2021-04-19,3,8.937264377305745,0,0,1.3255054408573963,42,0,4
2021-04-20,3,11.04320702764064,0,0,-0.5831875494107979,44,1,4
2021-04-21,3,8.446316494167505,0,0,0.4992635009300387,46,2,4
2021-04-22,3,10.11067003267188,0,0,0.1981178866496568,54,3,4
2021-04-23,3,6.007213030240953,0,0,0.4501669016844158,48,4,4
2021-04-24,3,9.882037092246351,0,0,-0.7970597257928833,54,5,4
2021-04-25,3,16.45497042017228,0,0,-0.3135397954558215,44,6,4
2021-04-26,3,7.754094182591925,0,0,-0.6511088106132713,44,0,4
2021-04-27,3,7.027930877433592,0,0,-1.1765658044400258,52,1,4
2021-04-28,3,10.855625873223202,0,0,-2.606046141783025,42,2,4
