sales_data.csv
date,product_id,price,promotion,holiday,weather_index,units_sold,day_of_week,month
2021-04-29,3,6.412880639772679,0,0,1.386701834941367,46,3,4
2021-04-30,3,7.74933482116484,0,0,0.7729111215925693,51,4,4
2021-05-01,3,17.217684699997427,0,0,-0.3448607350243126,39,5,5
2021-05-02,3,6.458626273007461,0,0,1.5583915391848897,44,6,5
2021-05-03,3,17.6067102141847,1,0,-0.6101535146848294,48,0,5
2021-05-04,3,15.851706568713077,0,0,-0.7051103786285393,41,1,5
2021-05-05,3,8.006156071254853,0,0,-1.4174461606861224,39,2,5
2021-05-06,3,6.2445896507087495,0,0,-0.7340096823545348,49,3,5
2021-05-07,3,10.868665586357908,1,0,0.3974800678221054,44,4,5
2021-05-08,3,15.810652939206458,0,0,-1.6182853501918546,36,5,5
2021-05-09,3,9.77456616457698,0,0,2.0568810237218678,46,6,5
2021-05-10,3,11.797394863317258,0,0,-0.610769979561551,44,0,5
2021-05-11,3,16.54502861430749,1,0,-1.4297476637463395,43,1,5
2021-05-12,3,8.65941933778429,0,0,-0.437812517176973,42,2,5
2021-05-13,3,5.718988318517192,0,0,0.7790755995677477,48,3,5
2021-05-14,3,12.13902390256738,0,0,0.2737471227229778,45,4,5
2021-05-15,3,6.2601796914341445,1,0,-0.1529254042178233,41,5,5
2021-05-16,3,10.277104393613545,1,0,0.3299803386426269,35,6,5
2021-05-17,3,6.35063020764168,1,0,0.1603974258852838,51,0,5
2021-05-18,3,13.78701167489304,0,0,-0.8887281078594785,35,1,5
2021-05-19,3,10.632157925952008,0,0,-0.7582430871171594,40,2,5
2021-05-20,3,11.060011721627967,1,0,-0.2628032764951266,45,3,5
2021-05-21,3,18.109858673918943,0,0,-0.0656586635283216,38,4,5
2021-05-22,3,12.077118998018026,0,1,0.7153697746209762,46,5,5
2021-05-23,3,11.3018448286135,1,0,-1.479613860619077,50,6,5
2021-05-24,3,6.494086133983076,0,0,1.2906942527374925,43,0,5
2021-05-25,3,7.652800754433194,0,0,-0.543091244594525,46,1,5
2021-05-26,3,13.99966468596903,1,0,-0.1984000001709241,48,2,5
2021-05-27,3,10.833880845684096,0,0,0.5091969304330198,43,3,5
2021-05-28,3,7.441151163463642,0,0,-0.2406688610759655,47,4,5
2021-05-29,3,9.335890621692002,0,0,2.528581600752136,48,5,5
2021-05-30,3,16.607942190532764,0,0,-0.598115199846726,43,6,5
2021-05-31,3,13.520914336209966,0,0,-0.4175875239102529,38,0,5
2021-06-01,3,16.46555914423007,0,0,-1.2626858575408773,38,1,6
2021-06-02,3,5.062801589909917,0,0,0.5333655191277462,51,2,6
2021-06-03,3,18.51368797215187,0,0,0.7857390545029184,40,3,6
2021-06-04,3,9.989530020560291,1,0,-0.956420784848582,52,4,6
2021-06-05,3,7.265296663256949,0,0,0.4358993216233998,49,5,6
2021-06-06,3,11.117373970593244,0,1,1.733135542953234,50,6,6
2021-06-07,3,5.80574472642877,0,0,-0.9829929091758798,51,0,6
2021-06-08,3,11.03818951882426,1,1,-0.4835224556334684,59,1,6
2021-06-09,3,11.63258868566525,1,0,0.8495295094084976,54,2,6
2021-06-10,3,19.601172744833917,1,0,-1.17492539010771,47,3,6
2021-06-11,3,6.9959150908678325,0,0,0.6424868560676711,44,4,6
2021-06-12,3,8.764059840556904,0,0,0.1594221707968189,48,5,6
2021-06-13,3,16.14220731724344,1,0,0.976186848092293,44,6,6
2021-06-14,3,14.01222877520875,0,0,-1.9661881634412532,40,0,6
2021-06-15,3,9.20467385437647,0,0,-1.6398196270203529,46,1,6
2021-06-16,3,18.63284196168579,0,0,-1.4392092967238204,42,2,6
2021-06-17,3,7.072444750932787,0,0,-1.4073916806962428,49,3,6
2021-06-18,3,13.905094940515818,0,0,0.7179818027376408,41,4,6
2021-06-19,3,13.278382715660468,0,0,-1.0376780209429093,42,5,6
2021-06-20,3,15.758536665143993,0,0,2.0997584384703463,36,6,6
2021-06-21,3,12.4889354338291,0,0,1.2457041770353066,43,0,6
2021-06-22,3,19.343259049186305,0,0,0.7851609184138049,44,1,6
2021-06-23,3,11.83229152132359,1,0,-2.526469618346904,47,2,6
2021-06-24,3,15.719634646954056,0,0,2.21107954261181,42,3,6
2021-06-25,3,19.12327938523385,0,0,0.5794978556584329,30,4,6
2021-06-26,3,6.481696948769535,0,0,-1.1087379142406308,44,5,6
2021-06-27,3,10.675472400422665,0,0,0.2851472658242016,36,6,6
2021-06-28,3,5.281783446736906,0,0,-1.177302060861368,51,0,6
2021-06-29,3,19.1571323375636,0,0,-0.6105031863990477,41,1,6
2021-06-30,3,19.22310050095647,0,0,0.2499279483783651,27,2,6
2021-07-01,3,12.845103468560938,0,0,0.3781435728414855,49,3,7
2021-07-02,3,14.899543459676009,0,0,-0.0405322564997701,52,4,7
2021-07-03,3,10.27179059770573,0,0,1.4418943100548365,44,5,7
2021-07-04,3,8.967774954748572,0,0,0.4143079989529821,48,6,7
2021-07-05,3,19.03470921586336,0,0,-0.6212850381574548,37,0,7
2021-07-06,3,8.236653118726347,0,0,0.1704900573801985,43,1,7
2021-07-07,3,19.43895302454557,0,0,1.6326785887928703,38,2,7
2021-07-08,3,16.408212436006313,0,0,-0.8598114904935588,42,3,7
2021-07-09,3,17.871545669081094,0,0,-0.1722291496745388,51,4,7
2021-07-10,3,19.817007395040857,0,0,-0.6547808848737567,33,5,7
2021-07-11,3,17.208751902775855,0,0,0.0523720534062799,34,6,7
2021-07-12,3,17.856041732890084,0,0,-0.394691342603998,39,0,7
2021-07-13,3,17.207777653883944,0,0,0.6023575940687911,47,1,7
2021-07-14,3,17.30797223441008,0,0,-1.2758600702232237,36,2,7
2021-07-15,3,12.003387493903425,0,0,1.188640612210941,51,3,7
2021-07-16,3,16.243200888007372,1,0,-0.8554322117993949,49,4,7
2021-07-17,3,11.527459836694234,0,0,-1.242070888747287,47,5,7
2021-07-18,3,9.40729526427844,0,1,-1.2721697915065575,44,6,7
2021-07-19,3,17.809185322402563,0,0,0.2892580839264694,44,0,7
2021-07-20,3,15.68637829478531,0,0,0.8055631868271319,40,1,7
2021-07-21,3,17.476101600611877,1,0,0.6632907962006465,39,2,7
2021-07-22,3,5.305352720976068,0,0,-0.0328757426896521,54,3,7
2021-07-23,3,7.843506934387599,0,0,-0.5200534194940313,49,4,7
2021-07-24,3,5.492436631599297,1,0,0.3731428400471534,58,5,7
2021-07-25,3,8.607001587027524,0,0,-1.4453545146174325,42,6,7
2021-07-26,3,10.104123968079923,0,0,1.0021206227134043,44,0,7
2021-07-27,3,17.03083584555633,0,0,0.4960307918363448,46,1,7
2021-07-28,3,7.29090118067788,1,0,1.1610691041380108,44,2,7
2021-07-29,3,11.186474979445808,0,0,-1.5194061074932914,44,3,7
2021-07-30,3,14.678532729756396,0,0,-1.6800165363377402,44,4,7
2021-07-31,3,5.457649600353095,0,0,-1.560804719281825,48,5,7
2021-08-01,3,14.606016207455038,0,0,0.6919455800150691,40,6,8
2021-08-02,3,15.480956934192111,0,0,0.1090720509855501,46,0,8
2021-08-03,3,5.922060576633345,0,0,-0.438252516684784,44,1,8
2021-08-04,3,9.839772300058668,0,0,1.6826956291790869,48,2,8
2021-08-05,3,14.104242255860807,0,1,0.5567620781593917,53,3,8
2021-08-06,3,19.38027697711447,0,0,-1.3617651648762834,37,4,8
2021-08-07,3,13.400852611020907,1,0,0.0787695569092145,43,5,8
2021-08-08,3,10.68992348575027,1,0,-0.0327099490343873,53,6,8
2021-08-09,3,10.994171811283428,0,0,-0.3599071802251745,43,0,8
2021-08-10,3,12.615354283069172,0,0,0.0099216203224999,35,1,8
2021-08-11,3,5.740362409589055,1,0,0.4060575734490665,48,2,8
2021-08-12,3,5.177854483253775,0,0,-1.7390072943319743,44,3,8
2021-08-13,3,15.820854106971222,1,0,1.1794010615452688,48,4,8
2021-08-14,3,8.233934485209002,1,0,-0.2532575823732711,45,5,8
2021-08-15,3,7.680421093141577,0,0,-0.5834956461031415,55,6,8
2021-08-16,3,16.08967146880301,1,0,-0.4514520540469919,50,0,8
2021-08-17,3,15.185667924447582,0,0,2.821325902295481,41,1,8
2021-08-18,3,6.541627920323489,0,0,0.2229458559033773,52,2,8
2021-08-19,3,13.87242574380512,0,0,0.4210408294301648,39,3,8
2021-08-20,3,15.337182466088327,0,0,-0.1037409192138473,40,4,8
2021-08-21,3,6.525652326015913,1,0,0.8471865270352651,49,5,8
2021-08-22,3,9.018049049750465,1,0,0.127468624732213,54,6,8
2021-08-23,3,16.45139774002279,1,0,-0.0532706206837769,42,0,8
2021-08-24,3,19.785939180789462,0,0,0.3778468769930417,39,1,8
2021-08-25,3,5.50672364715478,0,0,0.3920022923776889,45,2,8
2021-08-26,3,16.798691167367362,0,0,0.8830389128308352,34,3,8
2021-08-27,3,18.78483910310973,0,0,0.0582427827404603,43,4,8
2021-08-28,3,16.937494459134193,0,0,-0.3499938755345876,42,5,8
2021-08-29,3,10.682857614648464,0,0,-0.4959691350387567,33,6,8
2021-08-30,3,6.390468916613302,0,0,-0.2910869806325823,39,0,8
2021-08-31,3,14.485286989752378,1,0,-0.2775492185033817,46,1,8
2021-09-01,3,14.006236899422792,1,0,-1.9883219082715813,37,2,9
2021-09-02,3,13.5861092098555,1,0,0.0660153629127585,40,3,9
2021-09-03,3,11.62484205109179,0,0,0.361956769876837,41,4,9
2021-09-04,3,16.463209291005892,1,0,0.8556937639965888,41,5,9
2021-09-05,3,16.360193048179255,1,0,0.3557477139202109,45,6,9
2021-09-06,3,7.797570389720556,0,0,-0.715258463616697,49,0,9
2021-09-07,3,17.55058215889299,0,0,-0.5454349523916688,42,1,9
2021-09-08,3,12.50586054586579,1,1,-0.1969715222955135,52,2,9
2021-09-09,3,16.056021351192626,0,0,0.4410468939901029,48,3,9
2021-09-10,3,8.221262938433298,0,0,-1.5614478673196206,42,4,9
2021-09-11,3,7.294605086564895,0,1,0.1168565866168712,45,5,9
2021-09-12,3,15.628993061316985,0,1,-0.958761923624738,51,6,9
2021-09-13,3,19.22074038138883,0,0,-0.0592003754433708,33,0,9
2021-09-14,3,19.454208119027875,0,0,0.9277896845597282,41,1,9
2021-09-15,3,8.521745676950328,1,0,-1.281946464948605,48,2,9
2021-09-16,3,18.840437346532063,0,0,0.1034247590445303,45,3,9
2021-09-17,3,11.218874071202167,0,0,-0.3788009178041154,51,4,9
2021-09-18,3,6.858013440649065,0,0,0.880684122675752,54,5,9
2021-09-19,3,13.153448458430995,0,0,-1.604013589304326,48,6,9
2021-09-20,3,7.556359981885279,0,0,-0.762197092920402,49,0,9
2021-09-21,3,13.20287815009658,0,0,0.8919868223988725,43,1,9
2021-09-22,3,8.372231044645035,0,0,0.9272378873084336,49,2,9
2021-09-23,3,15.177060930760168,0,1,-0.305191016579048,48,3,9
2021-09-24,3,11.431927480339318,1,0,-0.3425937908945334,52,4,9
2021-09-25,3,8.760215200278182,1,0,-0.4049145120499262,38,5,9
2021-09-26,3,9.493633526370637,1,0,1.385784884713981,48,6,9
2021-09-27,3,16.37347518265692,0,0,-0.7206980694509192,44,0,9
2021-09-28,3,8.005401815028403,0,0,-1.9208202622271544,43,1,9
2021-09-29,3,7.264307201731588,0,0,1.0636538250422607,47,2,9
2021-09-30,3,7.779959971817199,0,0,-1.0206538593770147,41,3,9
2021-10-01,3,8.435756125241094,0,0,-0.8062001412603016,37,4,10
2021-10-02,3,14.306233175670464,0,0,-0.6977635200040009,40,5,10
2021-10-03,3,16.1200345873309,0,0,1.150709162203897,43,6,10
2021-10-04,3,17.15186096480798,0,0,-1.1645049358798063,46,0,10
2021-10-05,3,10.460118328619387,0,0,0.6757983152285252,44,1,10
2021-10-06,3,12.42070973238241,0,0,-1.4202223158129503,50,2,10
2021-10-07,3,6.008947804479776,0,0,1.0014252746579957,52,3,10
2021-10-08,3,17.977379067111485,1,0,0.0619868564940185,51,4,10
2021-10-09,3,11.905551820523062,0,0,-0.5941679968891881,37,5,10
2021-10-10,3,18.13203861127276,0,0,-0.7652179935742764,35,6,10
2021-10-11,3,5.025265083112459,0,0,0.0348470480558032,45,0,10
2021-10-12,3,10.612558134902455,0,0,-1.4616583381762769,44,1,10
2021-10-13,3,17.378044281794928,0,0,-1.423542913987097,42,2,10
2021-10-14,3,10.910701203258435,0,0,-1.3404898754496823,38,3,10
2021-10-15,3,15.13439583344923,0,0,0.240751015779499,41,4,10
2021-10-16,3,7.937022503662288,0,0,-1.770941764926175,49,5,10
2021-10-17,3,10.291493670731214,0,0,-1.2528065247134412,38,6,10
2021-10-18,3,8.682402195792292,1,0,-0.0760943162811622,57,0,10
2021-10-19,3,9.907363741838813,1,0,-0.5436133293252541,54,1,10
2021-10-20,3,19.484660992868235,0,0,1.434213014527311,34,2,10
2021-10-21,3,8.966281041965114,0,0,-0.1741732610648735,51,3,10
2021-10-22,3,6.3071706547266695,1,0,0.6361214363273141,51,4,10
2021-10-23,3,8.314949495473927,1,0,-0.8295513235624341,52,5,10
2021-10-24,3,11.815956523208923,0,0,0.08822529191599,53,6,10
2021-10-25,3,16.996525591083405,0,0,1.803637779289108,49,0,10
2021-10-26,3,14.383649962407295,0,0,0.2601054465759881,48,1,10
2021-10-27,3,9.991422484034745,0,0,-0.04979382365412,40,2,10
2021-10-28,3,7.159741824813224,1,0,0.4441916355386102,51,3,10
2021-10-29,3,11.647413225213237,0,0,-1.5420087949465848,43,4,10
2021-10-30,3,16.22286685808787,0,0,-0.3884253569757092,46,5,10
2021-10-31,3,15.70638415512058,1,0,0.4468992107263918,44,6,10
2021-11-01,3,16.407184906165263,0,0,0.509308813367378,43,0,11
2021-11-02,3,16.11277308026546,1,0,0.2648432757374095,38,1,11
2021-11-03,3,11.150919150045626,1,0,-0.4406260256470005,47,2,11
2021-11-04,3,13.889448916719637,0,0,-1.292957034617807,33,3,11
2021-11-05,3,8.20994345693534,0,0,-1.2472399891258603,48,4,11
2021-11-06,3,13.396092141816764,0,0,2.231341058585808,50,5,11
2021-11-07,3,9.906335255989283,1,0,-0.3085659863623974,45,6,11
2021-11-08,3,13.487609612076293,1,0,-2.2373838058503788,53,0,11
2021-11-09,3,10.825601803124528,0,0,0.5384092298090561,45,1,11
2021-11-10,3,8.055849576446562,0,0,-0.1588191378009344,42,2,11
2021-11-11,3,7.847113070143791,0,0,-0.8230556470709098,49,3,11
2021-11-12,3,11.438641925222615,0,0,-0.7321628063370855,47,4,11
2021-11-13,3,10.373089346869625,0,0,-0.8081645815138703,48,5,11
2021-11-14,3,16.39104080461905,1,0,-1.0466809715948175,49,6,11
2021-11-15,3,5.009844687669197,0,0,-0.0272918113808611,48,0,11
2021-11-16,3,17.301219533142373,0,0,-1.4272583675336437,37,1,11
2021-11-17,3,14.817182431111554,0,0,-0.2685712117071631,41,2,11
2021-11-18,3,12.875263364338949,0,0,1.213953885086002,41,3,11
2021-11-19,3,17.734992973104525,0,0,-1.4026065303957167,40,4,11
2021-11-20,3,16.025526943663262,0,1,-0.0402074872975267,43,5,11
2021-11-21,3,12.120511663596504,0,0,2.380382127892827,46,6,11
2021-11-22,3,14.022044073804969,0,0,0.6609006422151797,46,0,11
2021-11-23,3,9.69987320080487,0,0,-1.5926476105076992,48,1,11
2021-11-24,3,6.80249872034708,0,0,-0.4178151684691853,41,2,11
2021-11-25,3,18.34231925499469,0,0,-1.121043594888405,35,3,11
2021-11-26,3,11.045297663405162,0,0,0.3904570890214514,46,4,11
2021-11-27,3,18.170019702652933,0,0,-0.7022192684002041,36,5,11
2021-11-28,3,7.6979623152813454,0,0,0.302389011490661,39,6,11
2021-11-29,3,17.107197836580234,0,0,-0.477045417461036,41,0,11
2021-11-30,3,11.57381038605799,0,1,0.2380206240090215,49,1,11
2021-12-01,3,17.88976184817014,0,0,-0.1561034775234648,38,2,12
2021-12-02,3,14.335546660780812,0,0,1.0741208182934685,35,3,12
2021-12-03,3,6.897286361263646,0,0,-1.4134433090306362,44,4,12
2021-12-04,3,18.81534983268004,0,0,0.1013629169384821,47,5,12
2021-12-05,3,19.195200813866855,0,0,-0.3093103704789595,43,6,12
2021-12-06,3,17.491108821891096,0,0,1.033686420371962,40,0,12
2021-12-07,3,17.06413589597559,1,0,0.2455987889103449,42,1,12
2021-12-08,3,9.42869075563886,0,0,0.6445302939439812,46,2,12
2021-12-09,3,8.41957050986391,1,0,-0.8408032713989475,50,3,12
2021-12-10,3,5.864870619654185,0,0,-1.1870880897134966,49,4,12
2021-12-11,3,8.343322672529743,0,0,0.4965621619466088,42,5,12
2021-12-12,3,18.24156276095656,0,0,0.6060995104905629,41,6,12
2021-12-13,3,13.521758093221814,0,0,0.7867802903890861,46,0,12
2021-12-14,3,16.498944474989905,0,0,0.2379479628498376,43,1,12
2021-12-15,3,16.727711921950565,0,0,-0.6277584368665269,43,2,12
2021-12-16,3,11.525653245730473,0,0,-0.3107200861873843,32,3,12
2021-12-17,3,7.708501476093621,0,0,0.2185699929802609,41,4,12
2021-12-18,3,15.449672228898022,0,0,0.6902380027964099,41,5,12
2021-12-19,3,11.025540671262071,0,0,2.1745483208839937,51,6,12
2021-12-20,3,18.290271685391467,0,0,-0.5802352982024049,40,0,12
2021-12-21,3,15.947680348369268,0,0,0.5034567904905141,34,1,12
2021-12-22,3,5.742933879083691,0,0,1.369877180713602,51,2,12
2021-12-23,3,8.209137855470566,0,0,-0.0742847416504099,48,3,12
2021-12-24,3,15.529231581496305,1,0,0.0787366500012006,47,4,12
2021-12-25,3,13.180140141044802,0,0,-0.7246130596784571,33,5,12
2021-12-26,3,6.757575279545449,0,0,0.2864956969804085,36,6,12
2021-12-27,3,5.8490298865317545,0,0,0.4201901091387391,38,0,12
2021-12-28,3,16.90886733698992,0,0,0.1929947453919128,40,1,12
2021-12-29,3,7.49698014692585,1,0,-1.2829127819248418,48,2,12
2021-12-30,3,16.466597657376845,0,0,1.309637817897182,46,3,12
2021-12-31,3,13.199729141292911,1,0,1.1746128584794355,51,4,12
2022-01-01,3,6.903709026695131,0,0,0.3064636360845938,50,5,1
2022-01-02,3,19.121467883270963,0,0,0.0414794574377053,39,6,1
2022-01-03,3,15.20296527743958,1,1,-0.2472753428705961,53,0,1
2022-01-04,3,18.277319972313457,1,0,-0.7815060246757496,39,1,1
2022-01-05,3,18.783268182002367,1,0,2.5728586044278705,44,2,1
2022-01-06,3,13.80348220902071,1,0,0.5726627035097508,45,3,1
2022-01-07,3,9.828458883185483,0,0,0.1687725316461689,46,4,1
2022-01-08,3,12.625094515933466,0,0,-2.5648852209940607,46,5,1
2022-01-09,3,17.716201433623436,0,0,-1.9247135132872812,46,6,1
2022-01-10,3,9.332254322356489,0,0,0.8679341909968612,51,0,1
2022-01-11,3,10.713596238990938,0,0,-0.2653418760040713,47,1,1
2022-01-12,3,19.127753078767874,1,0,0.1427458796670751,49,2,1
2022-01-13,3,18.68288431078065,0,0,-0.6988255929051892,43,3,1
2022-01-14,3,6.011926046832556,0,0,-1.4706205181151242,51,4,1
2022-01-15,3,13.528022079544035,0,0,-0.1503108581391837,40,5,1
2022-01-16,3,6.887465320029763,1,0,-0.2536229065548487,59,6,1
2022-01-17,3,19.6642548503672,1,0,0.4460814549153364,42,0,1
2022-01-18,3,10.55805649295568,0,0,1.045510829101329,45,1,1
2022-01-19,3,10.608842830313382,0,0,1.845009114389938,46,2,1
2022-01-20,3,18.99074536895536,0,0,1.3991220703090508,38,3,1
2022-01-21,3,16.076664846961624,0,0,1.6508170484603983,45,4,1
2022-01-22,3,10.255651423224636,0,0,-1.420028338946452,49,5,1
2022-01-23,3,17.640973295648916,0,0,0.5754437084666747,47,6,1
2022-01-24,3,11.79956664376477,0,0,-0.2039267185975967,39,0,1
2022-01-25,3,12.644307138575403,0,0,1.4364457503391137,47,1,1
2022-01-26,3,19.440458055867094,0,0,0.1357179445266888,44,2,1
2022-01-27,3,11.972395492417109,0,0,0.0884983201076223,27,3,1
2022-01-28,3,7.788106500382078,1,0,-1.573116192593538,50,4,1
2022-01-29,3,10.048156252248624,0,0,1.0425480274417542,51,5,1
2022-01-30,3,9.268032653978842,1,0,0.5065516279245028,41,6,1
2022-01-31,3,8.821864392496426,1,0,-0.7804337511670414,40,0,1
2022-02-01,3,18.605492073165827,0,0,0.793664106910872,39,1,2
2022-02-02,3,8.887514277790975,0,0,-0.0977057568167763,49,2,2
2022-02-03,3,18.290936339877376,0,0,-1.1459157838616845,45,3,2
2022-02-04,3,18.387679406999304,0,0,0.2113188111537797,39,4,2
2022-02-05,3,15.661370798953056,0,0,0.4904794764037226,39,5,2
2022-02-06,3,15.355630214550487,0,0,-0.2032649531622337,50,6,2
2022-02-07,3,8.98249519068191,0,0,0.7631934760315369,41,0,2
2022-02-08,3,8.128500737251043,0,0,-1.5296344659904524,42,1,2
2022-02-09,3,15.901449553845426,1,0,-1.647947653144685,40,2,2
2022-02-10,3,14.234649632391362,0,0,-0.2694761106269699,42,3,2
