sales_data.csv
date,product_id,price,promotion,holiday,weather_index,units_sold,day_of_week,month
2022-02-11,3,17.046322154215865,0,1,-1.9588458999782676,51,4,2
2022-02-12,3,13.58200791722067,1,0,-1.1984542957227249,54,5,2
2022-02-13,3,14.29498329151678,1,0,-1.3300170726064655,47,6,2
2022-02-14,3,6.150245194156557,0,0,-0.1287179582288772,47,0,2
2022-02-15,3,15.391762197470529,0,1,-0.1588709463454527,37,1,2
2022-02-16,3,19.911088973100977,0,0,0.7219196747138945,40,2,2
2022-02-17,3,16.674939824380893,0,0,-1.408870229115074,44,3,2
2022-02-18,3,19.217284052737767,0,0,-1.0642012370002876,38,4,2
2022-02-19,3,18.044546273098867,0,0,0.4019955592727292,42,5,2
2022-02-20,3,19.407339297559854,0,0,-0.1447033598094411,39,6,2
2022-02-21,3,12.24783241383332,0,0,1.2953009500696913,47,0,2
2022-02-22,3,7.537777181533443,0,0,-2.8340617704305866,52,1,2
2022-02-23,3,6.313819497935432,0,0,-1.223779772016367,51,2,2
2022-02-24,3,10.402928135245151,0,0,1.1300558386471509,49,3,2
2022-02-25,3,19.5176892575768,0,0,0.7400733750967704,31,4,2
2022-02-26,3,16.627111594060697,0,0,-0.4243628956875444,45,5,2
2022-02-27,3,8.918567055817068,0,0,1.7672925206348955,54,6,2
2022-02-28,3,11.090235185826453,0,0,0.8714288859402877,48,0,2
2022-03-01,3,18.982312157485115,1,0,1.2964672642145905,45,1,3
2022-03-02,3,10.251524975904326,0,0,1.1185648681360991,39,2,3
2022-03-03,3,13.121988563834922,0,0,-0.594992572230859,37,3,3
2022-03-04,3,16.208635804200867,0,0,0.4876385382623281,46,4,3
2022-03-05,3,6.815848879264073,0,0,1.2700504246590545,47,5,3
2022-03-06,3,9.318614011659973,0,0,0.9108248788467904,49,6,3
2022-03-07,3,19.780886229752987,0,0,0.5738234385344217,28,0,3
2022-03-08,3,9.21114066944186,0,1,-0.9886765678314934,50,1,3
2022-03-09,3,11.258455392042071,0,1,0.3453184624695181,47,2,3
2022-03-10,3,10.414666599125486,0,0,-1.4822045916586095,42,3,3
2022-03-11,3,17.31743821649605,0,0,0.8009816843681494,40,4,3
2022-03-12,3,17.667011622914586,1,0,-1.487528293276462,46,5,3
2022-03-13,3,19.919225519098024,0,0,-0.8004749067335958,42,6,3
2022-03-14,3,7.595441035766449,1,0,0.5862354524168064,51,0,3
2022-03-15,3,18.36030061426101,0,0,1.7750860809891558,35,1,3
2022-03-16,3,16.57633037476466,0,0,0.0808514838105173,48,2,3
2022-03-17,3,16.163063880599562,1,0,-0.5473320661361196,42,3,3
2022-03-18,3,18.40712295953977,1,1,0.4751732491793344,51,4,3
2022-03-19,3,17.413520622931493,0,0,1.0815843535148169,32,5,3
2022-03-20,3,17.791490400959475,0,0,1.7935848683760145,39,6,3
2022-03-21,3,18.32986360373116,0,0,0.8014675306424484,42,0,3
2022-03-22,3,9.577098891006532,0,0,-2.035404452896392,47,1,3
2022-03-23,3,16.12139474455664,0,1,1.2090254066827504,52,2,3
2022-03-24,3,18.390423247363227,0,0,2.2388913924987386,40,3,3
2022-03-25,3,18.48871222228214,0,0,0.1449042795044949,38,4,3
2022-03-26,3,18.74590280755137,0,0,0.7163376222734437,35,5,3
2022-03-27,3,9.586294385284504,1,0,-1.7108848027555712,55,6,3
2022-03-28,3,18.16434438203997,0,0,-1.328616496475582,39,0,3
2022-03-29,3,14.178400552350976,0,0,0.5401137491473966,39,1,3
2022-03-30,3,19.793236256176133,0,0,-1.0503958343235074,37,2,3
2022-03-31,3,9.767919295465354,1,0,2.421197533396949,53,3,3
2022-04-01,3,17.958729797424684,0,0,0.8231694541131839,45,4,4
2022-04-02,3,12.113347571579007,0,0,-1.425739830054579,40,5,4
2022-04-03,3,7.306412785265779,0,0,0.7348355042394491,42,6,4
2022-04-04,3,5.003695170854756,0,0,1.9699288736801164,49,0,4
2022-04-05,3,19.17690186488342,0,0,-1.4673378493647244,31,1,4
2022-04-06,3,14.679204018391983,0,0,1.520286966394137,47,2,4
2022-04-07,3,8.551905101501138,0,0,-1.721404018180354,48,3,4
2022-04-08,3,18.724625518466688,0,0,0.1290941221905904,42,4,4
2022-04-09,3,17.417140655706646,1,0,0.2896473327870212,44,5,4
2022-04-10,3,5.132462323760807,0,0,-1.0786847845697816,54,6,4
2022-04-11,3,7.716599934694199,0,0,0.5018061451090302,39,0,4
2022-04-12,3,18.336033426458,0,0,0.5099829011803277,41,1,4
2022-04-13,3,16.696159965195022,0,0,0.969833271206018,27,2,4
2022-04-14,3,10.753801029168342,0,0,-0.201039416252803,45,3,4
2022-04-15,3,18.60624554591565,0,0,0.3378425551548432,36,4,4
2022-04-16,3,5.435827707745097,0,1,-0.7381190713236334,55,5,4
2022-04-17,3,14.079792360006527,0,0,-0.2181219652296802,56,6,4
2022-04-18,3,14.208779922573711,0,0,1.2083063547612765,48,0,4
2022-04-19,3,12.056207281499535,0,0,-0.6966200784261392,47,1,4
2022-04-20,3,16.937513295596634,0,0,-2.165186531428182,50,2,4
2022-04-21,3,6.411240791596908,0,0,-0.5746713407886795,49,3,4
2022-04-22,3,13.316911788688705,0,0,0.6331451118521106,38,4,4
2022-04-23,3,15.555435000041692,0,0,-1.2285885231458011,46,5,4
2022-04-24,3,9.139848021386346,0,0,0.9737096070695324,40,6,4
2022-04-25,3,15.714393534434604,0,0,0.9234322928752082,36,0,4
2022-04-26,3,5.26014082823055,1,0,0.7425961547008727,52,1,4
2022-04-27,3,8.131515140610215,0,0,-0.2963957225548264,47,2,4
2022-04-28,3,9.754190302319326,1,0,-0.8576588865644955,48,3,4
2022-04-29,3,9.98445784629156,1,0,0.6138849335573627,48,4,4
2022-04-30,3,8.533253018074895,1,0,0.536445052394744,54,5,4
2022-05-01,3,11.432616171887217,0,0,-1.057132902370561,39,6,5
2022-05-02,3,10.785301668784456,0,0,0.578603428923756,42,0,5
2022-05-03,3,10.03717547212936,0,0,1.2088048162918137,51,1,5
2022-05-04,3,19.373974850412964,0,0,-1.2544778807892585,33,2,5
2022-05-05,3,17.417192772365752,1,0,0.373846016316396,54,3,5
2022-05-06,3,18.87928511949581,1,0,-1.1026956617067385,39,4,5
2022-05-07,3,14.674524396352512,0,0,-0.7303808516247653,46,5,5
2022-05-08,3,7.948198012433415,0,0,-0.374429014154774,53,6,5
2022-05-09,3,5.973963790349116,0,0,-0.6353668362460848,52,0,5
2022-05-10,3,19.108847718800234,0,1,-0.400712661152296,39,1,5
2022-05-11,3,6.426533547295866,0,0,0.040683685176114,48,2,5
2022-05-12,3,17.91813980273664,0,0,-0.8332283258116076,47,3,5
2022-05-13,3,17.987454098731817,0,0,-1.435449221499848,41,4,5
2022-05-14,3,13.46562400271914,1,0,-0.828711331267971,43,5,5
2022-05-15,3,7.8544094490411345,0,0,1.3186056474001984,40,6,5
2022-05-16,3,6.36684126365195,0,0,-1.0602949145456115,47,0,5
2022-05-17,3,15.91034367889286,1,0,-1.3447089033336528,40,1,5
2022-05-18,3,13.094895782680409,1,0,-0.3829332013619665,41,2,5
2022-05-19,3,13.377892086222388,1,0,-1.3100308664558675,47,3,5
2022-05-20,3,11.84194910458966,0,0,0.8166457087508567,33,4,5
2022-05-21,3,13.765649531505591,0,0,-0.8593459539497038,42,5,5
2022-05-22,3,13.173156534403256,0,0,-0.059716652281037,44,6,5
2022-05-23,3,6.462390093880751,0,0,-0.2492528678040068,51,0,5
2022-05-24,3,9.192209569519171,0,0,-0.9859113215649308,56,1,5
2022-05-25,3,18.534981156491128,1,0,0.7975690841077869,31,2,5
2022-05-26,3,6.8457373054444615,0,0,-0.9301573212807184,53,3,5
2022-05-27,3,19.3676201396095,0,0,-0.3406093465856543,38,4,5
2022-05-28,3,6.421249025975044,0,0,-0.9884857904865516,51,5,5
2022-05-29,3,19.18588552632824,0,0,-0.5837266328770726,38,6,5
2022-05-30,3,14.484072855576038,0,0,-0.1840224318905541,40,0,5
2022-05-31,3,9.362673237270844,0,0,2.1326359579308294,44,1,5
2022-06-01,3,13.867966027489055,1,0,1.317891886685506,55,2,6
2022-06-02,3,18.47925010049002,0,0,-0.1367854583513563,31,3,6
2022-06-03,3,14.913818468837018,0,0,-0.3445495168915371,41,4,6
2022-06-04,3,11.706023569691087,0,0,-1.2579186999411287,43,5,6
2022-06-05,3,5.237839039434328,0,0,2.4030128117789284,48,6,6
2022-06-06,3,18.579108976347896,0,0,0.1971136622006394,34,0,6
2022-06-07,3,16.046956605068928,0,0,-1.3075103108666484,45,1,6
2022-06-08,3,13.047682983351171,0,0,-1.3800700239030863,40,2,6
2022-06-09,3,12.810209352585208,0,0,1.8637415039676304,45,3,6
2022-06-10,3,13.865437807549618,0,0,-0.150950121479911,37,4,6
2022-06-11,3,10.543823717270946,0,0,-1.8039326869423264,43,5,6
2022-06-12,3,6.704238669983274,0,0,-1.5477561627095553,44,6,6
2022-06-13,3,6.950779574963853,0,0,0.2679860876850381,41,0,6
2022-06-14,3,12.978133271240806,0,0,0.9803319232320024,44,1,6
2022-06-15,3,16.00926691644168,0,0,-0.6945724195307507,47,2,6
2022-06-16,3,5.0409348222666335,0,0,0.0668421677057799,53,3,6
2022-06-17,3,11.806473351684382,0,0,0.1658398963886245,39,4,6
2022-06-18,3,6.521032989853346,1,0,0.2354705016450149,48,5,6
2022-06-19,3,7.026557524836246,0,0,0.4856344457322974,38,6,6
2022-06-20,3,6.849687756578296,0,0,-2.202314456204722,48,0,6
2022-06-21,3,19.70577143621133,0,0,-0.4627845027461073,37,1,6
2022-06-22,3,19.25670378328376,1,0,1.7801252050750351,42,2,6
2022-06-23,3,8.169529179676125,0,0,-0.7914043744655349,46,3,6
2022-06-24,3,12.222301494929752,0,0,-1.4446492018293708,49,4,6
2022-06-25,3,15.68216706213208,0,0,-1.376656198299748,38,5,6
2022-06-26,3,16.582292896156467,0,0,-0.0207837070455253,47,6,6
2022-06-27,3,17.400648023975116,0,0,1.0407356769372365,42,0,6
2022-06-28,3,8.72509513665618,0,0,-0.1847231364574326,49,1,6
2022-06-29,3,17.886399457084018,1,0,-0.1210593135826988,34,2,6
2022-06-30,3,14.599987867972356,0,0,0.0372290408072716,52,3,6
2022-07-01,3,15.275069987654907,0,0,1.298976165965949,32,4,7
2022-07-02,3,17.042940873137933,0,0,-0.9112139343666054,43,5,7
2022-07-03,3,11.627728072493069,0,0,0.5214715832385954,36,6,7
2022-07-04,3,8.245178356812126,1,0,0.8075170709116811,46,0,7
2022-07-05,3,9.332723391327338,0,0,-1.3246460970664051,48,1,7
2022-07-06,3,8.468220528762979,0,0,-0.2549788768169618,44,2,7
2022-07-07,3,13.960199875604058,1,0,-0.9623243082740178,37,3,7
2022-07-08,3,5.465524847614928,0,0,-0.3477752264829643,50,4,7
2022-07-09,3,9.462757417501848,0,0,0.3813545326475532,47,5,7
2022-07-10,3,12.347773798070673,0,0,0.082922986869262,48,6,7
2022-07-11,3,15.148341262728676,0,0,-1.227088785296115,49,0,7
2022-07-12,3,9.230077669349717,0,0,1.3735241120335235,52,1,7
2022-07-13,3,5.053022941467382,0,0,-0.7813821128456417,54,2,7
2022-07-14,3,11.276983186465948,0,0,-0.2966935783864322,46,3,7
2022-07-15,3,19.243095625622068,0,0,0.8634362656063562,46,4,7
2022-07-16,3,8.827846120223368,1,0,0.3799601208248424,46,5,7
2022-07-17,3,17.312717762225805,0,0,-0.884287939186014,41,6,7
2022-07-18,3,11.389282316599692,1,0,-0.5751933147959296,46,0,7
2022-07-19,3,5.295017687468711,0,0,-0.6630596844727548,36,1,7
2022-07-20,3,5.310004908134712,0,0,-0.4063084608868874,44,2,7
2022-07-21,3,5.605437950457921,0,0,0.1850708221314982,42,3,7
2022-07-22,3,11.770155089457027,0,0,-2.292545943179148,49,4,7
2022-07-23,3,18.874913724793224,1,0,-0.2585801796000351,25,5,7
2022-07-24,3,13.251900642754384,0,0,-0.1589613638540525,45,6,7
2022-07-25,3,12.445960128120213,0,0,0.0203633486694602,44,0,7
2022-07-26,3,18.97222625702508,1,0,-0.2029958584550635,42,1,7
2022-07-27,3,16.852026559355743,0,0,-0.6118839486366695,43,2,7
2022-07-28,3,12.824150915170756,1,0,0.0657979309120667,47,3,7
2022-07-29,3,9.203588186792215,0,0,0.8448005872670232,50,4,7
2022-07-30,3,19.01184286834817,1,0,-1.4953906055616613,41,5,7
2022-07-31,3,5.429722159023999,0,0,0.4830376168697462,46,6,7
2022-08-01,3,5.730195129339313,0,0,-0.0591175382102204,48,0,8
2022-08-02,3,14.265840551744564,1,0,1.4291084650571677,48,1,8
2022-08-03,3,18.663086584770262,0,0,0.4869787113669123,36,2,8
2022-08-04,3,15.947637266319262,1,0,0.9305802898443828,47,3,8
2022-08-05,3,12.818547049347046,1,0,1.6360882368879557,51,4,8
2022-08-06,3,12.44204933770196,1,0,0.4513275925183951,41,5,8
2022-08-07,3,13.844736690805258,0,0,-1.497405743677319,46,6,8
2022-08-08,3,16.557854301283847,1,0,-0.078889004343094,49,0,8
2022-08-09,3,12.489803269605387,0,1,-1.9831308125019096,49,1,8
2022-08-10,3,12.691819893734875,1,0,-0.6656908548775224,49,2,8
2022-08-11,3,11.045616959124915,0,0,-0.9836988418404932,46,3,8
2022-08-12,3,13.315280455033289,0,0,0.0038883736556274,40,4,8
2022-08-13,3,7.629265190165295,0,0,0.0776687430557198,47,5,8
2022-08-14,3,6.204962742159246,0,0,-1.1192511304783683,47,6,8
2022-08-15,3,10.702226634418436,0,0,0.732060673891821,49,0,8
2022-08-16,3,17.986134271144408,1,0,0.4925213494224126,40,1,8
2022-08-17,3,9.129436242864523,0,0,-0.6781564110141658,50,2,8
2022-08-18,3,17.43473128461996,1,0,1.1834463059011238,40,3,8
2022-08-19,3,5.528123224464342,0,0,0.1829662321621075,46,4,8
2022-08-20,3,11.667298601455396,0,0,0.7022233727364737,41,5,8
2022-08-21,3,11.767626867033671,0,0,-0.998703568249442,43,6,8
2022-08-22,3,19.36971451125268,0,1,0.71105253223044,42,0,8
2022-08-23,3,17.194604425289366,1,0,0.3714994130178985,48,1,8
2022-08-24,3,7.700017182068356,1,0,-0.980494182656709,48,2,8
2022-08-25,3,13.216984409413062,0,0,-0.5475602098103948,39,3,8
2022-08-26,3,8.599863947623586,0,0,-0.6199769893048629,41,4,8
2022-08-27,3,16.624308398794973,1,1,-1.9608318201058863,43,5,8
2022-08-28,3,15.458567437562298,0,0,0.0429469665630199,34,6,8
2022-08-29,3,14.33586798784601,0,0,0.4104791238061241,36,0,8
2022-08-30,3,6.434556358585381,0,0,0.1162947844976211,51,1,8
2022-08-31,3,12.13496321540269,0,0,-0.0619029785958295,40,2,8
2022-09-01,3,12.814672346216446,0,0,-0.3794752156054439,41,3,9
2022-09-02,3,5.107809609421397,1,0,0.1198725409162892,54,4,9
2022-09-03,3,5.84890861983031,0,0,0.877284280098296,45,5,9
2022-09-04,3,14.712852474969193,0,0,1.0718550379776188,45,6,9
2022-09-05,3,13.460126001724507,0,0,-1.8282099163732115,43,0,9
2022-09-06,3,11.591383856391918,0,0,-1.5336285616372902,42,1,9
2022-09-07,3,10.355611834242568,0,0,-2.344744728679831,46,2,9
2022-09-08,3,11.319457422964618,0,0,-0.6447347819930194,48,3,9
2022-09-09,3,19.41029462645849,0,0,0.4107300207986642,44,4,9
2022-09-10,3,12.795510719921449,0,0,0.2520767301456491,52,5,9
2022-09-11,3,13.742108631195611,0,0,0.8201092191868329,46,6,9
2022-09-12,3,5.323718967027391,0,0,-0.2104987789176374,56,0,9
2022-09-13,3,8.463369310528662,0,0,-0.5793369076773276,41,1,9
2022-09-14,3,7.952901693530027,1,0,-1.157377918446909,57,2,9
2022-09-15,3,9.180215819035368,0,1,1.1924627441847324,46,3,9
2022-09-16,3,11.392667294469264,0,0,-2.390333366023896,42,4,9
2022-09-17,3,10.940618214197642,0,1,1.9498228651258425,48,5,9
2022-09-18,3,6.294783881795811,0,0,1.0827917122408195,50,6,9
2022-09-19,3,12.556569553683984,0,0,-0.4682780273003122,51,0,9
2022-09-20,3,17.01075741505927,1,0,1.6088424421867478,54,1,9
2022-09-21,3,9.370969242139871,0,0,-0.0059664365903232,41,2,9
2022-09-22,3,6.5381183979501145,0,0,0.2499022299598167,57,3,9
2022-09-23,3,7.878009538495254,1,0,1.4410393152269978,42,4,9
2022-09-24,3,8.669049198697397,0,0,-0.4791463114132946,44,5,9
2022-09-25,3,19.65009393329177,0,0,0.5067034382597329,39,6,9
2022-09-26,3,12.619444168097065,0,0,0.0030020328096715,39,0,9
2022-09-27,3,7.145892727797355,0,0,1.873594388172407,46,1,9
2022-09-28,3,11.153898254357362,0,0,-0.4895841490459722,47,2,9
2022-09-29,3,8.232729661102798,0,0,0.9551955079535333,46,3,9
2022-09-30,3,7.932537900745487,0,0,-1.7424526435593588,49,4,9
2022-10-01,3,9.966282194730905,0,0,0.0504699831618186,49,5,10
2022-10-02,3,5.393088790322193,0,0,2.0491189947095023,55,6,10
2022-10-03,3,14.097075130240937,1,0,-0.9787950735736723,46,0,10
2022-10-04,3,19.97922108836805,0,0,2.096489980559336,39,1,10
2022-10-05,3,18.180882158427742,0,0,-1.017769003495251,46,2,10
2022-10-06,3,7.307906368799935,0,0,-1.306329358073166,46,3,10
2022-10-07,3,7.655367077960662,0,0,1.2393576793079568,45,4,10
2022-10-08,3,11.086085476796242,1,0,1.0121784964698404,38,5,10
2022-10-09,3,7.2741233454606835,0,0,-0.0715343644242939,49,6,10
2022-10-10,3,8.74124248585068,0,0,-1.0084037953006124,51,0,10
2022-10-11,3,5.857378870584286,0,0,0.0334138692842719,50,1,10
2022-10-12,3,11.831090565802532,0,0,0.1180235066494826,48,2,10
2022-10-13,3,14.13839198315144,1,0,-0.0270907449790518,48,3,10
2022-10-14,3,15.1069058217734,1,0,0.7683113773595528,46,4,10
2022-10-15,3,16.667573543487265,0,0,0.6180660802496221,40,5,10
2022-10-16,3,6.638993226914097,1,0,-0.6912929442118336,52,6,10
2022-10-17,3,9.276655233087483,0,0,-1.0403922847731175,57,0,10
2022-10-18,3,16.561857097908774,0,0,-0.3279395377713284,37,1,10
2022-10-19,3,11.418868078190242,1,0,0.7923114387964584,40,2,10
2022-10-20,3,13.648200238002431,0,0,1.6262644944498608,49,3,10
2022-10-21,3,15.30332401476207,0,0,0.2350980471328851,53,4,10
2022-10-22,3,7.440080586354446,0,0,1.5544802788408707,46,5,10
2022-10-23,3,5.066080562015179,0,0,-0.5919917385692917,52,6,10
2022-10-24,3,18.441117792574715,0,1,0.338460457963993,40,0,10
2022-10-25,3,15.682344057312935,0,0,0.8314195289664872,49,1,10
2022-10-26,3,13.891581740857838,1,0,-0.9940257701118488,43,2,10
2022-10-27,3,6.025905403830612,0,0,0.8969558991791051,42,3,10
2022-10-28,3,13.53193489604229,0,0,-0.3562376172676982,49,4,10
2022-10-29,3,12.482728382190368,0,0,1.93159299848407,46,5,10
2022-10-30,3,10.942687830302678,0,0,-2.315749806442977,41,6,10
2022-10-31,3,9.323930525920222,0,1,-0.1709171590425369,53,0,10
2022-11-01,3,5.300762799118469,0,0,-1.5665560571542356,46,1,11
2022-11-02,3,9.455229562650269,0,0,-0.7588692789772487,44,2,11
2022-11-03,3,14.960365074002452,0,0,0.2345299792918786,44,3,11
2022-11-04,3,17.913157342930006,0,0,1.4519510926677075,31,4,11
2022-11-05,3,9.424834909187163,0,0,-0.9367350448167115,44,5,11
2022-11-06,3,16.713161431528405,0,0,-0.0749945605859715,40,6,11
2022-11-07,3,8.598531705457786,1,0,1.3284565964329196,48,0,11
2022-11-08,3,11.649246007181144,0,0,0.5949680046628695,34,1,11
2022-11-09,3,11.96815891287671,0,0,-0.7586638883313859,47,2,11
2022-11-10,3,15.093001941468115,0,0,1.804176284896033,46,3,11
2022-11-11,3,9.363672981379649,0,0,-1.4559690290157654,46,4,11
2022-11-12,3,19.41524209676519,1,0,-0.0577317365928846,35,5,11
2022-11-13,3,8.591037026813028,1,0,0.1505789432967346,46,6,11
2022-11-14,3,15.720314899623324,0,0,0.8425142453933524,38,0,11
2022-11-15,3,17.709611753153503,0,0,-0.8262958121871211,39,1,11
2022-11-16,3,19.212137947978945,1,0,-1.690920060367509,34,2,11
2022-11-17,3,13.255250703823664,0,1,1.853187109255116,50,3,11
2022-11-18,3,18.669212457329905,0,0,-0.8774502295962188,47,4,11
2022-11-19,3,11.393999320511693,0,0,-0.886203451411845,46,5,11
2022-11-20,3,19.08730759508847,0,0,0.8157782103255529,38,6,11
2022-11-21,3,8.415808725707134,0,1,0.814477751101575,46,0,11
2022-11-22,3,17.813513697711336,0,0,1.667487674530762,36,1,11
2022-11-23,3,18.69142869381539,0,0,-0.7705989733356726,40,2,11
2022-11-24,3,13.241179768499224,1,0,2.602555587294281,42,3,11
2022-11-25,3,5.683935518925104,1,0,0.6139264901341515,52,4,11
