sales_data.csv
date,product_id,price,promotion,holiday,weather_index,units_sold,day_of_week,month
2023-09-11,3,8.478356481265532,0,0,-0.9129038782269454,37,0,9
2023-09-12,3,7.128776635315722,0,0,0.2485708185866363,42,1,9
2023-09-13,3,6.311164059844741,0,0,2.80556034861774,49,2,9
2023-09-14,3,18.636829866633207,0,0,-1.0812937549912467,35,3,9
2023-09-15,3,12.492093613739462,0,0,-1.3198877214647615,43,4,9
2023-09-16,3,17.39700776476053,0,0,1.184409090676498,48,5,9
2023-09-17,3,13.44522569988358,0,0,-0.4610914174640669,37,6,9
2023-09-18,3,6.511699283470097,0,0,-3.6684058172185976,46,0,9
2023-09-19,3,14.447429508949416,0,0,1.4859337465740292,47,1,9
2023-09-20,3,16.262020330012376,1,0,-0.8428315186700805,42,2,9
2023-09-21,3,18.67687795182829,1,0,-1.0959488528181764,43,3,9
2023-09-22,3,13.064292419868243,1,0,0.916923051445064,51,4,9
2023-09-23,3,6.523397013179409,0,0,0.3435702294941626,50,5,9
2023-09-24,3,6.937711403838416,0,0,0.5774475635927078,45,6,9
2023-09-25,3,19.76004443628989,0,0,-0.8499569241650081,37,0,9
2023-09-26,3,6.413519286387535,0,0,-0.4579687862602801,52,1,9
2023-09-27,3,12.79527362941742,0,0,-1.1423040735228975,47,2,9
2023-09-28,3,15.450034744068589,0,0,-0.6299964654025882,38,3,9
2023-09-29,3,11.468690056749084,0,0,0.773914692617547,40,4,9
2023-09-30,3,13.793139608884672,0,0,0.8525309745723338,46,5,9
2023-10-01,3,18.856060684593647,0,0,0.1785768182026803,44,6,10
2023-10-02,3,5.065747310556868,0,0,-0.2686343457105024,44,0,10
2023-10-03,3,19.857047535992837,0,0,-0.7123903462597371,32,1,10
2023-10-04,3,10.145043779965404,0,0,1.1091291853302658,40,2,10
2023-10-05,3,11.851117771671388,0,0,0.261664310497374,45,3,10
2023-10-06,3,9.898643434029337,0,0,-0.0498920082808076,48,4,10
2023-10-07,3,6.41989802086568,0,0,-1.401638920564108,49,5,10
2023-10-08,3,11.54326712093032,0,1,-0.2921291338730849,41,6,10
2023-10-09,3,9.611568557525182,1,0,-0.7773356073118122,47,0,10
2023-10-10,3,12.83802517864946,0,0,1.16380615756128,35,1,10
2023-10-11,3,6.5116697147357465,0,0,-0.0562372858904782,50,2,10
2023-10-12,3,13.05497500676974,0,0,-1.8232305916604592,34,3,10
2023-10-13,3,17.814251268788173,1,0,0.1063609742730131,40,4,10
2023-10-14,3,9.17404254765566,1,0,0.9221876876657013,47,5,10
2023-10-15,3,14.495364327242484,1,0,-0.2360911555549066,48,6,10
2023-10-16,3,18.550444359774588,0,0,1.341474343902011,43,0,10
2023-10-17,3,7.260058110934773,0,0,0.3528699649380408,53,1,10
2023-10-18,3,16.77305282200787,0,0,-0.7503630821373689,46,2,10
2023-10-19,3,15.660315030208883,0,0,-0.5955719485576673,48,3,10
2023-10-20,3,12.752830008462736,0,0,-0.0230806504956417,48,4,10
2023-10-21,3,10.42452375981042,0,0,-0.0405792998331625,43,5,10
2023-10-22,3,12.612069650747776,0,0,-0.9147793253771002,42,6,10
2023-10-23,3,15.17634230940167,0,0,1.8160141477857048,40,0,10
2023-10-24,3,19.955211534436195,0,0,0.0429913282078444,38,1,10
2023-10-25,3,10.793554830053528,0,0,0.146906899409079,46,2,10
2023-10-26,3,8.376916188782198,0,0,-0.6954530109877868,43,3,10
2023-10-27,3,12.80369887382968,1,0,1.5704538158922203,43,4,10
2023-10-28,3,9.656441464813929,0,0,-0.9025830235615482,53,5,10
2023-10-29,3,13.20187993234533,0,0,-0.3617808221351915,44,6,10
2023-10-30,3,9.679110185811446,0,0,-0.1445520196104814,53,0,10
2023-10-31,3,8.717367652642206,0,0,-0.535415855475258,44,1,10
2023-11-01,3,7.512421935151398,1,0,-0.0805834093422511,50,2,11
2023-11-02,3,7.877933439451707,0,0,1.286957355443748,43,3,11
2023-11-03,3,19.501593958542784,0,0,-0.6760970386903903,41,4,11
2023-11-04,3,15.155051149405471,1,0,-0.5970273189966347,40,5,11
2023-11-05,3,7.397596414264664,0,0,-0.300973148018499,43,6,11
2023-11-06,3,5.60214807523935,0,0,-0.8670137238785772,49,0,11
2023-11-07,3,15.15804866172311,0,0,1.123897591611046,42,1,11
2023-11-08,3,6.867580237085642,0,0,1.0084079167630813,43,2,11
2023-11-09,3,14.827801735061424,0,0,1.340553038543448,49,3,11
2023-11-10,3,12.281755253898687,0,0,0.1925138965737839,40,4,11
2023-11-11,3,17.783976719142473,0,0,1.7066687623834316,44,5,11
2023-11-12,3,12.800299191678032,0,0,-0.0621455168915378,47,6,11
2023-11-13,3,12.151586072606973,0,0,1.9506528627523856,44,0,11
2023-11-14,3,6.244896189722499,0,0,-0.2551085787647862,48,1,11
2023-11-15,3,7.695874677715193,1,0,-0.647759020093631,42,2,11
2023-11-16,3,19.57656041127397,0,0,1.053044415160102,43,3,11
2023-11-17,3,6.418863992110278,0,0,1.0944685576676751,39,4,11
2023-11-18,3,18.85537317264493,1,1,1.6978085886927918,48,5,11
2023-11-19,3,9.483924443424428,1,0,0.6642000575824779,46,6,11
2023-11-20,3,12.1077086656434,0,0,0.0062838084314821,41,0,11
2023-11-21,3,8.876913137559562,0,0,0.3943451807022981,42,1,11
2023-11-22,3,16.73795777497741,0,0,0.0959061829215695,39,2,11
2023-11-23,3,18.280783854782573,1,0,-0.1636246157118147,45,3,11
2023-11-24,3,19.974578074340133,0,0,-1.0408062158885218,46,4,11
2023-11-25,3,17.89444465423117,0,0,0.9359499843553388,49,5,11
2023-11-26,3,8.905750171743128,0,0,-0.6615429869325088,53,6,11
2023-11-27,3,14.241600768263211,1,0,0.1902450587524043,38,0,11
2023-11-28,3,15.345034432078414,0,0,-1.052945787145998,44,1,11
2023-11-29,3,7.437384278838053,0,0,0.2256365272626274,49,2,11
2023-11-30,3,11.382413343368786,0,0,-1.88801020787989,48,3,11
2023-12-01,3,9.714320022774618,0,1,0.777956066948235,53,4,12
2023-12-02,3,13.07697456649955,0,0,-0.1785473544835141,51,5,12
2023-12-03,3,7.154320260616206,0,0,-0.5068475119214831,43,6,12
2023-12-04,3,13.56191517750866,0,0,-0.6724151302312706,45,0,12
2023-12-05,3,13.364476804370709,0,0,0.4921876787877749,42,1,12
2023-12-06,3,6.230714675691451,0,0,1.5433190926171845,48,2,12
2023-12-07,3,7.495659111277726,0,0,1.1530586131091354,42,3,12
2023-12-08,3,6.539593160257499,0,0,0.0152157527721499,49,4,12
2023-12-09,3,14.182596197863848,0,0,1.03658038636052,51,5,12
2023-12-10,3,12.686210954165748,0,0,-0.0526245307261436,44,6,12
2023-12-11,3,10.92565819592739,1,0,0.232831331358835,48,0,12
2023-12-12,3,13.213610374234966,0,0,0.5594057569584387,46,1,12
2023-12-13,3,10.178376448231456,0,0,-0.2637660287460201,47,2,12
2023-12-14,3,16.40918304535088,0,0,-0.2980863235008088,27,3,12
2023-12-15,3,17.014579890391357,0,1,-0.7550347758069308,42,4,12
2023-12-16,3,19.86053200518,1,0,0.2842378896953738,54,5,12
2023-12-17,3,18.73046279182084,1,0,-0.282315655261653,51,6,12
2023-12-18,3,6.976809105446762,0,0,1.895304552680089,44,0,12
2023-12-19,3,13.037273074962972,0,0,0.3186078741516975,46,1,12
2023-12-20,3,11.594922526162028,0,1,1.3968139951964804,60,2,12
2023-12-21,3,7.000751626194752,0,0,0.0952171517204419,35,3,12
2023-12-22,3,12.299177309647307,0,0,1.0564073557723554,49,4,12
2023-12-23,3,17.96388678429698,1,0,-0.627036959198111,38,5,12
2023-12-24,3,15.393171126451124,0,0,0.1066192785172421,38,6,12
2023-12-25,3,5.754907450502889,0,0,0.6893009088717231,47,0,12
2023-12-26,3,12.270938689435546,0,0,-0.5785537722991914,45,1,12
2023-12-27,3,7.291263602294731,0,0,-0.2289267671959419,41,2,12
2023-12-28,3,10.12398314620797,0,0,1.383793522609057,38,3,12
2023-12-29,3,18.41846122698271,0,0,-1.2046135737748216,37,4,12
2023-12-30,3,6.221662093393684,0,0,1.6927986463828684,45,5,12
2023-12-31,3,7.247512671506918,0,0,2.747051678687702,49,6,12
2021-01-01,4,7.2202481379615,1,1,0.8952418166167598,52,4,1
2021-01-02,4,12.854100022540052,0,0,2.1718682430136,45,5,1
2021-01-03,4,9.834110551116186,1,1,-0.923930712757691,57,6,1
2021-01-04,4,6.190406489313965,0,0,0.4092561089792112,42,0,1
2021-01-05,4,6.39613942324768,0,0,-0.5622370039165233,38,1,1
2021-01-06,4,19.722892356342832,0,0,0.283470361746316,30,2,1
2021-01-07,4,8.699220743173157,0,1,1.4122270717620489,44,3,1
2021-01-08,4,9.264294037578775,0,0,0.1445791465137518,38,4,1
2021-01-09,4,16.11734587389401,0,1,1.087825819823844,51,5,1
2021-01-10,4,9.553490661433209,0,0,1.7975907878763626,41,6,1
2021-01-11,4,9.73614320372734,0,0,0.731111522684705,49,0,1
2021-01-12,4,6.376153434886553,0,0,-0.4381484369311507,42,1,1
2021-01-13,4,11.66565768005958,0,0,-0.2280194526732157,49,2,1
2021-01-14,4,16.83240491905909,0,0,-1.62568580445148,45,3,1
2021-01-15,4,18.897061620869305,0,0,-1.878932073937457,37,4,1
2021-01-16,4,19.85508217739028,0,1,0.4186726587644483,44,5,1
2021-01-17,4,17.452109307065356,0,0,-1.9687920642642087,33,6,1
2021-01-18,4,14.91744917541355,1,0,0.8465736158535575,42,0,1
2021-01-19,4,13.586187740535816,0,0,-0.0896315241890116,42,1,1
2021-01-20,4,18.88376354101425,1,0,-0.9746278184809916,48,2,1
2021-01-21,4,5.809433617960832,0,0,-0.6875817375080676,47,3,1
2021-01-22,4,11.3594933375977,1,1,-1.8812732024515864,58,4,1
2021-01-23,4,10.662171099667734,0,0,-2.8292961575718034,39,5,1
2021-01-24,4,16.15463905387577,0,0,-0.4369740386120481,44,6,1
2021-01-25,4,5.168085315890164,0,0,-0.4619556985446972,59,0,1
2021-01-26,4,6.679067200984416,0,0,1.1568357809729002,32,1,1
2021-01-27,4,7.262782684962499,0,0,-1.006773270115477,42,2,1
2021-01-28,4,10.87161914827345,0,0,1.1830348604977583,46,3,1
2021-01-29,4,9.713175231484962,0,0,0.1649138165824642,53,4,1
2021-01-30,4,7.627058321109765,0,0,0.3784479460108008,47,5,1
2021-01-31,4,18.56267445554529,1,0,-1.9872182630250177,41,6,1
2021-02-01,4,19.456020708973675,0,0,0.8998026782028923,44,0,2
2021-02-02,4,5.3811432691900425,0,0,-1.112317647813367,36,1,2
2021-02-03,4,9.243390376899288,0,0,0.2659083159727922,44,2,2
2021-02-04,4,19.849820511186472,1,0,0.5375283645567908,47,3,2
2021-02-05,4,19.339813437352078,0,0,-0.2118896099161911,42,4,2
2021-02-06,4,5.973367167120786,1,0,-1.1169202640896951,50,5,2
2021-02-07,4,6.024173354975362,0,0,-1.4234824506934294,56,6,2
2021-02-08,4,12.233843028832322,0,0,0.7245598512271274,48,0,2
2021-02-09,4,17.304522509924062,0,0,0.0419700964153907,41,1,2
2021-02-10,4,14.2523838744655,0,0,1.1065494939887317,39,2,2
2021-02-11,4,10.937405432865894,0,0,-0.9091466447807522,45,3,2
2021-02-12,4,9.5942511551487,1,0,-0.8890287661348828,60,4,2
2021-02-13,4,12.361989510829352,0,0,-0.6798783052386594,48,5,2
2021-02-14,4,7.087231507620875,0,0,0.8376364872630846,47,6,2
2021-02-15,4,16.910837454527034,0,0,0.2604649273102074,34,0,2
2021-02-16,4,12.578352941226116,1,0,-0.7518445785528218,46,1,2
2021-02-17,4,7.237441950024687,0,0,-0.4603805613866432,40,2,2
2021-02-18,4,15.247703425986376,1,0,0.3803315094003506,47,3,2
2021-02-19,4,13.777582231752591,0,0,-1.6052850442625233,46,4,2
2021-02-20,4,9.82307281064689,0,0,0.0331583179369638,41,5,2
2021-02-21,4,16.661700585931726,0,0,-0.8348383043403678,43,6,2
2021-02-22,4,18.778663360879847,0,0,0.0135027509805347,38,0,2
2021-02-23,4,13.260004346001848,1,0,1.88695456581251,51,1,2
2021-02-24,4,17.1017127927983,1,0,-0.5725001534458242,48,2,2
2021-02-25,4,15.663358693604923,0,0,1.6337074951778243,38,3,2
2021-02-26,4,8.40718601336658,0,0,0.060686412760364,36,4,2
2021-02-27,4,10.351757651247754,0,0,1.1221944734491085,44,5,2
2021-02-28,4,10.381622158212728,1,0,-1.4257935509701545,52,6,2
2021-03-01,4,6.726014841217158,0,0,-2.1136058098742256,44,0,3
2021-03-02,4,10.72432797637489,1,0,-0.8829042448676394,47,1,3
2021-03-03,4,13.190684153351928,0,0,-0.6235733332599912,48,2,3
2021-03-04,4,13.68684207748879,1,0,0.9443971226978738,44,3,3
2021-03-05,4,17.81862043727987,1,0,1.377521446890004,39,4,3
2021-03-06,4,5.108536129480669,0,0,-0.1674040143010085,45,5,3
2021-03-07,4,11.31965327393934,0,0,-1.9790062058162663,49,6,3
2021-03-08,4,8.261062356057543,0,0,-2.8567916729946123,53,0,3
2021-03-09,4,5.15376366696487,1,0,0.772333322941382,45,1,3
2021-03-10,4,15.11367731055977,0,0,0.9821949032263956,37,2,3
2021-03-11,4,10.347067190380628,0,0,-1.886024384597245,40,3,3
2021-03-12,4,14.780456462148718,0,0,-0.5512743650594748,39,4,3
2021-03-13,4,5.940576923197528,1,0,-0.3826133796008395,47,5,3
2021-03-14,4,18.995048518839667,0,0,-0.191710316966546,54,6,3
2021-03-15,4,9.271527901457926,0,0,0.7632905005376005,41,0,3
2021-03-16,4,5.52381735505757,1,0,0.1945906989128412,52,1,3
2021-03-17,4,17.922388483065234,1,0,0.1177257690363833,41,2,3
2021-03-18,4,11.862725817605002,0,0,-0.8146519925533319,42,3,3
2021-03-19,4,12.032186939416844,0,0,1.909601133916001,43,4,3
2021-03-20,4,7.144703353143658,1,0,-0.7249678659181489,57,5,3
2021-03-21,4,12.84651276607826,0,0,0.8911537135797486,40,6,3
2021-03-22,4,19.38295582237901,1,0,0.5551100873086261,37,0,3
2021-03-23,4,5.273134026210828,1,0,0.2294364183735245,58,1,3
2021-03-24,4,18.835428267541005,1,0,1.831090881082388,30,2,3
2021-03-25,4,17.634390874968012,0,0,2.928563021029115,38,3,3
2021-03-26,4,19.646044662893743,0,0,-1.5649491622021583,42,4,3
2021-03-27,4,8.008376872791548,0,0,-0.7698739979310933,34,5,3
2021-03-28,4,12.5590907750364,0,0,1.390412214623867,45,6,3
2021-03-29,4,12.744055130635012,0,0,-1.2027460101090317,48,0,3
2021-03-30,4,6.595245251101028,1,0,0.8511747965812327,49,1,3
2021-03-31,4,11.790967921887104,0,0,1.8722774545939136,38,2,3
2021-04-01,4,19.24130133556113,0,0,1.0461098498217645,37,3,4
2021-04-02,4,17.496636770700125,0,0,-1.2446128645238557,47,4,4
2021-04-03,4,7.694470450244093,1,0,0.0139664268591769,42,5,4
2021-04-04,4,6.3885769508643975,0,0,-0.1327617163654385,47,6,4
2021-04-05,4,16.685189206465665,0,0,2.639215298421178,40,0,4
2021-04-06,4,9.189730568019922,0,0,-0.5250473368858727,51,1,4
2021-04-07,4,9.509440903332203,1,0,0.5259727436862519,55,2,4
2021-04-08,4,5.54211667497969,0,0,-0.9972691680176486,41,3,4
2021-04-09,4,10.050809938741,0,0,1.1380610870015262,47,4,4
2021-04-10,4,5.7321265624137805,1,0,0.9984927495227602,59,5,4
2021-04-11,4,10.511500462445506,1,0,1.9606060157991156,48,6,4
2021-04-12,4,12.239307406223496,0,0,0.8335382547722897,39,0,4
2021-04-13,4,9.629292335196958,0,0,-1.3188588456746817,51,1,4
2021-04-14,4,12.755582498779251,1,0,-0.2019024515131417,54,2,4
2021-04-15,4,18.017326281890625,0,0,0.1568127358031218,37,3,4
2021-04-16,4,16.593201168385654,0,0,-1.055858020400263,40,4,4
2021-04-17,4,11.35678316914288,0,0,-0.3630903500964582,31,5,4
2021-04-18,4,15.59322261453871,0,0,-1.5573033020707645,39,6,4
2021-04-19,4,8.165861621596793,1,0,-0.875461091889701,37,0,4
2021-04-20,4,6.325869239647188,0,0,-0.4541998112886745,46,1,4
2021-04-21,4,17.92770450173176,0,0,1.7092620355264996,39,2,4
2021-04-22,4,10.956305083900943,1,0,0.2055392336251462,49,3,4
2021-04-23,4,9.475330595698992,1,0,0.4263016544992951,38,4,4
2021-04-24,4,19.261393919247507,0,0,0.0699110638704301,37,5,4
2021-04-25,4,9.422561962952948,0,0,-0.6012940365724447,45,6,4
2021-04-26,4,17.4716417057114,0,0,0.6445796352956956,37,0,4
2021-04-27,4,13.619912117335572,0,0,1.0159566591438032,43,1,4
2021-04-28,4,11.00576555806887,0,0,-1.476025398498836,37,2,4
2021-04-29,4,10.679052788675676,0,0,-0.6485960855462309,44,3,4
2021-04-30,4,19.98747362944811,0,0,-1.173556557957569,44,4,4
2021-05-01,4,7.801210235599496,0,0,1.43061418360027,46,5,5
2021-05-02,4,7.082083059061901,0,0,0.6794650900453987,44,6,5
2021-05-03,4,12.05377015299056,0,0,0.5462168828127643,49,0,5
2021-05-04,4,12.572889945446786,1,0,1.0875809273420085,46,1,5
2021-05-05,4,8.512195426170205,1,0,1.5413068552006297,47,2,5
2021-05-06,4,10.31391452332212,1,0,0.7674953293029181,53,3,5
2021-05-07,4,10.379696944618535,0,0,0.919453684837382,40,4,5
2021-05-08,4,17.43846288551032,0,0,1.096417875310248,33,5,5
2021-05-09,4,14.036976664358606,1,0,-0.359015272079546,46,6,5
2021-05-10,4,19.16501157356018,0,0,1.2421778054818258,30,0,5
2021-05-11,4,19.03661759281128,1,0,0.9406469708547386,53,1,5
2021-05-12,4,9.290944589960402,0,0,1.2706871470929806,37,2,5
2021-05-13,4,10.94795969229649,0,0,0.465496353566402,43,3,5
2021-05-14,4,12.8700039692955,0,0,1.0399777643285466,40,4,5
2021-05-15,4,9.675388976192345,1,0,0.8056473635784087,41,5,5
2021-05-16,4,8.658146046109879,0,0,1.7789490320996344,43,6,5
2021-05-17,4,14.665644483384584,1,0,-0.4366889786983941,53,0,5
2021-05-18,4,7.956952585830017,0,0,1.124372152662228,55,1,5
2021-05-19,4,7.634828141038191,0,0,-0.2666496233607081,51,2,5
2021-05-20,4,17.6257137803223,1,0,-0.6868282119494599,47,3,5
2021-05-21,4,16.10435935497457,0,0,-0.6850123588162585,43,4,5
2021-05-22,4,18.82133493026287,0,0,0.4671554688217703,38,5,5
2021-05-23,4,16.671282009284425,0,0,-1.2806325453023384,46,6,5
2021-05-24,4,13.00867027644438,0,0,-0.6657959873190414,40,0,5
2021-05-25,4,16.054449447691972,0,0,-1.7880348879036774,36,1,5
2021-05-26,4,19.84896787435436,1,0,1.1539934033571555,53,2,5
2021-05-27,4,10.242765011976791,1,0,0.1895334281177693,47,3,5
2021-05-28,4,16.478503428336804,1,0,0.1513678028757862,42,4,5
2021-05-29,4,12.379864384020816,0,0,-0.0245017585543994,45,5,5
2021-05-30,4,12.90888331667524,0,0,1.5411107434219449,43,6,5
2021-05-31,4,7.548509496759294,0,0,0.7476336320125265,40,0,5
2021-06-01,4,11.594596834688332,1,0,1.33349025204473,49,1,6
2021-06-02,4,7.530874802650294,1,0,-0.2881499635718435,54,2,6
2021-06-03,4,15.002845189426726,0,1,-0.104838703482199,59,3,6
2021-06-04,4,8.531020852700994,0,0,0.705641479541588,39,4,6
2021-06-05,4,19.596729357509695,0,0,0.062904624359081,39,5,6
2021-06-06,4,18.936077837341003,1,0,-0.0843313649112403,50,6,6
2021-06-07,4,13.51785558507073,0,0,-0.8887012689080431,40,0,6
2021-06-08,4,16.13334901094615,0,0,-0.5385546402289304,43,1,6
2021-06-09,4,11.025401753185037,0,1,1.5784299928599987,49,2,6
2021-06-10,4,12.34544507837047,0,0,0.5571799521528565,42,3,6
2021-06-11,4,8.286902399467095,0,0,-0.4943700555134287,44,4,6
2021-06-12,4,13.169209626851796,0,0,1.2675486650283716,40,5,6
2021-06-13,4,9.265742640568552,0,0,-2.220155804269756,47,6,6
2021-06-14,4,10.125551167748345,0,0,-0.0511036382798124,43,0,6
2021-06-15,4,12.592254816902525,0,0,0.1522100514991485,41,1,6
2021-06-16,4,6.526901805411066,0,0,-1.2281991982924343,43,2,6
2021-06-17,4,18.40915772378414,0,0,-0.4933852262049513,53,3,6
2021-06-18,4,12.586184833427094,0,0,0.9654124095304232,42,4,6
2021-06-19,4,13.431728958897896,0,0,-1.668300082997264,39,5,6
2021-06-20,4,12.4915992403535,0,1,0.605990355893766,50,6,6
2021-06-21,4,18.99599090934247,0,0,-1.4732725496245147,37,0,6
2021-06-22,4,16.489737749205776,0,0,-0.3916690579025099,39,1,6
2021-06-23,4,10.68862188202888,0,0,-0.1501953795683565,43,2,6
2021-06-24,4,10.40969548730624,1,0,0.0955084535553041,45,3,6
2021-06-25,4,18.709722360334837,0,0,-0.9778177266345628,37,4,6
2021-06-26,4,8.86690905917685,0,0,0.8595259319953978,51,5,6
