sales_data.csv
date,product_id,price,promotion,holiday,weather_index,units_sold,day_of_week,month
2021-06-27,4,15.196469413664854,0,0,0.6035216240550841,35,6,6
2021-06-28,4,19.384410748030646,0,0,-0.3849282343740035,46,0,6
2021-06-29,4,10.468649029511605,0,0,0.2674401698357078,43,1,6
2021-06-30,4,5.151965279625308,0,1,-2.814115640578536,61,2,6
2021-07-01,4,16.860392205761237,0,0,0.0208529831989982,35,3,7
2021-07-02,4,8.359059842607888,0,0,-2.0798097724843734,48,4,7
2021-07-03,4,11.18778223085641,0,0,0.2237621128017972,47,5,7
2021-07-04,4,5.475514158560914,0,0,0.9890591717022952,44,6,7
2021-07-05,4,9.557581147882733,0,0,0.3834969017554736,48,0,7
2021-07-06,4,11.115845174265528,0,0,-0.59367704913587,42,1,7
2021-07-07,4,10.364984113383834,0,0,1.1381951957055347,49,2,7
2021-07-08,4,13.173324513082838,0,0,-0.6158608957624583,45,3,7
2021-07-09,4,10.247472430187276,0,0,0.6269373506268837,49,4,7
2021-07-10,4,18.865606821487237,0,0,-0.5674710993585406,47,5,7
2021-07-11,4,10.939999794139805,0,0,-0.275371703169011,47,6,7
2021-07-12,4,18.820505372272567,0,0,0.6040878328451856,44,0,7
2021-07-13,4,7.737419357800896,0,0,-0.0257855333177415,41,1,7
2021-07-14,4,16.764758998842424,0,0,0.7644829317346941,45,2,7
2021-07-15,4,8.673970823234885,1,0,-0.5935321196511019,49,3,7
2021-07-16,4,7.8985646569717,1,0,-0.03653176054713,43,4,7
2021-07-17,4,9.238524524472536,1,0,0.0634278873432088,49,5,7
2021-07-18,4,12.411940720476586,0,0,0.4555950144137929,45,6,7
2021-07-19,4,5.330952283565157,0,0,-0.341882297372917,36,0,7
2021-07-20,4,17.93570380074597,0,0,-1.584255477810138,33,1,7
2021-07-21,4,12.613296027738064,0,0,0.7002378597101544,30,2,7
2021-07-22,4,14.03583791323194,0,0,1.3876815994040383,43,3,7
2021-07-23,4,11.893888084920135,0,0,0.7084273305094965,39,4,7
2021-07-24,4,15.84178313189779,1,0,-0.0335672338329657,35,5,7
2021-07-25,4,12.666683353464284,0,0,-1.181995385015147,44,6,7
2021-07-26,4,18.454135581231498,0,0,0.3207357772440296,43,0,7
2021-07-27,4,6.938101546472968,0,0,0.2501870975643558,44,1,7
2021-07-28,4,7.641173842786891,0,0,0.1432519236736459,54,2,7
2021-07-29,4,8.602622166642046,0,0,0.0796828664777213,46,3,7
2021-07-30,4,11.044206370114097,0,0,-0.4063906798367466,45,4,7
2021-07-31,4,15.667655682751503,0,0,-0.130888697754694,42,5,7
2021-08-01,4,19.142372689333705,0,0,-0.2905757744333658,41,6,8
2021-08-02,4,12.961220382701036,0,0,0.139313719594142,42,0,8
2021-08-03,4,5.081243975982794,0,0,0.2885945911036528,47,1,8
2021-08-04,4,18.571085928159174,1,0,-1.1752513320993858,48,2,8
2021-08-05,4,18.378430552209142,0,0,0.0239965196731951,32,3,8
2021-08-06,4,15.778565378551043,0,0,0.7073865836663161,40,4,8
2021-08-07,4,16.816731978257895,0,1,2.3497547695957266,52,5,8
2021-08-08,4,11.409871625015167,0,0,-1.2715397088305287,52,6,8
2021-08-09,4,7.418531380443434,0,0,0.0524440781263937,48,0,8
2021-08-10,4,18.73199526992281,1,0,1.2808743631540256,36,1,8
2021-08-11,4,5.870254710901071,0,0,-1.67255773221337,42,2,8
2021-08-12,4,18.987998682387307,0,0,0.0497481193229231,32,3,8
2021-08-13,4,9.484876632075055,0,0,0.0340221629549748,47,4,8
2021-08-14,4,11.920622000869717,0,0,0.2252196150231573,42,5,8
2021-08-15,4,7.873177733582375,1,0,0.2737305062151839,47,6,8
2021-08-16,4,19.600263206450904,0,0,-0.0520405145399933,35,0,8
2021-08-17,4,11.186723924317436,0,0,-1.1646601349189043,42,1,8
2021-08-18,4,18.32051719272839,0,0,-0.8112725625772325,47,2,8
2021-08-19,4,8.834279323022018,0,0,0.723124285839356,47,3,8
2021-08-20,4,5.246407407656219,1,1,-1.0536387477324032,48,4,8
2021-08-21,4,19.36450227670117,0,0,0.4479184260112639,41,5,8
2021-08-22,4,12.764935460332774,0,0,-1.44850008882756,40,6,8
2021-08-23,4,15.12141839227001,0,0,-1.3907497068293,40,0,8
2021-08-24,4,10.13798898541484,0,0,0.2385650025225278,40,1,8
2021-08-25,4,13.282185738309137,0,0,0.239037510791328,55,2,8
2021-08-26,4,14.994786481623288,1,0,-0.4187187467827342,42,3,8
2021-08-27,4,7.450215745667593,0,0,0.1516900014398006,47,4,8
2021-08-28,4,9.877990983443503,0,0,1.6630087307610275,49,5,8
2021-08-29,4,11.978103067565987,0,0,-0.8388932681876324,46,6,8
2021-08-30,4,6.164553666195711,0,0,-1.8011984445689937,48,0,8
2021-08-31,4,8.859713417569612,0,0,0.8839817921199287,49,1,8
2021-09-01,4,14.696060997343178,0,1,0.0525189917428981,53,2,9
2021-09-02,4,16.253295274836454,0,0,-1.2608984912459014,44,3,9
2021-09-03,4,14.111874313346297,0,0,0.9461990368783216,42,4,9
2021-09-04,4,18.319513566259584,0,0,1.614791574668615,42,5,9
2021-09-05,4,9.792605612260372,1,0,0.6683824159107312,45,6,9
2021-09-06,4,7.004206632900528,0,0,-1.5165894084746083,54,0,9
2021-09-07,4,18.977489299307003,0,0,-1.156000526121451,36,1,9
2021-09-08,4,16.08607536418816,1,1,1.0333303882772895,46,2,9
2021-09-09,4,9.351440154309348,0,0,0.1910724195202224,41,3,9
2021-09-10,4,11.308797828968448,0,0,-0.169723958292746,51,4,9
2021-09-11,4,5.656470972557628,0,0,-1.433196159095095,40,5,9
2021-09-12,4,16.313006713661693,0,0,-0.2535449988022218,45,6,9
2021-09-13,4,14.38488318000052,0,0,1.2549937492298864,39,0,9
2021-09-14,4,15.826560111613304,0,0,0.5163638081838512,43,1,9
2021-09-15,4,16.15511384181478,1,0,-0.6875710636180818,42,2,9
2021-09-16,4,13.987154173513977,1,0,1.2855963277653564,48,3,9
2021-09-17,4,14.011437983836425,1,0,-1.2313838561243209,45,4,9
2021-09-18,4,10.434312516664097,1,0,0.7059960588953822,44,5,9
2021-09-19,4,16.385939299640842,0,0,-0.3341809845339005,38,6,9
2021-09-20,4,19.70473095491309,0,0,0.7603002961307412,40,0,9
2021-09-21,4,12.436369053858822,0,0,1.1848858357133585,35,1,9
2021-09-22,4,10.231116254809024,0,0,0.7853051006045529,50,2,9
2021-09-23,4,17.208795868017724,0,0,-0.6143150458631814,45,3,9
2021-09-24,4,14.947102604487318,0,0,1.5704155663453507,45,4,9
2021-09-25,4,7.029133097936517,0,0,0.5997902029328955,52,5,9
2021-09-26,4,10.877138914980074,0,0,0.3679690861713059,55,6,9
2021-09-27,4,8.129301744458068,1,0,1.7174890698620786,48,0,9
2021-09-28,4,15.433386877416346,0,0,-0.1465327821828799,33,1,9
2021-09-29,4,17.173428890197513,0,0,1.934918443525693,40,2,9
2021-09-30,4,19.96699764609636,1,0,-0.7338632774847006,36,3,9
2021-10-01,4,11.931735276722485,0,0,1.1598336967924314,44,4,10
2021-10-02,4,16.562223103420482,0,0,0.2132852165883774,46,5,10
2021-10-03,4,6.867239719612152,0,0,-1.108866861136553,45,6,10
2021-10-04,4,6.055969235871688,0,0,0.4494059227095417,49,0,10
2021-10-05,4,7.791586500648535,0,0,-0.2507400565888782,43,1,10
2021-10-06,4,6.19636732646104,0,0,-0.0196212256811169,48,2,10
2021-10-07,4,16.40310869128323,0,0,0.7783232684745348,40,3,10
2021-10-08,4,16.12871083032359,0,0,2.689904472434582,41,4,10
2021-10-09,4,10.671048766790925,0,0,1.8234055570586472,42,5,10
2021-10-10,4,9.06253021779709,0,0,0.1326559172943824,56,6,10
2021-10-11,4,8.530008046634077,0,0,0.7819925264852666,46,0,10
2021-10-12,4,8.269545228433762,1,0,-1.2352058771601775,54,1,10
2021-10-13,4,18.97419282359853,1,0,0.1418690267417181,49,2,10
2021-10-14,4,19.811157037993524,0,0,0.2261091812881263,35,3,10
2021-10-15,4,16.667974574425763,0,0,-0.6521650998117439,31,4,10
2021-10-16,4,8.808117111551514,1,0,0.7310021077381049,45,5,10
2021-10-17,4,6.766657138102815,0,0,0.5053466070034901,44,6,10
2021-10-18,4,6.790031727920367,0,0,-0.966408664699022,53,0,10
2021-10-19,4,14.40307129894975,0,0,-0.2625433848520064,38,1,10
2021-10-20,4,7.870807360127445,0,0,0.921530322998148,45,2,10
2021-10-21,4,16.897973893827846,0,0,-0.2790553104069534,48,3,10
2021-10-22,4,15.00364245334426,0,0,-0.6536531103021915,37,4,10
2021-10-23,4,11.807141586341531,0,0,0.903889795986078,44,5,10
2021-10-24,4,8.601679884735116,0,0,-0.5165035761328216,55,6,10
2021-10-25,4,13.571875602240311,0,0,0.172334476935605,42,0,10
2021-10-26,4,16.895655618084916,0,0,1.3389562945417044,40,1,10
2021-10-27,4,15.94266104789982,1,0,0.6807958060741077,42,2,10
2021-10-28,4,6.920251057063199,0,1,-1.604806210060528,49,3,10
2021-10-29,4,19.72580828969817,0,0,-0.1254588459835278,37,4,10
2021-10-30,4,7.36872349275529,0,0,-1.2781584688166538,38,5,10
2021-10-31,4,17.011920514756767,0,0,0.2594972997556388,45,6,10
2021-11-01,4,11.477578505826443,1,0,-0.8966397188397868,48,0,11
2021-11-02,4,12.037074229270784,0,0,1.7712056893074968,42,1,11
2021-11-03,4,9.911627574999972,0,0,-1.2934917695056591,36,2,11
2021-11-04,4,14.60643979243158,0,0,-0.7118845248861329,36,3,11
2021-11-05,4,15.80629205563025,0,0,-0.943453560127152,44,4,11
2021-11-06,4,18.777364760065996,0,0,0.0276432343268418,31,5,11
2021-11-07,4,13.53631303387804,0,0,-0.0045119075054265,37,6,11
2021-11-08,4,10.628110775581622,0,0,2.322890393782332,43,0,11
2021-11-09,4,9.15877343397405,0,0,0.2394140900071791,48,1,11
2021-11-10,4,18.45744237373809,1,0,2.342224108715985,28,2,11
2021-11-11,4,18.87571010054146,0,0,1.8313357486071629,53,3,11
2021-11-12,4,18.711227107087005,0,0,1.3103580843079714,43,4,11
2021-11-13,4,8.015572289357962,0,0,0.1086868261677328,42,5,11
2021-11-14,4,17.276308512431584,0,0,1.5578114928128717,35,6,11
2021-11-15,4,6.917179113018443,0,1,0.7550862357790248,52,0,11
2021-11-16,4,6.972693187629567,1,0,0.9716086300781642,51,1,11
2021-11-17,4,7.807946357628802,0,0,-0.1670719026317362,43,2,11
2021-11-18,4,19.80366545867986,0,0,-1.1171967515059915,32,3,11
2021-11-19,4,11.910768460822643,0,0,-2.3892245346867385,40,4,11
2021-11-20,4,7.101020400779825,0,0,-1.286025111986692,42,5,11
2021-11-21,4,6.218641144180831,0,0,0.1236069774667612,51,6,11
2021-11-22,4,11.01911545466218,0,0,0.6348557160593647,41,0,11
2021-11-23,4,13.67942556271554,0,0,1.04960054004832,34,1,11
2021-11-24,4,14.45005408346561,0,0,1.2020387539875266,42,2,11
2021-11-25,4,10.229481694003097,0,0,0.2006772552148796,44,3,11
2021-11-26,4,11.5483123766517,0,0,-0.4107545015333857,37,4,11
2021-11-27,4,12.955988141152623,0,0,-1.2262725953631035,43,5,11
2021-11-28,4,5.029128296838383,0,0,-1.6683106222714,57,6,11
2021-11-29,4,7.054833944838184,1,0,0.559332850439581,44,0,11
2021-11-30,4,18.688471942472653,1,0,-0.8768432698969642,54,1,11
2021-12-01,4,8.282995206952538,0,0,-0.5848653535665026,38,2,12
2021-12-02,4,14.468007169343435,0,0,-1.5245235141077795,43,3,12
2021-12-03,4,14.371354989704374,0,0,-1.2832771519072854,37,4,12
2021-12-04,4,11.836429851123658,0,0,-0.1728220704626986,34,5,12
2021-12-05,4,18.034251777926016,0,0,-0.9574748732058364,44,6,12
2021-12-06,4,18.109598179568053,0,0,0.2061848310616904,31,0,12
2021-12-07,4,14.255533394501576,1,0,-0.1591587005201259,46,1,12
2021-12-08,4,16.6915644583919,0,0,1.1133683922384006,45,2,12
2021-12-09,4,16.17411389301649,0,0,1.2184295386842392,46,3,12
2021-12-10,4,14.329573152029628,0,0,-1.0074121170724235,47,4,12
2021-12-11,4,7.586288524074029,1,0,-0.2922955178627261,47,5,12
2021-12-12,4,11.835047103690115,0,0,-0.5928433415435297,48,6,12
2021-12-13,4,14.012870498783528,1,0,-0.8185325253027592,49,0,12
2021-12-14,4,13.906941812039753,0,0,0.1898796476652515,43,1,12
2021-12-15,4,8.897233087420393,0,0,0.0918182168730926,38,2,12
2021-12-16,4,6.981344253150443,1,0,-0.2140605946505004,47,3,12
2021-12-17,4,9.225135240692628,0,0,-0.1142035179931455,48,4,12
2021-12-18,4,18.6566532523571,0,0,0.4358074909972316,42,5,12
2021-12-19,4,7.860910486620931,0,0,-0.8939142746071628,44,6,12
2021-12-20,4,5.0902152160184135,0,0,-1.1414285607642252,46,0,12
2021-12-21,4,16.763806220268346,0,0,-0.162647950141245,44,1,12
2021-12-22,4,8.581805323881202,0,0,-1.248873178249936,42,2,12
2021-12-23,4,6.706328396590555,0,0,0.2207534909225149,49,3,12
2021-12-24,4,14.156798752406434,0,0,0.8680182467471733,43,4,12
2021-12-25,4,8.01862647204548,0,0,-0.5663767303654194,44,5,12
2021-12-26,4,15.889483563897729,0,0,2.163800947914319,40,6,12
2021-12-27,4,5.6094461355012,1,0,-1.0736686841454326,55,0,12
2021-12-28,4,18.315715855986436,0,0,1.2160915630836429,40,1,12
2021-12-29,4,5.852893000893252,1,0,-2.2392243993666265,60,2,12
2021-12-30,4,18.27154858055411,1,0,0.034560621672858,44,3,12
2021-12-31,4,5.513118991412068,0,0,-1.4560171878428725,50,4,12
2022-01-01,4,15.798850050216831,0,0,0.9003142023710431,38,5,1
2022-01-02,4,15.886697935444843,0,0,0.6059691069508729,40,6,1
2022-01-03,4,18.58734014568653,0,0,-0.8984170232807471,36,0,1
2022-01-04,4,6.832905048194784,0,0,-1.4196163698691495,44,1,1
2022-01-05,4,17.568452789625486,0,0,-0.6264035816323165,30,2,1
2022-01-06,4,10.132395477130048,0,0,0.8244918963018714,44,3,1
2022-01-07,4,16.809917087400006,0,0,-0.1351975433355206,35,4,1
2022-01-08,4,6.530458483080995,0,0,-0.734161887796263,44,5,1
2022-01-09,4,17.352155891365758,0,0,1.5221521402632174,48,6,1
2022-01-10,4,7.140121475610491,0,0,-0.4980699636437858,42,0,1
2022-01-11,4,8.521742014219177,1,0,0.2340248460037501,44,1,1
2022-01-12,4,10.277145965502465,0,0,0.5326821942490866,53,2,1
2022-01-13,4,11.01547568263809,1,0,0.988078109450135,45,3,1
2022-01-14,4,15.50528551403794,0,0,-0.6896077232460676,44,4,1
2022-01-15,4,15.212218023543972,0,0,-0.0227607031664334,51,5,1
2022-01-16,4,18.4186792446788,0,0,1.3514189747404637,40,6,1
2022-01-17,4,5.832602819904201,0,0,-0.3935907967048918,45,0,1
2022-01-18,4,6.779655047392312,0,0,1.711147409796896,41,1,1
2022-01-19,4,7.885493959280975,0,0,-0.9246634386699594,43,2,1
2022-01-20,4,17.39632057187748,0,0,0.877124655475103,48,3,1
2022-01-21,4,14.308194352692947,0,0,-0.41279136084526,40,4,1
2022-01-22,4,15.355363488238243,0,0,1.8830706997420887,43,5,1
2022-01-23,4,18.15233486716384,0,0,-0.0724472859964227,44,6,1
2022-01-24,4,15.800132824536629,0,0,-0.2687628075671209,37,0,1
2022-01-25,4,10.071001596044129,1,0,0.6403202074850521,44,1,1
2022-01-26,4,9.66559856079915,0,0,0.147380890382615,46,2,1
2022-01-27,4,10.720803214056035,0,0,-0.7011666828938853,43,3,1
2022-01-28,4,6.248879859456404,0,0,0.4762076658211855,61,4,1
2022-01-29,4,19.25402817159815,0,0,0.3744855320092057,38,5,1
2022-01-30,4,13.7332172321827,0,0,-0.162374733250135,43,6,1
2022-01-31,4,5.661622744096595,0,0,0.2885634878763647,49,0,1
2022-02-01,4,17.060202211055447,0,0,-0.2841205640298868,39,1,2
2022-02-02,4,13.379757966590752,1,0,0.1924348685531014,53,2,2
2022-02-03,4,15.902257027701392,0,0,0.7363522504446126,42,3,2
2022-02-04,4,19.9281853824004,0,0,-1.153990914550837,38,4,2
2022-02-05,4,18.627118006165315,0,0,-0.2082693231898141,45,5,2
2022-02-06,4,12.782378564336708,1,0,-0.31456351582656,51,6,2
2022-02-07,4,10.13501391663052,0,0,-1.5064090928288836,48,0,2
2022-02-08,4,15.383990692969626,0,1,-1.089868944570436,50,1,2
2022-02-09,4,13.787810594716095,0,0,0.0933021553888427,38,2,2
2022-02-10,4,5.981150518500033,0,0,-1.1212930257355025,43,3,2
2022-02-11,4,9.122756580541225,1,0,-0.3931995744609686,47,4,2
2022-02-12,4,18.157018083902276,0,0,-0.5443220793255273,38,5,2
2022-02-13,4,16.27197467398252,0,0,0.2597015512474367,37,6,2
2022-02-14,4,6.081661959768219,0,0,-0.4915187129259435,41,0,2
2022-02-15,4,12.502448672898955,0,0,0.8406469601889094,39,1,2
2022-02-16,4,5.861705181515002,0,0,0.2270133256144317,45,2,2
2022-02-17,4,5.6882302663722335,0,0,1.1748620192987056,45,3,2
2022-02-18,4,11.378075774528966,0,0,-0.7956668046917664,52,4,2
2022-02-19,4,19.3073845321184,0,0,1.0700921393108094,33,5,2
2022-02-20,4,9.298313607945545,1,0,-0.4255916748645902,42,6,2
2022-02-21,4,9.676194989607014,0,0,-1.4493248028626762,43,0,2
2022-02-22,4,10.90221978831096,1,0,1.8202995517132703,48,1,2
2022-02-23,4,14.154576160977353,1,0,-0.5429280516850946,56,2,2
2022-02-24,4,18.614817477308527,1,0,-0.4033572116021293,43,3,2
2022-02-25,4,19.57156608749294,0,0,0.4379580936197905,32,4,2
2022-02-26,4,16.85503710957567,1,0,0.2408248096546376,54,5,2
2022-02-27,4,5.26760157616662,1,0,-0.936326204134272,49,6,2
2022-02-28,4,6.204696948502044,1,0,2.0179919062360554,47,0,2
2022-03-01,4,7.897072106301588,0,0,0.799632969649954,48,1,3
2022-03-02,4,19.41866522098856,1,0,0.773323859991087,46,2,3
2022-03-03,4,9.614381467005774,0,0,-0.2626521048115058,50,3,3
2022-03-04,4,7.86041396193701,1,0,-0.4989987326052157,50,4,3
2022-03-05,4,13.366926623874734,0,0,-1.802088063000155,54,5,3
2022-03-06,4,15.928642220930495,1,0,0.6045036459699795,45,6,3
2022-03-07,4,5.479168170904573,0,0,0.4396538821254662,57,0,3
2022-03-08,4,14.281912423972193,0,0,-1.608379195712818,40,1,3
2022-03-09,4,19.09076634276173,0,0,-0.3462979343969299,46,2,3
2022-03-10,4,11.983942461676229,0,0,1.0557297282214717,42,3,3
2022-03-11,4,18.16944063907403,0,0,-0.0518727322374008,40,4,3
2022-03-12,4,12.203380975341505,0,0,-0.5409920231753096,42,5,3
2022-03-13,4,5.505476687688024,0,0,-0.1833043434494856,49,6,3
2022-03-14,4,13.467884256590144,0,0,-0.6310157177290248,42,0,3
2022-03-15,4,14.700319911735493,0,0,0.6156005118854113,37,1,3
2022-03-16,4,19.892227430444105,0,0,0.4325967752138496,37,2,3
2022-03-17,4,11.546888947390975,0,0,-0.2193377744554027,52,3,3
2022-03-18,4,13.151336446427417,1,0,0.9866094074884674,49,4,3
2022-03-19,4,10.164102651738585,0,0,0.8567848558625701,54,5,3
2022-03-20,4,10.269577682180511,0,0,0.9156634207218476,44,6,3
2022-03-21,4,16.136268290259782,0,0,-0.4320843719128725,37,0,3
2022-03-22,4,15.736774214756275,0,0,0.805194127378542,40,1,3
2022-03-23,4,9.762245651969,0,0,1.211472431734726,47,2,3
2022-03-24,4,7.043798615120476,0,0,0.5771176298410459,51,3,3
2022-03-25,4,11.944528921961734,0,0,-0.470717604707878,51,4,3
2022-03-26,4,19.348094785522804,0,0,0.5475734340175836,41,5,3
2022-03-27,4,17.885662523320775,1,0,-0.040675974786949,39,6,3
2022-03-28,4,8.725805793638397,1,0,-0.1483882740984806,53,0,3
2022-03-29,4,13.050247291877955,0,0,-0.3009555396877863,44,1,3
2022-03-30,4,12.572717780749638,1,0,-0.7449796509344555,46,2,3
2022-03-31,4,8.994646722894448,0,0,-0.7941291514293707,45,3,3
2022-04-01,4,5.881728653378118,0,0,0.3329593786467255,50,4,4
2022-04-02,4,15.42601594343591,0,0,-0.5500009494654977,47,5,4
2022-04-03,4,13.445980521352698,1,0,-0.5372182782935107,52,6,4
2022-04-04,4,10.515137964816493,0,0,0.5550127371253296,45,0,4
2022-04-05,4,19.950537640607013,0,0,1.4564751913474163,45,1,4
2022-04-06,4,10.66845858250531,0,0,-0.7625858941804523,48,2,4
2022-04-07,4,18.81902411705357,1,0,-0.0509420049731046,52,3,4
2022-04-08,4,10.706846004045763,0,0,-0.3794205321064535,44,4,4
2022-04-09,4,13.21113661248026,0,0,-1.1775527762781122,46,5,4
2022-04-10,4,10.728711802294937,0,0,-0.2874361537194248,39,6,4
