sales_data.csv
date,product_id,price,promotion,holiday,weather_index,units_sold,day_of_week,month
2022-04-11,4,10.823656493615015,0,0,-0.4473262050865787,42,0,4
2022-04-12,4,7.086766472756834,0,0,0.6252494739940104,48,1,4
2022-04-13,4,15.362810713908951,0,0,1.0057762482004904,39,2,4
2022-04-14,4,17.20795992904427,0,0,0.8071618433300161,41,3,4
2022-04-15,4,16.98504397557725,1,1,1.0330878046708427,42,4,4
2022-04-16,4,5.108560640275305,0,0,0.3363636784156789,36,5,4
2022-04-17,4,5.794534001135884,0,0,-0.502944313862603,40,6,4
2022-04-18,4,7.78848926539478,0,0,0.2143841459371654,37,0,4
2022-04-19,4,7.706188010459165,0,0,-0.361451729552279,47,1,4
2022-04-20,4,5.141607035214374,0,0,-0.97393235411552,44,2,4
2022-04-21,4,16.770987404570974,0,1,0.6817244557891129,43,3,4
2022-04-22,4,11.105513577767482,1,0,1.4847267050913944,50,4,4
2022-04-23,4,7.405862976415546,0,0,-0.6716446257642958,39,5,4
2022-04-24,4,18.73587121298292,0,0,-0.2877657854721221,45,6,4
2022-04-25,4,16.310566719743825,0,0,0.8105324048321314,42,0,4
2022-04-26,4,11.127358689161174,0,1,-0.1153788221562547,50,1,4
2022-04-27,4,17.234777494305753,0,0,1.194382474687771,49,2,4
2022-04-28,4,13.481525225942974,1,0,-0.1315483873170008,43,3,4
2022-04-29,4,13.79944896645246,0,1,0.3146782872315845,49,4,4
2022-04-30,4,8.479635390451879,1,0,-0.6635731976450493,47,5,4
2022-05-01,4,17.676698033823282,0,0,-0.8354810250668688,44,6,5
2022-05-02,4,12.342922561146866,0,0,-2.318326735614758,38,0,5
2022-05-03,4,10.066072189329798,0,0,0.2546891010957048,41,1,5
2022-05-04,4,16.596721186221693,1,0,-0.3443086240312585,54,2,5
2022-05-05,4,7.018018914123034,1,0,1.5245086951488367,45,3,5
2022-05-06,4,11.749913503369624,0,0,0.5334235610765002,53,4,5
2022-05-07,4,6.0094515181999295,0,0,0.8878526173636453,44,5,5
2022-05-08,4,6.089160805004667,0,0,-0.0442941761153405,46,6,5
2022-05-09,4,10.99233303411592,0,0,1.3616187541835052,42,0,5
2022-05-10,4,12.016011368398356,0,0,-1.8455818338708008,47,1,5
2022-05-11,4,16.42574329964219,0,0,-2.009273955566445,42,2,5
2022-05-12,4,12.87438511543365,1,0,1.2841872940546415,43,3,5
2022-05-13,4,13.840745853934417,0,1,1.4534372501127817,44,4,5
2022-05-14,4,17.371371556297184,0,0,0.2891917095996102,46,5,5
2022-05-15,4,6.297242768082367,0,0,0.506366960462385,48,6,5
2022-05-16,4,10.537992987327932,1,0,1.2060686557005582,49,0,5
2022-05-17,4,14.208316315132588,1,0,-0.975070065899799,44,1,5
2022-05-18,4,9.67036083746848,1,0,-1.5008704002216156,42,2,5
2022-05-19,4,14.188141759657574,1,0,0.253423499047041,41,3,5
2022-05-20,4,9.290336977866716,0,0,-0.9617840087657628,43,4,5
2022-05-21,4,18.71857578043165,0,0,1.9055865331886308,43,5,5
2022-05-22,4,17.057104065703452,0,0,0.1814358112013032,45,6,5
2022-05-23,4,13.04039938757237,1,0,0.4090988159375057,42,0,5
2022-05-24,4,5.301659923526324,0,0,-0.1957019674419974,51,1,5
2022-05-25,4,8.508292351580527,0,0,-0.0489158234782055,40,2,5
2022-05-26,4,11.385047341336504,0,0,1.3139888414863805,39,3,5
2022-05-27,4,16.10360393620153,0,0,0.2241527603348236,48,4,5
2022-05-28,4,8.045421873126674,0,0,0.6480121957370449,59,5,5
2022-05-29,4,18.519558367739947,0,0,0.3001026587625685,31,6,5
2022-05-30,4,19.33045226901228,0,0,-0.534000221844515,40,0,5
2022-05-31,4,19.09428528883964,0,0,0.2234140323403073,40,1,5
2022-06-01,4,15.3775723645844,1,0,-1.239915826611523,53,2,6
2022-06-02,4,6.636540277250381,0,0,-1.3047933588692282,47,3,6
2022-06-03,4,10.953723184393692,0,0,1.0441595866412283,54,4,6
2022-06-04,4,8.12827708318402,0,1,-0.1909568523985579,44,5,6
2022-06-05,4,18.146728808476944,0,0,0.3774299302307162,47,6,6
2022-06-06,4,11.434265791595088,0,0,-0.1660403501282975,31,0,6
2022-06-07,4,19.63121233755831,1,0,1.792530430944505,41,1,6
2022-06-08,4,19.558770128718336,0,0,-0.3191381620731841,32,2,6
2022-06-09,4,13.766724295400667,0,0,0.1097501339274948,38,3,6
2022-06-10,4,7.909866698230295,0,0,0.2579807673309751,45,4,6
2022-06-11,4,19.634383993247766,0,0,0.2331898491614768,43,5,6
2022-06-12,4,19.18016996118304,1,0,0.690912389783307,44,6,6
2022-06-13,4,19.906834862629825,0,0,2.226442366332975,38,0,6
2022-06-14,4,13.840675182650855,0,0,0.2182667036666455,44,1,6
2022-06-15,4,5.152134100832726,0,1,1.2707596469546338,50,2,6
2022-06-16,4,7.4315621319740925,0,0,0.6829552159735709,59,3,6
2022-06-17,4,7.820794733322823,0,0,0.9121423194627994,42,4,6
2022-06-18,4,8.217194545748338,0,0,1.4272221953638558,46,5,6
2022-06-19,4,11.095477713393809,0,0,-0.640874671182742,45,6,6
2022-06-20,4,16.19650303409633,1,0,-1.3653707146713945,43,0,6
2022-06-21,4,5.459499873925401,0,0,0.8419793383187996,44,1,6
2022-06-22,4,19.14398950429326,0,0,-1.1440593922354232,44,2,6
2022-06-23,4,12.377602525767754,0,0,0.3735602708604356,40,3,6
2022-06-24,4,14.070083177276343,0,0,-1.170952037431905,44,4,6
2022-06-25,4,5.84131078500022,0,0,0.3291335263020841,50,5,6
2022-06-26,4,9.093952109686564,0,0,-0.7828032788473757,54,6,6
2022-06-27,4,12.6892829719681,0,0,1.8155536452822276,29,0,6
2022-06-28,4,19.384023122867767,0,0,2.525584288186081,36,1,6
2022-06-29,4,8.203842385892063,1,0,1.2360267457419636,48,2,6
2022-06-30,4,14.631544222497531,0,0,-0.1678731811621877,44,3,6
2022-07-01,4,15.154249441117516,0,0,-0.2980578747159634,35,4,7
2022-07-02,4,16.98881500022124,0,0,-0.8998588994589867,38,5,7
2022-07-03,4,10.7182764734012,0,0,-0.0196962180145064,38,6,7
2022-07-04,4,19.23835102101052,0,0,-2.184093052605802,44,0,7
2022-07-05,4,13.131171759581727,0,0,-0.1708545378142058,42,1,7
2022-07-06,4,15.642712512772198,1,1,-0.613529232897288,42,2,7
2022-07-07,4,9.2561832004707,0,0,-0.95549796599587,53,3,7
2022-07-08,4,14.324913718252793,0,0,1.021017812881972,49,4,7
2022-07-09,4,9.236620601946637,0,0,0.2487930516894694,53,5,7
2022-07-10,4,16.365598807087906,0,0,1.148225749527812,44,6,7
2022-07-11,4,18.834788582238588,0,0,1.9259042309084464,41,0,7
2022-07-12,4,9.865677487619998,1,1,0.3877594141918427,59,1,7
2022-07-13,4,6.473787704606259,1,0,-0.4246612353937303,41,2,7
2022-07-14,4,13.313097101617766,0,0,-0.6569398811954098,59,3,7
2022-07-15,4,16.67082037176237,0,0,0.3362739447357053,45,4,7
2022-07-16,4,9.944905568621111,0,0,-0.6759831802249902,42,5,7
2022-07-17,4,5.991086378771931,0,0,0.5858584180616091,46,6,7
2022-07-18,4,14.126947485865198,0,0,-0.5078564687103965,34,0,7
2022-07-19,4,8.658344268732332,0,1,-0.3502447104957513,45,1,7
2022-07-20,4,8.051255857709862,1,0,0.6016004435900189,51,2,7
2022-07-21,4,19.420960882773823,0,1,-0.1438885019765027,47,3,7
2022-07-22,4,7.184795863216161,0,0,0.1974982619547979,50,4,7
2022-07-23,4,8.581562647221757,0,0,-1.6819127582859248,48,5,7
2022-07-24,4,9.08843415520337,0,0,0.2519667823916047,43,6,7
2022-07-25,4,13.92950373928113,0,0,-1.733808110660495,45,0,7
2022-07-26,4,8.515045619039224,1,1,-0.5654838278690065,53,1,7
2022-07-27,4,8.181537121408669,1,0,-0.395364728221427,52,2,7
2022-07-28,4,16.59636420249427,1,0,1.627798087377619,41,3,7
2022-07-29,4,18.49279586329504,0,0,-0.1373887333436877,35,4,7
2022-07-30,4,11.057761864046483,0,1,-0.0302516186591222,49,5,7
2022-07-31,4,10.861637905510976,0,0,2.3752073621934247,45,6,7
2022-08-01,4,17.64043827742972,0,0,-2.29004767549772,47,0,8
2022-08-02,4,7.163250532559141,1,0,0.1188294377858263,46,1,8
2022-08-03,4,12.962898839470668,0,0,-0.0194902442274403,54,2,8
2022-08-04,4,19.395231936711884,0,0,-0.0177548418922124,41,3,8
2022-08-05,4,8.624040483769585,0,0,-0.2584170061505474,45,4,8
2022-08-06,4,10.26817224308522,1,0,-1.642404580810094,43,5,8
2022-08-07,4,15.672419386208228,0,0,-0.3108183202104978,37,6,8
2022-08-08,4,17.734668967409295,1,0,2.719065231887867,53,0,8
2022-08-09,4,6.156126890135805,0,0,1.3331811836820178,56,1,8
2022-08-10,4,10.039512747748786,0,0,1.5899957187225715,50,2,8
2022-08-11,4,19.66366871151048,0,0,-0.56091633511293,36,3,8
2022-08-12,4,19.47540654956152,0,0,-0.0610143981789911,47,4,8
2022-08-13,4,8.314841196129299,1,0,0.6408322216886699,50,5,8
2022-08-14,4,17.825640988449077,0,0,-0.9356128545497664,37,6,8
2022-08-15,4,18.171554827305226,0,0,0.5714723195071852,38,0,8
2022-08-16,4,15.942764247930295,0,0,1.9694081569871429,51,1,8
2022-08-17,4,16.283549689165504,1,0,0.5762145887456495,40,2,8
2022-08-18,4,5.22677321288241,0,0,-1.134419945568988,51,3,8
2022-08-19,4,8.46034646194628,0,0,-0.8275779378896461,53,4,8
2022-08-20,4,13.288857981320849,0,0,-0.9282774874119888,44,5,8
2022-08-21,4,6.154266908344278,0,0,-0.1257818188025336,46,6,8
2022-08-22,4,8.38133195542568,0,0,-0.6218075588758332,48,0,8
2022-08-23,4,5.989065080860425,1,0,0.1570332775861865,56,1,8
2022-08-24,4,17.48921563398214,0,0,0.5408455034844157,42,2,8
2022-08-25,4,15.69657159655581,0,0,-1.4553310498486636,48,3,8
2022-08-26,4,5.261508537194446,0,0,0.706577813308481,38,4,8
2022-08-27,4,8.83160908774999,1,0,0.0117735665334948,45,5,8
2022-08-28,4,19.512395098793128,0,0,0.3663746413529836,43,6,8
2022-08-29,4,7.621381788468605,1,0,-0.5378081961196368,46,0,8
2022-08-30,4,8.530286872255264,0,0,-0.5216702528347176,45,1,8
2022-08-31,4,6.037409287207688,0,0,-0.8929798325661631,47,2,8
2022-09-01,4,16.57685391516754,0,0,0.5037997322953139,46,3,9
2022-09-02,4,13.802037364720608,0,0,1.8710377546366264,44,4,9
2022-09-03,4,17.201365699439478,1,0,0.8575204735473505,52,5,9
2022-09-04,4,7.9742807261617985,0,0,0.1299243281380959,48,6,9
2022-09-05,4,11.351913827866657,1,0,-1.505935501674799,38,0,9
2022-09-06,4,14.48594477766475,0,0,-1.56732831624905,51,1,9
2022-09-07,4,13.203512779782333,0,0,1.3952173808186097,41,2,9
2022-09-08,4,5.5205876793717605,0,0,0.6215894012426101,41,3,9
2022-09-09,4,14.103084109945582,1,0,1.0060629144279565,44,4,9
2022-09-10,4,17.381507510702114,1,0,-1.6625891275843356,46,5,9
2022-09-11,4,11.655805650587473,0,0,0.1312967848226718,43,6,9
2022-09-12,4,17.050297181729416,0,0,-0.3316733659928838,32,0,9
2022-09-13,4,11.771399062223864,0,0,1.487926598643015,41,1,9
2022-09-14,4,18.901127232786223,1,0,-0.5421713204538046,47,2,9
2022-09-15,4,14.676950335304245,0,0,-0.2384739311058794,42,3,9
2022-09-16,4,5.995232523425243,0,0,-0.2138840787686103,48,4,9
2022-09-17,4,17.359958680820185,0,0,-0.1983261431888136,42,5,9
2022-09-18,4,11.186093844002432,0,0,0.9549963493923744,34,6,9
2022-09-19,4,16.343512381200085,0,0,0.162023154122401,40,0,9
2022-09-20,4,18.33202277935284,0,0,-0.3944299691819782,47,1,9
2022-09-21,4,16.509240729566056,0,0,0.4889580666395793,46,2,9
2022-09-22,4,15.915104790667534,0,0,1.52252277235628,37,3,9
2022-09-23,4,16.87419592179592,0,0,0.9663989790809784,37,4,9
2022-09-24,4,5.657842077736246,0,0,-0.0838370390786642,56,5,9
2022-09-25,4,10.371811552369977,1,0,-0.2998424084039167,43,6,9
2022-09-26,4,6.286983265437449,1,0,0.8425506765603213,42,0,9
2022-09-27,4,14.4191794609163,0,0,0.8902890260853513,40,1,9
2022-09-28,4,10.088101100340712,1,0,0.8112914237691086,41,2,9
2022-09-29,4,10.407037488067717,1,0,0.0813102381543983,52,3,9
2022-09-30,4,13.41036573302097,0,0,-1.322374733943635,48,4,9
2022-10-01,4,10.68267165673608,0,0,-0.4860626823082533,47,5,10
2022-10-02,4,14.94356504979113,0,0,0.3015781577592769,46,6,10
2022-10-03,4,19.30184870773456,1,0,-0.5462188446962069,43,0,10
2022-10-04,4,17.910331619161745,0,0,-0.1560175549797655,35,1,10
2022-10-05,4,15.55195664310977,0,0,0.4790348158418511,39,2,10
2022-10-06,4,12.127672995308552,0,0,-0.5883768784771568,45,3,10
2022-10-07,4,6.114690511113487,0,0,0.1125327873262008,47,4,10
2022-10-08,4,16.57882395308675,0,0,-0.8470394261278904,41,5,10
2022-10-09,4,13.996324857975113,0,0,-1.8384135912224853,41,6,10
2022-10-10,4,18.73284604976505,0,0,0.8692517156631048,43,0,10
2022-10-11,4,18.729828980605504,0,0,0.873937515528412,30,1,10
2022-10-12,4,12.263786904238014,0,0,-0.456453353537196,37,2,10
2022-10-13,4,6.088673747718711,0,0,0.7238140593570895,44,3,10
2022-10-14,4,16.199234963057457,0,0,0.0323051866258386,42,4,10
2022-10-15,4,17.42506099970093,0,0,-0.1280765736787418,45,5,10
2022-10-16,4,13.652914165767884,1,0,-1.0001475601443517,49,6,10
2022-10-17,4,15.476020356321389,1,0,-0.3147210845087468,49,0,10
2022-10-18,4,6.9020670848555445,0,0,0.7666655890849,52,1,10
2022-10-19,4,13.889626434312586,0,0,0.7848539514097519,41,2,10
2022-10-20,4,7.866341812886611,0,0,0.4526177745442097,49,3,10
2022-10-21,4,9.879729075644718,1,0,-0.0647212670525222,47,4,10
2022-10-22,4,6.937814891698461,1,0,0.5857624387069469,53,5,10
2022-10-23,4,6.989313294796926,0,0,1.473717815478329,41,6,10
2022-10-24,4,12.03362052839947,0,0,0.7409296680059264,41,0,10
2022-10-25,4,5.0166068616077775,0,0,-0.1620622665805597,46,1,10
2022-10-26,4,5.175135085813302,0,0,0.0625388582628303,48,2,10
2022-10-27,4,15.960342415737324,1,0,-0.6957007328529459,43,3,10
2022-10-28,4,10.68400136591609,0,0,-0.5999081762573397,51,4,10
2022-10-29,4,14.197444434428366,1,0,1.3055953781004408,43,5,10
2022-10-30,4,5.66903959087465,0,0,-0.3379556784058242,50,6,10
2022-10-31,4,7.2944315519498995,0,0,2.1722459739873483,44,0,10
2022-11-01,4,8.016443464982807,1,0,-1.0700507180332643,47,1,11
2022-11-02,4,18.35479312927363,0,0,0.1894840392232849,39,2,11
2022-11-03,4,12.182724243394157,0,1,0.439186299704153,44,3,11
2022-11-04,4,6.05883828380652,0,1,1.1901933809154768,52,4,11
2022-11-05,4,14.320850833451514,1,0,1.5224214214298348,50,5,11
2022-11-06,4,11.580129721726475,0,1,-1.4223686688900274,52,6,11
2022-11-07,4,6.02291654654367,0,0,0.3224325216652016,50,0,11
2022-11-08,4,13.31611364938421,0,0,-0.14758036853479,43,1,11
2022-11-09,4,8.279852423314042,0,0,-0.8029299206865185,46,2,11
2022-11-10,4,14.454736607353826,1,0,1.1286855951642647,44,3,11
2022-11-11,4,5.023503485427436,1,0,-0.12749547177335,48,4,11
2022-11-12,4,11.742131963505956,0,0,-1.9820994314220028,45,5,11
2022-11-13,4,7.857777992094452,0,0,-0.1541005456983971,37,6,11
2022-11-14,4,8.473309255963269,1,0,0.3537486460510041,51,0,11
2022-11-15,4,18.989487989958302,0,0,1.900896378332428,47,1,11
2022-11-16,4,6.5160779700731055,1,0,-0.6220624582372752,48,2,11
2022-11-17,4,10.471253571379211,1,0,-0.7249948384227328,54,3,11
2022-11-18,4,6.73116536195014,0,0,0.92208210359611,52,4,11
2022-11-19,4,14.178612446569351,1,0,0.6132309550373057,46,5,11
2022-11-20,4,17.796049435463118,0,0,-0.3809799862258207,40,6,11
2022-11-21,4,12.112098656658986,0,0,3.2708631443401925,38,0,11
2022-11-22,4,10.313577477346634,0,0,-0.0699978695602572,51,1,11
2022-11-23,4,14.04670830383544,0,0,0.8687890942538763,53,2,11
2022-11-24,4,11.571397451092851,0,0,-0.6239384493964063,40,3,11
2022-11-25,4,18.142920698007917,0,0,1.1267811869742352,38,4,11
2022-11-26,4,16.533026580743666,0,0,1.8098262537007948,41,5,11
2022-11-27,4,19.939493047704943,0,0,-0.1670978418770623,39,6,11
2022-11-28,4,16.062801418030432,0,0,0.6700652191084459,38,0,11
2022-11-29,4,15.398357972566917,0,0,0.6792353740214564,37,1,11
2022-11-30,4,12.128683887538848,0,0,2.132823009231703,34,2,11
2022-12-01,4,19.824395461037582,0,0,0.4978721732809484,42,3,12
2022-12-02,4,11.760681863881928,1,0,-1.031326329256617,56,4,12
2022-12-03,4,7.955435193042279,1,0,0.1572357805747269,45,5,12
2022-12-04,4,19.47152684605151,0,0,0.2509235544648434,35,6,12
2022-12-05,4,8.001321337922073,0,0,0.5886652340556016,42,0,12
2022-12-06,4,16.387639523709744,0,0,0.5501216850098778,47,1,12
2022-12-07,4,14.030558718248331,0,0,1.751235060387641,50,2,12
2022-12-08,4,5.921407174877526,0,0,0.2301724992218232,49,3,12
2022-12-09,4,10.606146164769648,0,0,0.5556494333001344,43,4,12
2022-12-10,4,14.0038643117335,1,0,0.3933600777662016,39,5,12
2022-12-11,4,13.038414957846731,0,0,1.2448703127422118,41,6,12
2022-12-12,4,19.475912603666732,1,1,-0.9894660730133436,51,0,12
2022-12-13,4,18.424397280777256,0,0,1.3976129811833942,41,1,12
2022-12-14,4,17.80497407569103,1,0,0.1925651345514772,42,2,12
2022-12-15,4,15.361714739972978,0,0,-1.6062378535306472,42,3,12
2022-12-16,4,13.832113169044902,1,0,-1.436618280755772,42,4,12
2022-12-17,4,12.171774423334591,0,0,0.628711898489928,47,5,12
2022-12-18,4,11.433291851822442,0,1,0.7036108980382993,47,6,12
2022-12-19,4,14.047229570373132,0,0,0.2905310801488815,39,0,12
2022-12-20,4,8.030412073521491,0,0,1.1931952785051163,53,1,12
2022-12-21,4,8.097806317807608,0,0,1.2566182851325547,48,2,12
2022-12-22,4,12.012501779638454,0,0,0.4108048618694793,53,3,12
2022-12-23,4,8.264002403339035,1,0,-0.4231783685729705,47,4,12
2022-12-24,4,5.580013999104811,0,0,-0.280174707465828,45,5,12
2022-12-25,4,11.00210297096395,0,0,-0.9488717085203264,43,6,12
2022-12-26,4,17.070616329079503,1,0,0.6284078498314166,45,0,12
2022-12-27,4,6.238619754067432,0,0,1.4222502627058886,51,1,12
2022-12-28,4,16.05612215750061,0,0,1.3266327948891836,33,2,12
2022-12-29,4,10.080827198858795,0,0,0.7288717105227001,55,3,12
2022-12-30,4,12.27588972544391,1,0,0.2446449115458262,46,4,12
2022-12-31,4,11.160256780843495,0,0,-1.127533360592403,37,5,12
2023-01-01,4,5.864234031288475,1,0,0.3374108758345981,48,6,1
2023-01-02,4,13.057923632644842,1,0,-0.6403963994379165,39,0,1
2023-01-03,4,7.847473386557197,1,0,1.428054457306354,44,1,1
2023-01-04,4,7.949251220753757,0,0,2.112475750451587,45,2,1
2023-01-05,4,15.277901044994543,0,0,1.1535951777685187,38,3,1
2023-01-06,4,10.47668212185807,1,0,0.2031876266420237,50,4,1
2023-01-07,4,19.598172475387376,0,0,-0.3969803431668191,34,5,1
2023-01-08,4,5.332718543257281,0,0,0.0163437808922601,46,6,1
2023-01-09,4,9.2425587768649,0,0,0.1982823602100495,45,0,1
2023-01-10,4,6.35248165903439,0,0,0.1825302345847079,48,1,1
2023-01-11,4,15.184421268292684,0,0,-1.257974229362543,42,2,1
2023-01-12,4,19.68945196129993,1,0,-0.1515972613091912,47,3,1
2023-01-13,4,16.356223231149322,0,0,0.7108677019880331,48,4,1
2023-01-14,4,19.64797480797136,0,0,0.3723863498656739,44,5,1
2023-01-15,4,10.541293291178356,0,0,-0.4927005110759886,52,6,1
2023-01-16,4,13.645115161558104,0,0,-1.857467276181816,39,0,1
2023-01-17,4,15.082268935090436,0,0,1.2376849856661587,40,1,1
2023-01-18,4,6.501423490647326,0,0,1.3655040724659684,55,2,1
2023-01-19,4,10.42976424224403,1,0,0.4219000335447185,54,3,1
2023-01-20,4,9.805271771400228,0,0,-1.4065109289117337,37,4,1
2023-01-21,4,16.173132616634184,1,0,-0.3112485629618866,45,5,1
2023-01-22,4,13.064244370393071,0,0,-0.3854791687708815,38,6,1
2023-01-23,4,9.078067202341296,0,1,-1.6400748066622757,53,0,1
2023-01-24,4,13.356168641205702,0,0,0.6071391787734012,37,1,1
