sales_data.csv
date,product_id,price,promotion,holiday,weather_index,units_sold,day_of_week,month
2023-01-25,4,16.37623565066948,0,0,0.9991338779886468,40,2,1
2023-01-26,4,18.516770719346844,0,0,-0.0458331132446163,39,3,1
2023-01-27,4,19.053080227038496,1,0,0.0689730938282954,39,4,1
2023-01-28,4,10.036711758998788,0,0,0.131047402467921,53,5,1
2023-01-29,4,13.233027153207994,0,0,-1.8899256977580372,42,6,1
2023-01-30,4,19.57084417417846,1,0,0.6364550498147717,45,0,1
2023-01-31,4,17.310884710559847,0,0,-2.6275045748408075,44,1,1
2023-02-01,4,18.61992309024611,1,0,-0.8565626791841885,45,2,2
2023-02-02,4,8.122646517720904,1,0,0.2768936769942181,55,3,2
2023-02-03,4,10.57789089436574,0,0,-2.265554269949524,41,4,2
2023-02-04,4,8.066198069044477,0,0,-0.5938855565899905,41,5,2
2023-02-05,4,19.937679584709777,0,0,0.2422446485878769,41,6,2
2023-02-06,4,10.095246887858304,1,0,-1.162589819550702,48,0,2
2023-02-07,4,9.943576311568297,0,0,-0.1914533243347655,39,1,2
2023-02-08,4,11.100879624668112,1,0,-1.0425184995168626,43,2,2
2023-02-09,4,14.045814258288964,0,0,-2.522722388387616,39,3,2
2023-02-10,4,7.078678510088255,0,0,-0.5016891217616815,39,4,2
2023-02-11,4,13.381225548711894,0,0,-0.4892249709563261,43,5,2
2023-02-12,4,5.146997430599983,1,0,0.3216284231146472,55,6,2
2023-02-13,4,15.089784125989476,0,0,-0.1046331648595904,51,0,2
2023-02-14,4,12.32685826249048,0,1,-0.5997439820065639,49,1,2
2023-02-15,4,11.39201657319432,0,0,0.4064083332119287,57,2,2
2023-02-16,4,6.002716394498956,0,0,-1.418116820445644,46,3,2
2023-02-17,4,16.522000342234364,0,0,-0.8777883109329707,40,4,2
2023-02-18,4,14.156585878791454,0,0,0.6521583062345653,45,5,2
2023-02-19,4,12.71504683949092,0,0,-1.9480455464353563,43,6,2
2023-02-20,4,15.219721105658772,0,0,0.1507665708372832,46,0,2
2023-02-21,4,10.388803636704164,1,0,0.2759542920449385,48,1,2
2023-02-22,4,5.169459067249861,0,0,-0.0987893660240046,42,2,2
2023-02-23,4,16.784872876166727,1,0,-0.3140754623526399,43,3,2
2023-02-24,4,7.545123838650034,0,0,-1.6153736065258486,44,4,2
2023-02-25,4,6.039438361436783,1,0,-0.6014876157570777,62,5,2
2023-02-26,4,5.189181232607394,0,0,-1.7810115540765952,47,6,2
2023-02-27,4,11.422722606212346,0,0,1.7676131557971824,45,0,2
2023-02-28,4,11.107040897365655,1,0,0.5006715792409143,44,1,2
2023-03-01,4,17.39507215035089,0,0,-0.5326832778919239,38,2,3
2023-03-02,4,7.4080052241627,1,0,0.2420410412351821,61,3,3
2023-03-03,4,14.689507568474836,0,0,-0.1936789819149406,45,4,3
2023-03-04,4,15.516256456814595,0,0,-2.467240500907548,44,5,3
2023-03-05,4,18.841742225551872,1,0,-0.2212680446587657,39,6,3
2023-03-06,4,18.82405276722284,0,0,0.9586789110227574,40,0,3
2023-03-07,4,6.8251711567873805,1,0,-0.6111290437301714,45,1,3
2023-03-08,4,9.286742646207957,0,0,0.2514967700488859,54,2,3
2023-03-09,4,18.6115665630954,0,0,-0.241309405563443,41,3,3
2023-03-10,4,10.398809376764126,0,0,0.4035978113511769,43,4,3
2023-03-11,4,6.549115513518177,0,0,0.2013119469152573,43,5,3
2023-03-12,4,5.589302459430506,0,0,-2.159864155080771,34,6,3
2023-03-13,4,11.21925208402778,1,0,-1.6936642728330964,45,0,3
2023-03-14,4,10.640029798790517,1,0,-1.611044556955675,49,1,3
2023-03-15,4,15.64395342625958,0,0,-0.2694212462473608,43,2,3
2023-03-16,4,17.442312767642566,0,0,1.2073795569334194,41,3,3
2023-03-17,4,18.003858764843756,1,0,-0.7133744670926316,52,4,3
2023-03-18,4,13.49410532086181,0,0,0.2354104010673672,48,5,3
2023-03-19,4,6.72814598770652,0,0,0.0431703519138624,46,6,3
2023-03-20,4,18.51355494946806,0,0,-1.327572244968124,36,0,3
2023-03-21,4,7.7167173875588,0,0,-0.4365539989897579,38,1,3
2023-03-22,4,7.243279516747885,0,0,0.3815347741530963,56,2,3
2023-03-23,4,5.088529295099616,0,0,-0.9764732185404886,55,3,3
2023-03-24,4,15.442550291738812,0,0,-0.5661728286259384,34,4,3
2023-03-25,4,9.344657117163038,0,0,-0.8231067952408136,43,5,3
2023-03-26,4,15.266224145301916,1,0,-0.6346098539073307,40,6,3
2023-03-27,4,6.325423909596048,0,0,0.1990643630727044,48,0,3
2023-03-28,4,6.20757001649014,0,0,-1.1065817814314345,43,1,3
2023-03-29,4,17.23072623612307,0,0,-0.1518466834492882,46,2,3
2023-03-30,4,18.52780239634805,0,1,-1.2909579199503407,39,3,3
2023-03-31,4,16.225314864900323,0,0,-0.7845272792496178,48,4,3
2023-04-01,4,11.794975773789826,1,0,-1.0114740613091602,45,5,4
2023-04-02,4,10.639716304663096,0,0,-1.2163690986120743,46,6,4
2023-04-03,4,14.880407718681743,1,0,-0.3451828119130869,46,0,4
2023-04-04,4,6.95763265762322,0,0,-1.297450513523203,41,1,4
2023-04-05,4,9.33883677427465,0,0,0.2484320493573254,45,2,4
2023-04-06,4,11.408594936049791,0,0,0.8387796428938639,44,3,4
2023-04-07,4,13.88166605117102,0,0,-0.5581188329055156,35,4,4
2023-04-08,4,13.719859507292163,1,0,1.996498012275412,50,5,4
2023-04-09,4,8.718905023919714,0,0,0.2186433234274705,44,6,4
2023-04-10,4,12.278002046287876,0,0,-0.8067781476360808,44,0,4
2023-04-11,4,12.268629620375648,0,0,0.6245303137192023,39,1,4
2023-04-12,4,17.730641440594823,1,0,1.5449734072285075,42,2,4
2023-04-13,4,11.817171417612576,0,0,1.7712375422934337,46,3,4
2023-04-14,4,11.386693852446117,0,0,-0.056817354005326,48,4,4
2023-04-15,4,18.494090952661885,1,0,-0.1809479434127028,48,5,4
2023-04-16,4,16.633141080958882,0,0,-2.372797925808904,49,6,4
2023-04-17,4,19.0691701455871,1,0,1.0943918900895444,42,0,4
2023-04-18,4,13.410929473845846,0,0,2.4200133842658587,40,1,4
2023-04-19,4,5.465750980879181,0,0,0.6854833585784155,46,2,4
2023-04-20,4,7.191413531459199,0,0,-0.5147049967231887,42,3,4
2023-04-21,4,17.88631196232638,1,0,-0.4206534766202152,40,4,4
2023-04-22,4,7.325741037152273,1,0,-0.1104735750462219,48,5,4
2023-04-23,4,5.670329117045546,0,0,0.019922149244868,47,6,4
2023-04-24,4,6.21581244226675,0,0,0.4262241242322914,47,0,4
2023-04-25,4,9.1232574771517,0,0,-1.4048843700226148,44,1,4
2023-04-26,4,16.497143941616407,0,0,-1.4923665057960869,38,2,4
2023-04-27,4,16.21945778169855,0,0,-0.2533964144240925,40,3,4
2023-04-28,4,13.059385727512163,0,0,-0.8121394947226744,44,4,4
2023-04-29,4,17.545658161369403,1,0,-1.5515614429871036,45,5,4
2023-04-30,4,5.019014558047779,1,0,1.1967349478282974,43,6,4
2023-05-01,4,13.920416689287556,0,0,0.3650291500859605,46,0,5
2023-05-02,4,14.191249165756494,1,0,0.3677592746827272,46,1,5
2023-05-03,4,9.549528927255029,0,1,-0.5908602945953324,53,2,5
2023-05-04,4,13.823696991897371,0,0,0.2968546924895267,45,3,5
2023-05-05,4,12.497978154585212,1,0,-1.7815072235319052,51,4,5
2023-05-06,4,17.19184024501368,0,0,-0.1560830168859306,50,5,5
2023-05-07,4,6.782025526248232,1,0,-0.6102102407734397,56,6,5
2023-05-08,4,18.99422099558844,0,0,-1.0589660901170583,46,0,5
2023-05-09,4,18.063852375790304,0,0,0.4794724001966303,41,1,5
2023-05-10,4,5.256202053885598,0,0,-0.045257710613462,45,2,5
2023-05-11,4,10.292461276503488,0,0,-1.7856259958184748,45,3,5
2023-05-12,4,10.059947614135128,1,0,0.4274983513729687,52,4,5
2023-05-13,4,7.7939749517078205,0,1,0.1072385460380979,40,5,5
2023-05-14,4,15.337209245194256,0,1,-0.6984185235719494,47,6,5
2023-05-15,4,7.921170490175262,0,0,-0.9558797971261224,49,0,5
2023-05-16,4,9.62184056332345,0,0,-0.0693301534856009,47,1,5
2023-05-17,4,7.071235677016647,0,0,-1.113162123792344,44,2,5
2023-05-18,4,15.849226924514932,1,0,0.1243444913577664,42,3,5
2023-05-19,4,9.936787136760564,0,0,-1.497077457083325,44,4,5
2023-05-20,4,10.250811517246545,1,0,0.6641647234808742,57,5,5
2023-05-21,4,10.9807454822231,0,0,0.2839472534903018,30,6,5
2023-05-22,4,17.43457081017219,0,0,-0.3640564893589592,41,0,5
2023-05-23,4,7.946718499125549,0,0,-0.0873815236304669,44,1,5
2023-05-24,4,10.877360284256914,0,0,-0.8418195888647989,39,2,5
2023-05-25,4,8.96537057893211,0,0,1.405140329230551,47,3,5
2023-05-26,4,5.882399249037752,0,0,-0.0308441338467983,53,4,5
2023-05-27,4,15.747147565017524,0,0,0.246844836257708,32,5,5
2023-05-28,4,8.590048947796863,0,0,-0.3658715242468793,52,6,5
2023-05-29,4,10.09258279130774,0,0,-1.4488764216593086,44,0,5
2023-05-30,4,6.766501280127662,0,0,0.2338119457343576,49,1,5
2023-05-31,4,15.391623548058751,1,0,-0.3019100653797466,52,2,5
2023-06-01,4,6.572711373185564,0,0,-0.0379706367385172,45,3,6
2023-06-02,4,16.38659815115281,1,0,-0.4619786473509891,41,4,6
2023-06-03,4,9.44934862604929,0,0,-0.9638011215491772,45,5,6
2023-06-04,4,5.913667085879891,0,0,-2.4404365289811607,47,6,6
2023-06-05,4,18.06218510306004,0,0,-0.5955450427265719,40,0,6
2023-06-06,4,6.399583439004344,0,0,-1.563823198988429,52,1,6
2023-06-07,4,7.145514878599849,0,0,-0.892616606771493,48,2,6
2023-06-08,4,6.388187619836944,0,0,-1.284580745086717,52,3,6
2023-06-09,4,14.4335605638178,0,0,-0.3956723665456295,43,4,6
2023-06-10,4,5.000794722204939,1,0,-0.2731082483111394,43,5,6
2023-06-11,4,6.410808438882774,0,0,-0.9339726597332184,43,6,6
2023-06-12,4,12.26615627169932,0,0,-0.7112136609568106,33,0,6
2023-06-13,4,10.164549213735606,0,0,-0.6569570899001311,41,1,6
2023-06-14,4,9.680496823945706,0,0,0.5284689543211106,51,2,6
2023-06-15,4,7.405199911404815,1,0,-0.6545490267905574,55,3,6
2023-06-16,4,13.21691038932234,1,0,0.2165895371018799,52,4,6
2023-06-17,4,17.268638147684953,0,0,-1.7854500301277552,42,5,6
2023-06-18,4,6.857214506967384,0,0,-0.1864179417538233,45,6,6
2023-06-19,4,17.03580555046743,1,0,-1.3399608590731271,48,0,6
2023-06-20,4,18.061281641042925,1,0,0.5892542492420798,41,1,6
2023-06-21,4,14.930990567747568,0,1,1.1846319654701205,47,2,6
2023-06-22,4,19.90689538804396,0,0,-1.223457532397925,47,3,6
2023-06-23,4,18.725286885274432,0,0,0.0219789697543674,38,4,6
2023-06-24,4,12.214159849587062,0,0,0.8401352699576308,52,5,6
2023-06-25,4,12.15746457525349,1,0,-0.2764686262585698,47,6,6
2023-06-26,4,7.09469406354863,1,0,1.0972433221089868,46,0,6
2023-06-27,4,11.5015532482044,0,0,2.104587672585712,46,1,6
2023-06-28,4,18.526270089111577,0,0,1.4586966323911978,43,2,6
2023-06-29,4,9.384378106884844,1,0,0.5420574713092275,48,3,6
2023-06-30,4,17.456156336576143,0,0,-0.7350171838556235,36,4,6
2023-07-01,4,13.52672130767514,0,0,0.1798556427634875,41,5,7
2023-07-02,4,14.462172475849467,0,0,1.5833248483724915,43,6,7
2023-07-03,4,19.03362948942911,0,0,-2.120429411840185,38,0,7
2023-07-04,4,14.293657477312436,0,0,-1.4503490977334066,40,1,7
2023-07-05,4,18.4546283492557,0,0,-0.6084302962581202,35,2,7
2023-07-06,4,13.722479997987277,0,0,0.2719008406797907,37,3,7
2023-07-07,4,11.400210330487212,0,0,0.683745119904621,42,4,7
2023-07-08,4,7.495546105104692,0,0,-0.6157535752675035,45,5,7
2023-07-09,4,17.949519390859876,1,0,0.9580174244976102,40,6,7
2023-07-10,4,13.592520962989571,1,0,-1.0618847388763195,37,0,7
2023-07-11,4,15.501305031823062,0,0,-1.8949910997582176,46,1,7
2023-07-12,4,5.836343361208593,0,0,0.2252145196911668,52,2,7
2023-07-13,4,9.185278368865404,0,0,0.0135108402967293,46,3,7
2023-07-14,4,15.622137254946589,0,0,0.3059830442348786,40,4,7
2023-07-15,4,6.980448407328668,0,0,1.32814970684226,43,5,7
2023-07-16,4,19.470348703565293,0,0,-0.8675874955494286,45,6,7
2023-07-17,4,19.869278173066817,0,0,-0.1224582797266923,28,0,7
2023-07-18,4,13.739455236361165,1,0,-0.5966353913967912,40,1,7
2023-07-19,4,6.2231401181314245,0,0,0.6101591557596225,45,2,7
2023-07-20,4,10.47024990062256,0,0,-1.4413355999398154,39,3,7
2023-07-21,4,17.190831636318073,0,0,-0.9905724049487924,41,4,7
2023-07-22,4,17.44301025032657,1,0,-0.7074609717112494,51,5,7
2023-07-23,4,12.691099064009258,1,0,-0.3358834389232937,41,6,7
2023-07-24,4,16.66358706090081,0,0,-1.1805280149446424,38,0,7
2023-07-25,4,17.531594773365832,0,0,1.303078582906658,42,1,7
2023-07-26,4,5.173945457374403,0,0,-1.5367751984466378,46,2,7
2023-07-27,4,8.998215401329725,0,0,0.4060169287951288,45,3,7
2023-07-28,4,6.019491352353699,1,0,-0.0503757801722828,46,4,7
2023-07-29,4,19.616579811699506,1,0,-1.2997906404822024,46,5,7
2023-07-30,4,12.9660783882738,0,0,2.603324154821736,47,6,7
2023-07-31,4,5.017827704739119,0,0,1.6399860955383825,56,0,7
2023-08-01,4,13.194747249746133,0,0,-0.0337479442913095,42,1,8
2023-08-02,4,11.607229727006995,0,0,0.0219388656661158,38,2,8
2023-08-03,4,6.995285929783496,0,0,0.3147389916183576,49,3,8
2023-08-04,4,16.776440686955414,0,0,0.6019368327415492,44,4,8
2023-08-05,4,14.855232687226572,1,0,-1.8623278850515657,38,5,8
2023-08-06,4,17.527501379199343,0,1,-1.4720597384281215,46,6,8
2023-08-07,4,11.067510305467405,0,0,-0.7527744989525998,40,0,8
2023-08-08,4,6.716720568459661,0,0,-0.0156530128205459,46,1,8
2023-08-09,4,12.565468865205869,0,0,-1.714404456844168,39,2,8
2023-08-10,4,19.31625152728572,0,0,1.5763910329710618,38,3,8
2023-08-11,4,14.387756128140795,0,0,0.6235514593215011,41,4,8
2023-08-12,4,14.810213623457132,0,0,-1.7167247592640509,41,5,8
2023-08-13,4,17.631421860991658,0,0,0.0793308190243756,38,6,8
2023-08-14,4,5.425872310928525,1,0,0.1684539892298995,50,0,8
2023-08-15,4,6.7114558871928605,0,0,0.2200943878405479,42,1,8
2023-08-16,4,11.11097368595489,0,0,-0.3181845439686607,46,2,8
2023-08-17,4,18.20631829178203,0,0,0.6434796543683348,36,3,8
2023-08-18,4,6.989846349158001,0,0,-0.8620241190921195,49,4,8
2023-08-19,4,7.723536140053646,0,0,1.9990189285527311,57,5,8
2023-08-20,4,19.796974774689456,0,0,-0.2916865547269868,29,6,8
2023-08-21,4,19.903326295598063,0,1,-0.5183456081598952,48,0,8
2023-08-22,4,11.042080633449032,0,0,-1.0951044680212174,43,1,8
2023-08-23,4,5.47388904222884,0,0,-0.5952045628904299,41,2,8
2023-08-24,4,18.374798700965545,0,0,-0.9292556210904775,26,3,8
2023-08-25,4,7.993480708999413,0,0,-1.0124963948019363,43,4,8
2023-08-26,4,17.279577882615904,1,0,0.3869006059525718,44,5,8
2023-08-27,4,9.047693373757822,0,0,1.4279314402444625,39,6,8
2023-08-28,4,18.336173302322557,0,0,1.1310871052692275,38,0,8
2023-08-29,4,6.661686849989,0,0,-0.5711316439284859,55,1,8
2023-08-30,4,16.3920693302194,1,0,-0.9927252099260224,52,2,8
2023-08-31,4,11.482869460315769,0,0,0.640305801710781,47,3,8
2023-09-01,4,19.07867919657801,0,0,-1.4054321326743666,39,4,9
2023-09-02,4,7.559051873481959,1,0,0.5517294362931268,46,5,9
2023-09-03,4,6.849401016808045,0,0,-1.3123712421838476,49,6,9
2023-09-04,4,5.192611904055874,0,0,1.054705987613304,47,0,9
2023-09-05,4,14.943611562488542,1,0,-0.9952854958238652,44,1,9
2023-09-06,4,10.478409817827036,0,0,-1.2052717988898454,48,2,9
2023-09-07,4,11.313649012244149,0,0,-0.5852216684270378,40,3,9
2023-09-08,4,12.845162689484454,1,0,-0.2142306583342055,48,4,9
2023-09-09,4,13.515875524946065,0,0,0.6086825649659099,41,5,9
2023-09-10,4,18.83077306837273,0,0,-0.5037254840021619,32,6,9
2023-09-11,4,8.985581031710698,0,0,0.1424652846029729,37,0,9
2023-09-12,4,13.579087434419154,1,0,0.3777816431043179,42,1,9
2023-09-13,4,5.909937428532995,0,0,-1.4825939972500783,47,2,9
2023-09-14,4,6.566996082092764,0,1,-4.239237306882124,48,3,9
2023-09-15,4,5.238103247853819,0,0,0.4628925866136216,40,4,9
2023-09-16,4,8.148800003292916,0,0,-0.6103444689569851,45,5,9
2023-09-17,4,9.713418283009164,0,0,0.6693183220493378,39,6,9
2023-09-18,4,14.491025701651024,0,0,-0.9261202718473586,47,0,9
2023-09-19,4,18.233498904212905,0,0,-1.488756603879727,33,1,9
2023-09-20,4,19.82672017112465,0,0,-0.6936991048579139,40,2,9
2023-09-21,4,13.271384765822374,0,0,-0.5879726847053349,48,3,9
2023-09-22,4,5.306939576260622,0,0,-0.7555397016636424,51,4,9
2023-09-23,4,6.457019570225764,1,0,-0.9818596701560668,50,5,9
2023-09-24,4,6.916868610080723,0,0,0.9011849960977238,51,6,9
2023-09-25,4,12.825136722967123,0,0,-0.1018383455345428,40,0,9
2023-09-26,4,17.873516489464897,0,0,-2.523183379408332,37,1,9
2023-09-27,4,9.111209285079838,0,0,3.5068962881329675,43,2,9
2023-09-28,4,6.990196013550929,0,0,0.9921084050225036,48,3,9
2023-09-29,4,8.617957000975936,1,0,-0.2354573662454193,49,4,9
2023-09-30,4,13.54626268886891,0,0,-0.2696305656166485,42,5,9
2023-10-01,4,7.813973298382942,0,0,0.7654177902695081,47,6,10
2023-10-02,4,5.736634493199412,1,0,-0.7195464854034125,46,0,10
2023-10-03,4,7.353383057917363,0,0,-0.0003937722118886,39,1,10
2023-10-04,4,12.674038069017833,0,0,1.9427987269004536,43,2,10
2023-10-05,4,10.49570389985436,1,0,-0.3112341499042563,42,3,10
2023-10-06,4,11.231086920429153,0,0,0.4763046364079116,49,4,10
2023-10-07,4,17.71726700893862,0,0,0.6967225412881325,43,5,10
2023-10-08,4,7.25598939651218,0,0,-0.5551711256842312,38,6,10
2023-10-09,4,5.294969027644825,1,0,0.7136982924159156,45,0,10
2023-10-10,4,11.410717982669064,0,0,-0.9635089878021674,49,1,10
2023-10-11,4,18.19509400813204,0,0,0.3518593190842582,37,2,10
2023-10-12,4,7.541886463718884,0,0,-0.948206243326211,52,3,10
2023-10-13,4,12.973816398577636,0,0,0.5419311618336602,47,4,10
2023-10-14,4,10.102055536248397,1,0,-0.0109684119675524,47,5,10
2023-10-15,4,12.89156960356793,0,0,0.0740838864997677,42,6,10
2023-10-16,4,8.488408579059115,0,0,-0.332505600942685,48,0,10
2023-10-17,4,17.972117906906096,0,0,0.0844250967127373,41,1,10
2023-10-18,4,9.377354229714086,0,0,0.016233594057163,49,2,10
2023-10-19,4,7.110560995398716,0,0,-1.1819430293435542,47,3,10
2023-10-20,4,11.733078366305906,0,0,0.1510939808159904,42,4,10
2023-10-21,4,16.159218837324833,0,0,1.36937889674957,42,5,10
2023-10-22,4,10.393552808736652,1,0,2.4867686266603326,42,6,10
2023-10-23,4,12.696425148138108,0,1,0.7924785201242732,43,0,10
2023-10-24,4,10.790138181985192,0,0,-1.1907176672641278,40,1,10
2023-10-25,4,13.583622548316846,0,0,-0.4780999392869775,40,2,10
2023-10-26,4,8.17086853288143,1,0,0.7754683049329688,45,3,10
2023-10-27,4,12.29895044384541,0,0,1.4141374546144048,49,4,10
2023-10-28,4,5.908582513333446,0,0,-0.4207438022845741,50,5,10
2023-10-29,4,19.45532181513614,1,0,-0.4714744910891257,39,6,10
2023-10-30,4,18.97672789268659,0,0,-0.9445731842172812,43,0,10
2023-10-31,4,15.76373060982554,0,0,0.3333226036602401,38,1,10
2023-11-01,4,8.247784642337127,0,0,0.2825096032786856,53,2,11
2023-11-02,4,12.272854472841402,1,0,-0.4494619477870242,49,3,11
2023-11-03,4,11.940098531401018,0,0,-0.186084400545887,43,4,11
2023-11-04,4,17.560121775079903,0,0,-1.6621499461457674,46,5,11
2023-11-05,4,12.98719102612526,0,1,1.3391997127702504,52,6,11
2023-11-06,4,8.008342173652276,1,0,1.2518322322119655,44,0,11
2023-11-07,4,6.567112709731363,0,0,-0.6382136344043859,43,1,11
2023-11-08,4,11.836957865670744,0,0,0.8044938825238348,39,2,11
2023-11-09,4,17.881807187517097,0,0,1.719508635206883,44,3,11
