sales_data.csv
date,product_id,price,promotion,holiday,weather_index,units_sold,day_of_week,month
2023-11-10,4,17.425503475094224,0,0,-1.2206782064448702,38,4,11
2023-11-11,4,11.380650124046948,0,0,0.672022816971397,40,5,11
2023-11-12,4,11.58354528362736,0,0,-0.5207956282848553,46,6,11
2023-11-13,4,16.788948847362377,0,0,0.6416667526378519,50,0,11
2023-11-14,4,10.89887040657464,0,0,-1.9963643132872748,42,1,11
2023-11-15,4,12.621509417164686,1,0,0.1070825130692173,45,2,11
2023-11-16,4,15.40737554264752,0,0,-0.2068896444796807,53,3,11
2023-11-17,4,17.87722821150541,0,0,1.0204265056741468,44,4,11
2023-11-18,4,18.684816987045533,0,1,0.6358421094714881,52,5,11
2023-11-19,4,5.063162408024787,1,0,0.5055878184150538,43,6,11
2023-11-20,4,15.755889976438056,0,0,-0.7517714378832668,40,0,11
2023-11-21,4,11.424675442761508,1,0,-0.1312814654983868,44,1,11
2023-11-22,4,12.637977297392249,0,0,0.9385334853423392,41,2,11
2023-11-23,4,11.512056548638258,0,0,-1.1655525222640313,47,3,11
2023-11-24,4,10.456421064949232,0,0,0.72382073987967,46,4,11
2023-11-25,4,6.791549446864659,0,0,1.039982162890149,46,5,11
2023-11-26,4,17.987110424064667,0,0,0.5820175424932879,47,6,11
2023-11-27,4,7.585231067645543,0,0,0.3290957060086422,50,0,11
2023-11-28,4,9.62298425543232,1,0,-0.4541874543366155,43,1,11
2023-11-29,4,16.563682166715672,0,1,-1.3141664665943864,53,2,11
2023-11-30,4,16.000360575765896,0,0,0.684261850375163,36,3,11
2023-12-01,4,7.092034467228007,0,0,-1.498118400684686,47,4,12
2023-12-02,4,12.215013855978226,0,0,0.9690178284671114,48,5,12
2023-12-03,4,8.93344355498837,0,0,-1.8845385125854457,51,6,12
2023-12-04,4,15.882394445746906,0,0,-2.0384565189639727,46,0,12
2023-12-05,4,6.357823532471074,0,0,1.4076956025757386,46,1,12
2023-12-06,4,18.13355654141553,1,0,0.0313876779379928,38,2,12
2023-12-07,4,6.057754820965924,0,0,-0.3713046087221215,46,3,12
2023-12-08,4,15.520594350045226,0,0,-0.2386204847556461,45,4,12
2023-12-09,4,10.8182026271463,1,0,-1.3390684901555734,54,5,12
2023-12-10,4,10.27781587989185,0,0,0.0279225558619057,46,6,12
2023-12-11,4,10.788215206475568,1,1,0.3899655364494117,51,0,12
2023-12-12,4,18.85926321170499,0,0,-0.4541635238098226,48,1,12
2023-12-13,4,5.377410441995069,0,0,1.756001436304997,39,2,12
2023-12-14,4,18.11718739812056,0,0,-1.690244757010528,34,3,12
2023-12-15,4,13.52045251119057,0,0,-0.5910755768787633,44,4,12
2023-12-16,4,6.993112915919225,1,0,2.5545392718060254,48,5,12
2023-12-17,4,12.637068338281424,0,0,-0.0901868211167053,47,6,12
2023-12-18,4,14.279294301558052,0,1,-2.147663780097763,46,0,12
2023-12-19,4,11.187794629090812,0,0,-1.7064502834305104,45,1,12
2023-12-20,4,7.28137500268875,1,0,0.8507467732584356,48,2,12
2023-12-21,4,13.75101088995056,0,0,-0.0003137262829935,39,3,12
2023-12-22,4,19.11209787176898,0,0,-0.2814510680533766,36,4,12
2023-12-23,4,19.65706504127284,0,0,-1.71259121822417,31,5,12
2023-12-24,4,5.232037162688261,0,0,-1.5034296600937636,49,6,12
2023-12-25,4,7.044030261678308,0,0,0.4946838017679112,39,0,12
2023-12-26,4,9.398658892960407,0,0,1.9923019291912656,43,1,12
2023-12-27,4,7.784212417061685,0,1,0.988734879845606,50,2,12
2023-12-28,4,9.796455131467082,1,0,-1.4821526784472587,43,3,12
2023-12-29,4,7.534806253077386,0,0,1.1912641800761103,44,4,12
2023-12-30,4,17.641601196811507,1,0,0.143752622847068,42,5,12
2023-12-31,4,18.71285866405925,0,1,-0.7929564807132892,47,6,12
2021-01-01,5,9.98578547381263,0,0,1.5145763561606285,39,4,1
2021-01-02,5,18.02512823918249,1,0,0.0003633872810608,42,5,1
2021-01-03,5,9.093827120205562,0,0,0.4441143991504679,46,6,1
2021-01-04,5,13.284867802192602,0,0,1.6102691650227123,36,0,1
2021-01-05,5,12.56988441361528,0,0,0.2927659946546538,38,1,1
2021-01-06,5,13.515030417026296,0,0,0.3026559635679586,41,2,1
2021-01-07,5,5.611485967308052,0,1,-0.1259585446020752,46,3,1
2021-01-08,5,12.08987295478271,0,0,-2.257704576309921,39,4,1
2021-01-09,5,8.975060640582178,0,0,0.3958690571109519,44,5,1
2021-01-10,5,17.61211299847858,0,0,0.2503127808266638,37,6,1
2021-01-11,5,6.608090076235,0,0,0.6355598019916684,47,0,1
2021-01-12,5,15.472910182916888,0,0,0.0966446660740465,47,1,1
2021-01-13,5,11.629216942857491,1,0,0.4098979561336426,41,2,1
2021-01-14,5,17.09192949051164,0,0,0.443040872450351,44,3,1
2021-01-15,5,5.612334457125209,0,0,0.3462680185388641,47,4,1
2021-01-16,5,19.068095261210345,0,0,-1.261102565340428,37,5,1
2021-01-17,5,8.231218303439544,0,0,-0.6529868629469371,42,6,1
2021-01-18,5,9.148720287640778,0,0,2.1518810859255906,43,0,1
2021-01-19,5,13.093516541934596,1,0,-0.3417029898944421,43,1,1
2021-01-20,5,19.876870627445207,0,0,-2.816030554871357,37,2,1
2021-01-21,5,18.232766409411884,0,0,0.3925563280905529,40,3,1
2021-01-22,5,13.586937890719453,0,0,0.0795845127170871,45,4,1
2021-01-23,5,6.266278300945393,0,0,-1.068757090155657,46,5,1
2021-01-24,5,16.81360012627775,0,0,0.9666219209920052,47,6,1
2021-01-25,5,11.512546165450814,1,0,-0.2712071998638881,49,0,1
2021-01-26,5,12.430283776200763,0,0,1.034436360682048,50,1,1
2021-01-27,5,8.465321837651071,1,0,0.7331302526333595,48,2,1
2021-01-28,5,13.177021384832765,0,0,0.4566831453611004,43,3,1
2021-01-29,5,18.565213692677524,0,0,-0.4251716055581385,34,4,1
2021-01-30,5,5.4055682310912605,0,0,0.3528319933554794,54,5,1
2021-01-31,5,18.516772997415394,0,0,-1.3780519605922,39,6,1
2021-02-01,5,12.466444364302964,0,0,-0.5029287839359827,51,0,2
2021-02-02,5,15.493924686682435,0,0,-0.6613709346364034,45,1,2
2021-02-03,5,7.817100401788011,0,0,0.5271900191695355,46,2,2
2021-02-04,5,8.266259248892371,0,0,-0.6144301745779854,45,3,2
2021-02-05,5,5.695057598857847,0,0,0.1043722010270105,54,4,2
2021-02-06,5,15.534152754447726,1,0,0.5260102671709153,53,5,2
2021-02-07,5,14.442848273979672,0,0,-0.9547377656157222,41,6,2
2021-02-08,5,17.476084593926164,0,0,1.7105529280866894,32,0,2
2021-02-09,5,15.457964461190684,0,0,1.042595541733762,43,1,2
2021-02-10,5,12.175085058775286,0,0,-0.7178092431099558,43,2,2
2021-02-11,5,9.499931722334589,1,0,0.7895812411775724,42,3,2
2021-02-12,5,18.522442519156428,0,0,0.181906418887138,35,4,2
2021-02-13,5,7.035971739244693,0,0,0.794059188921632,51,5,2
2021-02-14,5,18.82637259536397,0,0,0.1887410086898605,32,6,2
2021-02-15,5,7.949934305021151,0,0,1.2287170419880833,36,0,2
2021-02-16,5,13.573688625493102,0,0,0.6562783338530577,41,1,2
2021-02-17,5,13.0217026548989,0,0,0.0719557979575761,41,2,2
2021-02-18,5,19.771000070623863,0,0,0.5206485319776173,38,3,2
2021-02-19,5,7.500321957569649,0,0,-0.3214420137357717,44,4,2
2021-02-20,5,18.81356913446131,1,0,-0.0038630237923925,37,5,2
2021-02-21,5,6.579384464882186,1,0,0.7168403844542856,41,6,2
2021-02-22,5,14.624325827294363,0,0,0.959866713419784,44,0,2
2021-02-23,5,12.380547457155608,0,0,0.0535471041682271,42,1,2
2021-02-24,5,10.12294237785484,0,0,0.2356109470430403,44,2,2
2021-02-25,5,9.624231080889402,0,0,-0.8442329147121557,38,3,2
2021-02-26,5,14.011339852315302,0,0,-0.1583907863182235,36,4,2
2021-02-27,5,12.140817861790683,0,1,-0.0797673483159268,44,5,2
2021-02-28,5,5.565678041287424,1,0,-0.6512229853697538,61,6,2
2021-03-01,5,13.858293288732552,0,0,0.9171109964366096,44,0,3
2021-03-02,5,10.618406499702123,0,0,0.4174563171299723,41,1,3
2021-03-03,5,14.887549191640698,0,0,0.3150008899216939,47,2,3
2021-03-04,5,6.109983553376143,0,0,0.820929745804591,46,3,3
2021-03-05,5,11.20561137611674,0,0,-0.881243366951812,40,4,3
2021-03-06,5,10.60555346324076,0,0,2.147479262393416,51,5,3
2021-03-07,5,18.86066660711172,0,0,-0.0756658912830945,35,6,3
2021-03-08,5,14.798198938131591,0,0,0.1899292414242693,35,0,3
2021-03-09,5,18.60345342761725,0,0,-1.2105927661544171,39,1,3
2021-03-10,5,10.171882654078123,0,0,1.184176649461378,52,2,3
2021-03-11,5,17.325848513085656,0,0,-0.3629537052037921,40,3,3
2021-03-12,5,7.134106202242495,0,0,-0.0113314385472336,45,4,3
2021-03-13,5,6.111689106584874,0,0,0.0777779340847412,47,5,3
2021-03-14,5,17.667951994516343,1,0,0.7846909477182752,43,6,3
2021-03-15,5,14.583885889451214,0,1,-0.8327552274062591,52,0,3
2021-03-16,5,7.7263757830417,0,0,0.3182298306814789,46,1,3
2021-03-17,5,12.93389071251599,0,0,0.4203835592971878,40,2,3
2021-03-18,5,6.961500037465962,0,0,0.0393012923727536,46,3,3
2021-03-19,5,10.746985405286408,0,0,0.4374307098948117,48,4,3
2021-03-20,5,7.446206947768193,1,0,-0.5326583784389401,51,5,3
2021-03-21,5,8.227913105200615,1,0,1.0093452590171272,47,6,3
2021-03-22,5,15.216621682326393,0,0,0.5702457589694805,36,0,3
2021-03-23,5,9.301882452108972,0,0,-0.4105616850018642,44,1,3
2021-03-24,5,13.944381103369048,0,0,-0.3919652435237441,44,2,3
2021-03-25,5,5.829375755808488,0,0,0.9302881549664278,51,3,3
2021-03-26,5,12.883931478156102,1,0,0.8002758461100034,54,4,3
2021-03-27,5,5.301177006525875,0,0,-0.8015884508123591,48,5,3
2021-03-28,5,8.279468081221918,0,0,0.6197802059619661,51,6,3
2021-03-29,5,15.35696901205819,0,0,1.0690337961638512,38,0,3
2021-03-30,5,8.58556768577093,0,0,0.5290755499039925,46,1,3
2021-03-31,5,19.92923271426657,1,0,0.9158222046354868,42,2,3
2021-04-01,5,11.987968257954922,0,0,0.0587397261078779,37,3,4
2021-04-02,5,15.590464173186918,0,0,0.9824471404218458,37,4,4
2021-04-03,5,13.020481542676173,0,0,-0.2722504998558353,44,5,4
2021-04-04,5,6.5945155617709,0,0,1.0286135278853104,49,6,4
2021-04-05,5,17.796812497995283,0,0,0.5042678189822123,36,0,4
2021-04-06,5,15.074987260567893,0,0,0.5961927889450888,44,1,4
2021-04-07,5,11.98677029572401,0,0,1.1684502314259435,36,2,4
2021-04-08,5,6.289266938083119,0,0,0.0040539829382953,52,3,4
2021-04-09,5,12.84823321358788,1,0,-0.0330515867302028,50,4,4
2021-04-10,5,15.343992352458306,0,0,2.7123563531179427,46,5,4
2021-04-11,5,18.91464373844077,0,0,-1.6448572632971814,45,6,4
2021-04-12,5,17.996174054555652,1,0,-1.3702190474249516,40,0,4
2021-04-13,5,10.138732136854635,0,0,-0.1935811811637061,38,1,4
2021-04-14,5,18.56360469145324,0,0,0.9223120454677955,32,2,4
2021-04-15,5,14.18219130387365,0,0,-0.5907240721860909,45,3,4
2021-04-16,5,11.791209250274395,0,0,-0.0216898390171787,45,4,4
2021-04-17,5,14.184414309038932,0,0,2.221255087274756,42,5,4
2021-04-18,5,16.611359663451573,0,0,0.2593002583452625,40,6,4
2021-04-19,5,17.28021430965042,0,0,-0.4973701188182817,38,0,4
2021-04-20,5,11.51935879097102,0,0,0.4032914021060462,52,1,4
2021-04-21,5,9.73273949082261,1,0,-1.0584647220705792,47,2,4
2021-04-22,5,18.049267714003165,0,0,-0.8584516462865116,47,3,4
2021-04-23,5,15.703138165853993,1,0,-2.263254663389551,46,4,4
2021-04-24,5,10.015893120011969,0,0,1.4561181389105775,46,5,4
2021-04-25,5,10.080105334594611,0,0,0.1714269472439604,43,6,4
2021-04-26,5,19.45595252052644,1,0,0.9020447491981765,42,0,4
2021-04-27,5,8.271291633008515,0,1,-0.8784872330729335,52,1,4
2021-04-28,5,9.516100828289188,0,0,0.3965509197380932,40,2,4
2021-04-29,5,11.240082772376642,0,0,-1.019713070805768,49,3,4
2021-04-30,5,6.3571737747884125,0,0,0.5632666498812823,44,4,4
2021-05-01,5,13.069181175468827,0,0,0.9892583094813456,52,5,5
2021-05-02,5,13.357158409380824,0,0,-0.2557308890852822,40,6,5
2021-05-03,5,7.188327105869371,0,0,-2.500684761894304,44,0,5
2021-05-04,5,5.410882931245031,0,0,1.5387896257904148,47,1,5
2021-05-05,5,12.13401283227522,0,0,-0.5348458933647406,47,2,5
2021-05-06,5,13.676723634652674,0,0,0.5624809200217682,49,3,5
2021-05-07,5,16.33849973949168,0,0,-1.0889512923285096,39,4,5
2021-05-08,5,13.309530115259758,0,0,-0.0768237839597502,40,5,5
2021-05-09,5,9.577838192693353,0,0,-0.7283890005865523,37,6,5
2021-05-10,5,7.616735004390506,0,0,0.7819876816020077,43,0,5
2021-05-11,5,11.53142976192025,0,0,0.5850485977004761,38,1,5
2021-05-12,5,13.38277910300751,0,0,0.7336955556651185,45,2,5
2021-05-13,5,9.672315804303206,0,0,0.1266961966186652,38,3,5
2021-05-14,5,14.75335554846066,1,0,0.2300244882499884,36,4,5
2021-05-15,5,8.211463366342754,1,0,0.4478160090977328,49,5,5
2021-05-16,5,14.09345260109715,0,0,0.4094375842707995,42,6,5
2021-05-17,5,8.868017636761568,0,0,-2.8144707111478886,39,0,5
2021-05-18,5,10.252068184206369,0,0,0.1100083132293631,38,1,5
2021-05-19,5,17.066045650516298,0,0,-0.9748265339979264,46,2,5
2021-05-20,5,16.390218179537946,0,0,-1.1426660490596394,51,3,5
2021-05-21,5,6.161953855527647,0,0,-1.2477796643407406,46,4,5
2021-05-22,5,14.635001478354043,0,0,0.7767447303617536,34,5,5
2021-05-23,5,11.059804643013727,0,0,0.5618622533390337,49,6,5
2021-05-24,5,11.540291898672562,0,0,-0.3877681221372014,38,0,5
2021-05-25,5,15.167735831717293,0,0,-1.0066673701597182,42,1,5
2021-05-26,5,8.574380077208694,1,0,0.6530712542134602,51,2,5
2021-05-27,5,14.494972711903536,0,0,0.9915638658681318,40,3,5
2021-05-28,5,16.514144541889028,0,0,-0.0536755303437662,39,4,5
2021-05-29,5,10.498214986873734,0,0,-1.7466399554266554,39,5,5
2021-05-30,5,8.3179862612512,0,0,0.9409666451146074,46,6,5
2021-05-31,5,12.247945663971436,1,0,0.6891905817848157,50,0,5
2021-06-01,5,15.421401395244622,0,0,0.3586155386015014,39,1,6
2021-06-02,5,19.00919838708091,0,0,-1.665121939316212,40,2,6
2021-06-03,5,10.909589542432396,0,0,0.3267045539848621,42,3,6
2021-06-04,5,18.51429404611582,1,0,1.198928747765804,50,4,6
2021-06-05,5,17.28723756818198,0,0,-0.3235117929077806,47,5,6
2021-06-06,5,10.173513656997406,0,0,-0.051183455896595,56,6,6
2021-06-07,5,15.8318348816263,1,0,-0.3244606797683831,42,0,6
2021-06-08,5,9.13709566340811,0,0,1.8212850907662856,46,1,6
2021-06-09,5,12.892416935827042,0,0,0.2804511400803392,48,2,6
2021-06-10,5,14.978362080709353,0,0,-1.3854343797842894,55,3,6
2021-06-11,5,14.572937301551624,0,0,-0.0355942398940831,41,4,6
2021-06-12,5,13.919312036921378,0,0,0.0566329947164288,52,5,6
2021-06-13,5,16.807157083261092,1,0,-1.2441660405907171,43,6,6
2021-06-14,5,10.516469172216802,0,0,-0.9041731063797296,43,0,6
2021-06-15,5,18.785525975210557,0,0,-0.6027391457606261,47,1,6
2021-06-16,5,10.153557865538536,0,0,-1.1750070810085822,41,2,6
2021-06-17,5,7.464337683825198,0,0,-0.5986401385706165,49,3,6
2021-06-18,5,14.435035907676642,0,0,-0.461448482636947,43,4,6
2021-06-19,5,5.965587986541657,0,0,-0.932562267449836,43,5,6
2021-06-20,5,7.905810016346952,0,0,0.0283870531850342,48,6,6
2021-06-21,5,13.046402528635568,0,0,0.7599805052496822,48,0,6
2021-06-22,5,19.270147909852483,0,0,2.1480780099353867,36,1,6
2021-06-23,5,14.824716553093172,1,0,1.3718521773688028,33,2,6
2021-06-24,5,5.772968494566528,0,0,1.5991443507334244,42,3,6
2021-06-25,5,12.89983148975561,0,0,-0.1199486959049652,42,4,6
2021-06-26,5,11.006838745309034,0,0,0.4349304847186813,37,5,6
2021-06-27,5,16.7301920418627,0,0,-1.2820018850884354,41,6,6
2021-06-28,5,5.293723736903669,0,0,1.3555709954505766,51,0,6
2021-06-29,5,13.066940240149489,0,0,-0.96457172590944,47,1,6
2021-06-30,5,16.107024993754926,0,0,-0.7130083031651877,33,2,6
2021-07-01,5,10.598429664118836,0,0,1.1625463862127658,47,3,7
2021-07-02,5,12.286625935340371,0,0,-1.590617064330384,44,4,7
2021-07-03,5,8.084707525478903,0,0,1.3048390881070602,36,5,7
2021-07-04,5,12.696109975078212,0,0,-1.7829246330635915,47,6,7
2021-07-05,5,11.442821578853115,0,0,1.0481061724673448,48,0,7
2021-07-06,5,12.1951770649146,1,0,-0.3584817331144041,61,1,7
2021-07-07,5,16.70429239541764,1,0,1.3501685568374393,44,2,7
2021-07-08,5,8.189264880857577,1,0,-1.058462433523852,49,3,7
2021-07-09,5,13.823007426241238,0,0,-1.074418512349864,47,4,7
2021-07-10,5,18.55025599503466,0,0,0.0576619361222789,34,5,7
2021-07-11,5,14.07706496299031,0,0,0.6326799734216062,42,6,7
2021-07-12,5,8.663431805250658,0,0,-0.8927203976823733,43,0,7
2021-07-13,5,19.894308925266863,0,0,1.5517283058076097,43,1,7
2021-07-14,5,10.178994108639248,0,0,-0.5213467420792344,47,2,7
2021-07-15,5,12.634084084294535,0,0,1.0868697023197154,44,3,7
2021-07-16,5,16.616531404488427,0,0,-0.3393791009273196,37,4,7
2021-07-17,5,8.89985491250421,0,0,-0.2258049840429757,49,5,7
2021-07-18,5,11.476386549206865,1,0,1.1945591960186228,45,6,7
2021-07-19,5,12.031921057037088,0,0,-0.6460323672458868,49,0,7
2021-07-20,5,9.78281837917826,0,0,1.7660893337302193,44,1,7
2021-07-21,5,15.48162434166112,0,0,1.0898475676490336,39,2,7
2021-07-22,5,5.918821418158789,0,0,0.900670354129102,47,3,7
2021-07-23,5,17.46859796231638,0,0,-0.1549459276677566,39,4,7
2021-07-24,5,14.671015522431263,0,0,-1.2719147725516238,44,5,7
2021-07-25,5,8.000487496496197,0,0,-2.328775665671988,41,6,7
2021-07-26,5,14.812481484964067,0,0,1.1114366603499792,43,0,7
2021-07-27,5,9.426024098484476,0,0,1.18388436647913,58,1,7
2021-07-28,5,9.296588424366345,0,0,0.5510112752614472,45,2,7
2021-07-29,5,17.014232588625493,0,0,-0.788328852687613,42,3,7
2021-07-30,5,15.676933443085272,0,1,0.5026593360007201,46,4,7
2021-07-31,5,18.662972069084788,0,0,-0.7325878475158365,44,5,7
2021-08-01,5,5.393178074052797,0,0,1.4351328930825378,50,6,8
2021-08-02,5,16.796422790803767,0,1,-0.7703475221635407,46,0,8
2021-08-03,5,10.229381881285205,0,1,0.3256170032469914,51,1,8
2021-08-04,5,15.287662075234325,1,0,0.75242221410883,41,2,8
2021-08-05,5,13.966116216278994,0,0,0.5593662775131751,44,3,8
2021-08-06,5,15.918386441849496,0,0,0.2117989194905449,37,4,8
2021-08-07,5,6.34487156025924,1,0,0.5577907291560363,48,5,8
2021-08-08,5,18.86665103219721,0,0,1.3194923175775115,34,6,8
2021-08-09,5,17.01277490160498,0,0,-1.764674299988437,45,0,8
2021-08-10,5,12.113429860122864,0,0,-0.7394696942338622,45,1,8
2021-08-11,5,10.851217336350969,0,0,1.6546902672544277,40,2,8
2021-08-12,5,12.044214861872463,0,1,0.1892702121053892,53,3,8
2021-08-13,5,19.001235105008952,0,0,0.095302136111683,43,4,8
2021-08-14,5,17.74973453092545,0,1,-1.2656692759944852,36,5,8
2021-08-15,5,5.532361419503328,1,0,-0.9371989878636964,55,6,8
2021-08-16,5,18.656575706015644,0,0,1.3738172074116417,38,0,8
2021-08-17,5,10.623960698252825,0,0,0.8682823939031804,39,1,8
2021-08-18,5,6.049181130033951,0,0,-0.4566636700490485,46,2,8
2021-08-19,5,14.278223484843556,0,0,-1.9693294123179008,46,3,8
2021-08-20,5,14.814825560831707,0,1,0.1091764201724949,46,4,8
2021-08-21,5,9.241207535802712,0,1,-1.3065317388002462,43,5,8
2021-08-22,5,11.49058189984328,0,0,-1.835046448935164,44,6,8
2021-08-23,5,10.530658653147633,0,0,-0.5256528765611187,33,0,8
2021-08-24,5,13.573479218165534,0,0,-0.8725606698380057,46,1,8
2021-08-25,5,13.995504593831033,0,0,0.5678848840996297,49,2,8
