sales_data.csv
date,product_id,price,promotion,holiday,weather_index,units_sold,day_of_week,month
2021-08-26,5,9.284292871231386,0,0,0.4116071230958975,40,3,8
2021-08-27,5,5.511027070477443,0,0,1.1783198921294886,45,4,8
2021-08-28,5,19.746525998033363,0,0,-1.007729860360998,45,5,8
2021-08-29,5,14.449626935464536,0,0,-1.4332875101535427,40,6,8
2021-08-30,5,10.887095182309809,1,0,-0.2906422333380512,48,0,8
2021-08-31,5,7.793053369881116,0,0,-1.1206311477986852,48,1,8
2021-09-01,5,5.335853766680328,0,0,-0.1935430712074588,41,2,9
2021-09-02,5,10.553590109549411,0,0,0.9053172628386392,41,3,9
2021-09-03,5,17.450634966291418,0,0,-1.069101509722178,50,4,9
2021-09-04,5,14.013883320501913,1,0,-0.8430278524498166,42,5,9
2021-09-05,5,5.86066677035581,0,0,-2.008590622906941,49,6,9
2021-09-06,5,7.064128093489631,0,0,0.8012750881090436,55,0,9
2021-09-07,5,7.77366394287308,0,0,-1.1334141965128215,48,1,9
2021-09-08,5,12.77939658083222,0,0,1.2149331442416282,35,2,9
2021-09-09,5,18.23021452827633,0,0,0.2020855912010803,30,3,9
2021-09-10,5,9.48996085595492,0,0,-1.038162937007179,50,4,9
2021-09-11,5,6.405812367309357,0,0,-1.0603347359970634,44,5,9
2021-09-12,5,7.017401074799663,0,0,-0.5642776246797085,46,6,9
2021-09-13,5,11.178872807787398,0,0,0.9789624935063616,44,0,9
2021-09-14,5,17.450696075171635,0,0,0.8118512878902518,33,1,9
2021-09-15,5,8.635950848691053,0,0,0.9627548698457956,41,2,9
2021-09-16,5,16.983448501995323,1,0,2.6404236785920747,43,3,9
2021-09-17,5,12.442029386843924,1,0,0.3469525726808127,44,4,9
2021-09-18,5,16.937401072405898,1,1,-0.8083224829036509,51,5,9
2021-09-19,5,10.654428578876583,1,0,2.1619315224365736,47,6,9
2021-09-20,5,12.724885420060495,1,0,-1.2805666862154412,46,0,9
2021-09-21,5,19.98398003710357,0,1,-1.0729698541237986,37,1,9
2021-09-22,5,16.613688270650158,0,0,0.8283641641788276,37,2,9
2021-09-23,5,5.92011953951105,0,0,0.0883909161791331,46,3,9
2021-09-24,5,5.610525598043681,0,0,-2.248939493629495,37,4,9
2021-09-25,5,14.96478159157933,0,0,-0.7022725766423933,39,5,9
2021-09-26,5,9.859354553696988,0,0,0.41704857803546,49,6,9
2021-09-27,5,18.154273526907662,0,0,-1.1384266774496927,46,0,9
2021-09-28,5,6.974988107770727,0,0,0.1389975549073044,43,1,9
2021-09-29,5,8.408524086633385,0,0,0.1817166875976394,42,2,9
2021-09-30,5,7.382704051034924,0,0,0.5247637509031484,44,3,9
2021-10-01,5,14.935196675354083,1,0,-0.0167918521969888,39,4,10
2021-10-02,5,12.148311684609748,0,0,-0.3455594963231657,49,5,10
2021-10-03,5,16.35376528433109,0,0,0.0973621627940214,44,6,10
2021-10-04,5,15.39299574835375,0,0,-0.0755481869615126,35,0,10
2021-10-05,5,17.037321340853822,0,0,1.0557185249140877,46,1,10
2021-10-06,5,7.877545953558586,0,0,-0.0784793034080361,50,2,10
2021-10-07,5,5.0174896052041245,0,0,0.5645250093647696,54,3,10
2021-10-08,5,8.632146831449546,0,0,-0.2145123020433009,53,4,10
2021-10-09,5,7.767587240752841,1,0,-1.0402174051961954,45,5,10
2021-10-10,5,6.750980572919634,0,0,-1.943850905441541,57,6,10
2021-10-11,5,6.683626198709537,0,0,0.5065839841288481,41,0,10
2021-10-12,5,9.994628649170007,0,0,0.050836810821228,43,1,10
2021-10-13,5,11.243795609514894,0,0,0.8614381103881823,40,2,10
2021-10-14,5,13.246926735936242,0,0,-2.333168047096449,43,3,10
2021-10-15,5,6.006067320697256,1,0,-0.3784831151590755,50,4,10
2021-10-16,5,19.77886096525358,0,0,0.5328648230065035,36,5,10
2021-10-17,5,10.43177410496646,0,0,0.4905911343262127,40,6,10
2021-10-18,5,13.039667702137333,0,0,-0.7843248482127332,36,0,10
2021-10-19,5,14.819863234389372,0,1,0.5257045469039516,41,1,10
2021-10-20,5,16.160938953892078,0,0,-0.2680422842547452,43,2,10
2021-10-21,5,16.88596163328082,0,0,-0.9232122810362864,40,3,10
2021-10-22,5,13.706363429488066,0,0,-0.7602533566222756,38,4,10
2021-10-23,5,11.301268556806669,0,0,0.2337253895409897,53,5,10
2021-10-24,5,9.689808555379496,0,0,-0.2820234563600217,41,6,10
2021-10-25,5,8.071055430573189,0,0,0.3317512949608173,48,0,10
2021-10-26,5,10.37407171208226,0,0,0.85194385249858,45,1,10
2021-10-27,5,12.051534120104805,0,0,-0.9542712707645908,43,2,10
2021-10-28,5,12.371553809299904,0,0,-0.2942867548319476,37,3,10
2021-10-29,5,15.20896179692127,0,0,0.3017867003703662,39,4,10
2021-10-30,5,7.283077029183876,0,0,0.3637962374655452,48,5,10
2021-10-31,5,19.03042711174296,1,0,-0.0307621143172585,38,6,10
2021-11-01,5,14.362008573655087,1,0,-0.9077572877173516,45,0,11
2021-11-02,5,9.51902376548789,0,0,-0.624871882167982,39,1,11
2021-11-03,5,10.574271288853389,0,0,-0.6983153238072569,51,2,11
2021-11-04,5,9.044233647838498,0,0,-1.3901381871134324,47,3,11
2021-11-05,5,15.283080213930225,0,0,-1.0006587514939953,46,4,11
2021-11-06,5,7.718944359090916,0,0,1.1046642116630168,51,5,11
2021-11-07,5,8.219014489451883,0,0,-1.3553953149063172,45,6,11
2021-11-08,5,18.76766318100057,0,0,-0.7321589207420266,35,0,11
2021-11-09,5,15.77381755590437,0,0,0.847878456109096,43,1,11
2021-11-10,5,12.745418578957292,1,0,-0.8731096539844379,42,2,11
2021-11-11,5,15.68687459693834,0,0,-0.1651739801636357,43,3,11
2021-11-12,5,12.332074122055086,1,0,-0.5168242967768213,47,4,11
2021-11-13,5,9.031855292437935,0,0,-0.4332839839618121,46,5,11
2021-11-14,5,6.0782783342564,0,0,0.771866124604056,44,6,11
2021-11-15,5,6.070645848677227,0,0,1.1052852086012095,49,0,11
2021-11-16,5,15.121053432290516,0,0,0.8927425761140476,42,1,11
2021-11-17,5,17.35416368628848,1,0,1.246716510546119,35,2,11
2021-11-18,5,14.376001487785436,0,0,-0.6070299733358357,54,3,11
2021-11-19,5,6.19857223949971,0,0,0.8100497107552304,42,4,11
2021-11-20,5,16.643162938570235,0,0,-1.0526281038087044,43,5,11
2021-11-21,5,10.294146610378572,0,0,0.686383473783496,42,6,11
2021-11-22,5,14.871404680693365,0,0,0.9224804391977104,44,0,11
2021-11-23,5,14.234350138848695,0,0,1.489179317240328,44,1,11
2021-11-24,5,9.509521397237895,0,0,0.2124560743353853,49,2,11
2021-11-25,5,6.975107702071114,0,0,0.5028470420574684,44,3,11
2021-11-26,5,9.169294803359024,0,0,-0.3092911323041612,50,4,11
2021-11-27,5,16.94566983407334,0,0,-0.3527216197122917,40,5,11
2021-11-28,5,7.483685839744574,0,0,-0.6699583211186492,39,6,11
2021-11-29,5,13.594130944457415,0,0,-0.0304522770174462,45,0,11
2021-11-30,5,17.120985269459496,0,0,-0.0430855536511487,53,1,11
2021-12-01,5,18.04289252559704,1,0,-0.442250442008302,48,2,12
2021-12-02,5,10.325791416673788,1,0,1.498653097289308,58,3,12
2021-12-03,5,10.323254749105182,1,0,-1.405949369376748,50,4,12
2021-12-04,5,17.52355385230366,0,0,0.408821398773493,36,5,12
2021-12-05,5,18.095788715863577,0,0,-1.3089558031016992,47,6,12
2021-12-06,5,13.221965025508007,0,0,2.6154094631855056,52,0,12
2021-12-07,5,14.292762673110776,0,0,0.050306887351188,30,1,12
2021-12-08,5,14.659950149952335,0,0,0.6859280515816087,38,2,12
2021-12-09,5,7.053941754334892,0,0,0.5539481750596075,45,3,12
2021-12-10,5,7.5070574025919266,0,0,1.4283391667718413,40,4,12
2021-12-11,5,14.285262096000675,0,0,-0.2407391135596275,36,5,12
2021-12-12,5,6.53064372465768,0,0,0.0042863743529239,39,6,12
2021-12-13,5,7.906548463626884,0,0,1.2378408032836892,51,0,12
2021-12-14,5,19.19899516720265,0,0,-0.6520377062834356,47,1,12
2021-12-15,5,17.388465686236056,0,0,-0.8910898545791572,32,2,12
2021-12-16,5,17.054145690680297,0,0,3.455502515953097,37,3,12
2021-12-17,5,13.707597051902324,0,0,-1.1356795358672716,40,4,12
2021-12-18,5,11.166682357772832,0,0,-0.4159074770538845,43,5,12
2021-12-19,5,13.27638170137838,0,1,-1.2684799618021825,47,6,12
2021-12-20,5,8.096535076813009,0,1,0.304022866756771,45,0,12
2021-12-21,5,5.163925490824258,0,0,2.103134043544413,49,1,12
2021-12-22,5,8.168197512425355,1,0,0.5564217291030276,49,2,12
2021-12-23,5,16.477119675057924,0,0,-0.1891667917058241,34,3,12
2021-12-24,5,16.794429161609045,0,0,-0.569273916492441,39,4,12
2021-12-25,5,19.43487488125608,0,0,0.2326625935065241,40,5,12
2021-12-26,5,18.11539924822779,0,0,0.5874683174182664,43,6,12
2021-12-27,5,8.796749831039234,0,0,-0.0324814647315297,45,0,12
2021-12-28,5,13.640360190049917,0,0,-0.1825251046812679,36,1,12
2021-12-29,5,15.486686195198969,1,0,0.7610159748811207,37,2,12
2021-12-30,5,17.12712095787677,0,0,-1.2062713213077716,48,3,12
2021-12-31,5,14.22842384851184,1,0,-0.53580727561951,50,4,12
2022-01-01,5,18.577986397177742,0,0,-0.846243947537375,43,5,1
2022-01-02,5,17.599306948807296,0,0,-0.99372939399866,22,6,1
2022-01-03,5,11.65340326855078,1,0,-0.9020295541589451,44,0,1
2022-01-04,5,12.502158780703011,1,0,-0.6230423180513658,47,1,1
2022-01-05,5,5.593527170860285,0,0,-0.1176245821742477,46,2,1
2022-01-06,5,18.23794837658492,1,0,-1.3141930210354895,39,3,1
2022-01-07,5,19.0571103900984,0,0,1.006456633567686,48,4,1
2022-01-08,5,14.295051715185156,0,0,-0.4393135551623943,45,5,1
2022-01-09,5,6.349649852047196,0,0,-0.9877647376830958,49,6,1
2022-01-10,5,13.980507834238129,1,0,-2.0629154155543943,50,0,1
2022-01-11,5,6.588488919858085,0,0,-0.430648307123322,42,1,1
2022-01-12,5,15.152698575739468,0,0,0.6268126488378313,42,2,1
2022-01-13,5,10.316090909045103,0,0,0.3782193073270025,55,3,1
2022-01-14,5,16.909457794957397,1,0,0.7169901729266712,40,4,1
2022-01-15,5,12.89007725795846,0,0,1.8717233541913647,41,5,1
2022-01-16,5,6.213759555618958,0,1,-0.3882850302859091,47,6,1
2022-01-17,5,15.489031276471149,0,0,-0.6007522559422273,48,0,1
2022-01-18,5,6.867485516470234,0,0,0.7389228117547993,49,1,1
2022-01-19,5,14.4042808381375,1,0,1.195725389808651,50,2,1
2022-01-20,5,9.197649432913336,0,0,0.7014601771875394,43,3,1
2022-01-21,5,14.632303616483052,1,0,-1.455844911554602,53,4,1
2022-01-22,5,12.767463688447084,1,0,-0.7165560751051361,45,5,1
2022-01-23,5,14.348785791346485,0,0,-0.0223804416378315,45,6,1
2022-01-24,5,19.300269424258968,0,0,-1.0380589546937349,36,0,1
2022-01-25,5,10.759044890386466,0,0,-0.5005766442445885,33,1,1
2022-01-26,5,5.997122714294982,1,0,-1.3074860853158965,54,2,1
2022-01-27,5,13.95563192147613,0,0,-0.8613582097977837,41,3,1
2022-01-28,5,13.47705771597107,0,0,-1.030407989627102,50,4,1
2022-01-29,5,9.933534238107065,0,0,-0.4492874064830949,47,5,1
2022-01-30,5,14.015799018046952,0,0,0.5494563976858916,48,6,1
2022-01-31,5,13.001111916537267,0,0,-1.4038671254589707,54,0,1
2022-02-01,5,19.068930820692373,0,0,0.6830282117311234,39,1,2
2022-02-02,5,7.152954549735478,0,1,-0.2350086585238091,45,2,2
2022-02-03,5,14.228538567081417,0,0,0.3567945941418567,38,3,2
2022-02-04,5,8.063091472625363,1,0,-0.2060274730778473,48,4,2
2022-02-05,5,6.4306758896089296,0,0,-1.500291537515587,44,5,2
2022-02-06,5,19.629699695233768,0,0,1.672101405440077,31,6,2
2022-02-07,5,17.73721899082392,0,0,-0.8172442811414286,36,0,2
2022-02-08,5,5.862887869215161,0,0,1.2574399353766743,52,1,2
2022-02-09,5,5.319430739120183,0,0,0.3167911739030837,43,2,2
2022-02-10,5,7.4715930931679715,0,0,-0.0442739231864423,50,3,2
2022-02-11,5,5.453982736259404,1,0,-0.7432590023386578,53,4,2
2022-02-12,5,13.633623814587136,0,1,3.0031871969175583,55,5,2
2022-02-13,5,5.787778770049166,0,0,-0.3097164350368945,45,6,2
2022-02-14,5,5.948267555097343,0,0,0.4937546845584666,49,0,2
2022-02-15,5,15.740865170543136,0,0,-0.0591309905878891,35,1,2
2022-02-16,5,7.747913308472672,0,0,-0.1621577030254952,39,2,2
2022-02-17,5,16.241832450149055,0,0,-2.278426366803576,47,3,2
2022-02-18,5,6.199858190778725,0,0,-0.380192233381678,48,4,2
2022-02-19,5,17.185242395794788,0,0,-2.01848138011372,38,5,2
2022-02-20,5,15.362192575529816,1,0,-0.5581740328181678,43,6,2
2022-02-21,5,7.172752222823654,0,0,-1.742116567346059,39,0,2
2022-02-22,5,17.049503990198033,0,0,0.6734127104964258,41,1,2
2022-02-23,5,9.24367962401956,0,0,-1.76986508455004,50,2,2
2022-02-24,5,17.723328925608605,0,0,0.9173342931493488,42,3,2
2022-02-25,5,11.249563399238887,0,0,1.2264830077021156,39,4,2
2022-02-26,5,15.83610175149187,0,0,0.3661373790148487,47,5,2
2022-02-27,5,19.711212520669683,0,0,-0.2903200694194653,42,6,2
2022-02-28,5,19.74685269883136,0,0,0.0813098467330857,34,0,2
2022-03-01,5,14.129653070310196,1,0,1.712117455606295,50,1,3
2022-03-02,5,8.34111159048842,0,0,-0.3864483873362208,46,2,3
2022-03-03,5,16.26243177132277,0,0,1.988923880383533,36,3,3
2022-03-04,5,15.135712937570162,1,0,-2.04631382752083,49,4,3
2022-03-05,5,18.965684724571958,0,0,-0.1802640597293871,41,5,3
2022-03-06,5,5.186537865302012,0,1,0.3293311882351766,51,6,3
2022-03-07,5,9.02541084302336,1,0,1.284763508741933,51,0,3
2022-03-08,5,12.67382371904085,0,0,-0.2109914786274379,40,1,3
2022-03-09,5,17.038483943896562,0,1,-0.3750430230795456,36,2,3
2022-03-10,5,16.60944435728312,0,0,-0.1816763400036243,29,3,3
2022-03-11,5,6.226799649957666,1,0,0.6598766000360664,52,4,3
2022-03-12,5,16.313747991028634,0,0,-0.2065218795481079,41,5,3
2022-03-13,5,18.201900072490403,0,0,0.6703922089062018,39,6,3
2022-03-14,5,14.4463224128345,0,0,-0.8890334202799499,38,0,3
2022-03-15,5,12.486478509148164,0,0,0.1098996156824846,40,1,3
2022-03-16,5,7.252574644035313,0,0,0.1040641203058172,40,2,3
2022-03-17,5,11.706427043109809,0,0,-0.535913902207082,39,3,3
2022-03-18,5,7.361249041926776,0,0,0.6530225774382132,51,4,3
2022-03-19,5,15.609099829970402,0,0,2.1170602791966746,48,5,3
2022-03-20,5,19.40830077668374,1,0,1.9290604592303195,30,6,3
2022-03-21,5,17.919346414022545,0,0,-0.7453826547930267,39,0,3
2022-03-22,5,15.215284363363589,0,0,-0.5053712392432891,41,1,3
2022-03-23,5,13.30368980548397,1,0,-0.4756718446332743,46,2,3
2022-03-24,5,13.543991737138636,0,0,-0.3358721214420425,34,3,3
2022-03-25,5,12.507082968578118,0,0,-0.1177500455344573,43,4,3
2022-03-26,5,8.382508038153222,1,0,-1.1002047452166126,54,5,3
2022-03-27,5,16.879097687713397,0,0,-0.8547040067369945,46,6,3
2022-03-28,5,9.328160853380265,1,0,1.337355098168912,52,0,3
2022-03-29,5,15.12368894988448,0,0,0.5531269321074194,45,1,3
2022-03-30,5,9.512415603759475,0,0,1.030567186549184,41,2,3
2022-03-31,5,18.92511936246345,0,0,-1.096900202752048,36,3,3
2022-04-01,5,12.106293337562612,0,1,0.9878861559277752,53,4,4
2022-04-02,5,17.233355870844196,1,0,-0.7570799837723777,43,5,4
2022-04-03,5,17.111061041427313,1,0,0.0693322590029172,37,6,4
2022-04-04,5,9.879907171951714,0,0,2.2538631635903643,46,0,4
2022-04-05,5,13.81580160544529,1,0,0.2277166246546372,48,1,4
2022-04-06,5,11.241270624044654,0,0,-2.0318251555485047,37,2,4
2022-04-07,5,18.510626569584154,0,0,-0.6194688671927353,46,3,4
2022-04-08,5,6.917294981127528,0,1,0.9178364286766484,53,4,4
2022-04-09,5,18.59664521487701,0,0,0.6785546704612178,41,5,4
2022-04-10,5,9.189482856438188,0,0,-0.0398386770587072,49,6,4
2022-04-11,5,18.724625811251656,0,0,-0.3329120898868735,44,0,4
2022-04-12,5,17.102368681637753,1,0,0.3061994194969117,46,1,4
2022-04-13,5,7.033564203573202,0,0,-1.895353676216561,33,2,4
2022-04-14,5,10.668214331951884,0,0,0.5451830504517017,51,3,4
2022-04-15,5,9.6378689360473,0,0,0.0430197158979946,50,4,4
2022-04-16,5,15.154376434855717,1,0,1.7723305064848982,43,5,4
2022-04-17,5,18.7814218727848,0,0,0.471171962826031,40,6,4
2022-04-18,5,12.03570330314816,0,0,-0.9272238943544392,32,0,4
2022-04-19,5,19.415667079794616,0,0,-0.945596501113866,46,1,4
2022-04-20,5,16.757362374848178,0,0,-0.9733765900070894,42,2,4
2022-04-21,5,13.47260682359316,0,0,-0.3650481296668716,42,3,4
2022-04-22,5,16.875565056965804,0,0,-1.4234703789199246,42,4,4
2022-04-23,5,13.16522817666535,1,1,0.4406008122461055,56,5,4
2022-04-24,5,12.561439256230315,0,0,-1.1753782427286328,33,6,4
2022-04-25,5,19.933448867466325,0,0,-0.0903183773967684,31,0,4
2022-04-26,5,8.890691205768144,0,0,-0.7580417972859778,46,1,4
2022-04-27,5,10.92223281280921,1,0,0.9154767711813796,47,2,4
2022-04-28,5,17.662313543268223,0,0,0.6964155794310353,39,3,4
2022-04-29,5,5.966377420776289,0,0,-0.1214232217365447,45,4,4
2022-04-30,5,18.43096552670847,0,0,-0.2932539926457678,34,5,4
2022-05-01,5,7.185447959126483,0,0,1.5593505804602483,56,6,5
2022-05-02,5,10.984888534529611,0,0,-0.601153803150498,48,0,5
2022-05-03,5,10.26685984323815,0,0,0.8905053900763554,37,1,5
2022-05-04,5,19.736592925264645,0,0,-0.7819201087079174,45,2,5
2022-05-05,5,11.761463932978902,0,0,0.2039139061306525,40,3,5
2022-05-06,5,6.6437321432101175,0,0,-1.6646307985800333,33,4,5
2022-05-07,5,19.519909842286907,0,0,-1.8335806596622009,36,5,5
2022-05-08,5,6.365175659173017,1,0,1.744524337634479,53,6,5
2022-05-09,5,14.349794144073106,1,0,0.654279433033614,43,0,5
2022-05-10,5,12.028507220571116,0,0,1.2490519271064686,43,1,5
2022-05-11,5,5.2727864545005865,0,0,-0.7420210072145748,41,2,5
2022-05-12,5,16.73587765711786,0,0,-0.1039197865442876,42,3,5
2022-05-13,5,8.904816614930903,0,0,-0.2806922217299515,46,4,5
2022-05-14,5,15.079036068573236,0,0,-0.7423165784235334,38,5,5
2022-05-15,5,15.306205281442026,0,0,-2.097428095975871,45,6,5
2022-05-16,5,13.86442856367452,0,0,-1.0675198040358955,43,0,5
2022-05-17,5,5.452066312330963,0,0,-0.4635912070783641,50,1,5
2022-05-18,5,9.88910079612009,1,0,0.6341390233918586,45,2,5
2022-05-19,5,9.17326691910656,0,0,0.8507069874163614,46,3,5
2022-05-20,5,17.070635707950654,0,0,0.6744799567214523,33,4,5
2022-05-21,5,16.47075705044655,0,0,-0.3498128474351538,43,5,5
2022-05-22,5,8.668417471332543,0,0,0.5304713723679924,41,6,5
2022-05-23,5,16.903233678825696,0,0,-1.0045673026572015,43,0,5
2022-05-24,5,6.54989785033127,1,0,-0.720569423311127,51,1,5
2022-05-25,5,13.43264482940051,0,0,-0.1372831342503575,38,2,5
2022-05-26,5,6.803195633980815,1,0,1.5302468675176313,50,3,5
2022-05-27,5,17.922198580263405,0,0,1.3055290409144586,39,4,5
2022-05-28,5,5.545352191784271,1,0,-0.9226374266171202,54,5,5
2022-05-29,5,9.45021725624536,0,0,0.3412772315031507,36,6,5
2022-05-30,5,10.497122672181582,0,0,1.5936324423414896,38,0,5
2022-05-31,5,15.104393075862014,1,0,-0.4823575095764653,38,1,5
2022-06-01,5,12.13495810565081,0,0,-1.3397087955792752,43,2,6
2022-06-02,5,19.83017215928801,0,0,-0.498962428210415,35,3,6
2022-06-03,5,11.340974353527349,0,0,-0.2700234266684121,41,4,6
2022-06-04,5,19.72326782062069,0,0,1.789170505997433,40,5,6
2022-06-05,5,5.757157009251602,0,0,-0.4874396637120611,51,6,6
2022-06-06,5,11.728628075431352,0,0,-0.6739694664465637,45,0,6
2022-06-07,5,10.172191786461424,0,1,0.2460705928786077,46,1,6
2022-06-08,5,6.188800317561274,1,0,-0.1231877556229295,43,2,6
2022-06-09,5,5.9180611124060025,0,0,-1.15413276768506,45,3,6
