sales_data.csv
date,product_id,price,promotion,holiday,weather_index,units_sold,day_of_week,month
2022-06-10,5,14.618691825348586,0,0,-0.103338477399403,42,4,6
2022-06-11,5,9.718521338749802,1,0,0.2552967958909019,47,5,6
2022-06-12,5,15.131668022309835,0,0,1.705805117143232,39,6,6
2022-06-13,5,15.31803345281537,0,0,-1.7332141134850445,44,0,6
2022-06-14,5,13.446208708175924,0,0,-0.2920586341469365,44,1,6
2022-06-15,5,16.58876106304492,1,0,0.8976094664507976,40,2,6
2022-06-16,5,10.012593216860587,0,0,0.3783845609073403,40,3,6
2022-06-17,5,5.862532378040007,1,0,0.220560359368364,54,4,6
2022-06-18,5,9.732020089077269,0,0,0.6010144612579079,41,5,6
2022-06-19,5,6.400988222368382,1,0,-0.6598154956932453,51,6,6
2022-06-20,5,13.942693819043622,0,0,0.409931439458341,46,0,6
2022-06-21,5,9.052230404553676,0,0,0.2963669336648938,39,1,6
2022-06-22,5,5.9594581240012205,0,0,-0.8338916984727043,45,2,6
2022-06-23,5,9.660285301885253,0,0,1.635508296392422,42,3,6
2022-06-24,5,17.959116063836568,0,0,0.5678433453579352,40,4,6
2022-06-25,5,12.590498041095156,1,0,0.7521494258363448,50,5,6
2022-06-26,5,16.32088608182113,1,0,0.5180093611112836,36,6,6
2022-06-27,5,14.12432060886404,0,0,0.5209333993760775,45,0,6
2022-06-28,5,17.613622967698273,0,0,1.3031872365017072,48,1,6
2022-06-29,5,7.7725255441503,0,0,0.5133350044263149,45,2,6
2022-06-30,5,5.002469108048298,0,0,-0.5699640561288954,44,3,6
2022-07-01,5,16.71888969757196,0,0,-0.8501310726150434,39,4,7
2022-07-02,5,7.267431883651193,0,0,0.534693479268511,52,5,7
2022-07-03,5,7.169909055751459,0,1,-0.2028137627979133,52,6,7
2022-07-04,5,19.9904119896155,1,0,-0.2463167643494573,44,0,7
2022-07-05,5,5.223214165297675,0,0,0.7420867538777467,51,1,7
2022-07-06,5,11.590855207184406,0,0,0.0864258116723262,39,2,7
2022-07-07,5,18.86288834894974,0,0,0.921787349635756,39,3,7
2022-07-08,5,7.33919217723205,0,0,1.6623472317205663,45,4,7
2022-07-09,5,6.833895377396307,0,0,-0.1459971972991001,43,5,7
2022-07-10,5,5.494204729927996,0,0,-0.1558787826515784,44,6,7
2022-07-11,5,15.987288020948744,0,0,-0.6243319440653997,46,0,7
2022-07-12,5,12.495703875382874,0,0,-1.3168755240121848,49,1,7
2022-07-13,5,15.3999252455351,0,0,1.170958023024546,44,2,7
2022-07-14,5,19.55380415526334,1,0,0.7268039854306171,42,3,7
2022-07-15,5,8.436669464631763,0,0,1.2031520102864794,44,4,7
2022-07-16,5,19.140777622020025,0,0,0.2484838153314608,50,5,7
2022-07-17,5,15.34365675131206,0,0,-0.0087652251377076,48,6,7
2022-07-18,5,15.89413219867649,0,0,0.2530724483882384,43,0,7
2022-07-19,5,17.721200778644807,1,0,-2.0792928169632034,39,1,7
2022-07-20,5,9.166504069103109,0,0,0.3598637150824938,38,2,7
2022-07-21,5,8.253638168059844,0,0,0.1576804904299124,47,3,7
2022-07-22,5,12.965332459087447,0,0,-1.0454111186012969,38,4,7
2022-07-23,5,16.925843427055735,0,0,0.0288032440231975,36,5,7
2022-07-24,5,18.5608238218488,0,0,-0.6611389243885731,36,6,7
2022-07-25,5,7.143504225249178,0,0,0.6644657193386599,48,0,7
2022-07-26,5,13.446544344161492,0,1,-0.5970139969590829,51,1,7
2022-07-27,5,11.431093964113344,0,0,-1.0116168513258277,46,2,7
2022-07-28,5,10.359560820644097,0,0,1.496969236100608,52,3,7
2022-07-29,5,9.256251733868734,0,0,-0.3149930577794845,45,4,7
2022-07-30,5,9.294227872625347,0,0,-0.021875989225071,42,5,7
2022-07-31,5,8.121268398565348,0,0,-1.6913207005870068,45,6,7
2022-08-01,5,18.38962475127833,0,0,-0.6843139893035248,41,0,8
2022-08-02,5,11.355242890695571,0,0,0.1691640892229056,43,1,8
2022-08-03,5,18.05632242545694,1,0,-0.5181595844027758,42,2,8
2022-08-04,5,6.809162310925574,0,0,-0.0634503482029667,45,3,8
2022-08-05,5,15.195721335831106,0,0,-1.2084575885310112,38,4,8
2022-08-06,5,6.873088177233765,1,0,1.5770527248996271,51,5,8
2022-08-07,5,17.93947441027243,1,0,-0.1487304092315993,41,6,8
2022-08-08,5,11.00069473367988,0,0,0.8308290088141737,41,0,8
2022-08-09,5,7.491289133608888,0,0,-1.1016580578382007,42,1,8
2022-08-10,5,17.00293330351576,1,0,0.0144074376895225,46,2,8
2022-08-11,5,11.38309499396895,0,0,-1.678597484995792,48,3,8
2022-08-12,5,7.760252683125657,0,0,1.0291438365907717,44,4,8
2022-08-13,5,18.37193189885477,0,0,-0.3035267642671798,37,5,8
2022-08-14,5,14.590592107780925,1,0,0.0212850091495755,54,6,8
2022-08-15,5,8.394419528503292,1,1,1.2395516541242566,43,0,8
2022-08-16,5,13.910584726952752,0,0,-0.0945745935792155,50,1,8
2022-08-17,5,13.71502172128006,0,0,-0.210276751253113,42,2,8
2022-08-18,5,7.459825454881447,0,0,1.271671612000141,33,3,8
2022-08-19,5,11.919890716694848,1,0,0.5143518452143035,53,4,8
2022-08-20,5,10.031717923589412,1,0,-0.0155262814928127,55,5,8
2022-08-21,5,12.274967687412635,0,0,-0.8919817074210219,42,6,8
2022-08-22,5,13.495401742348612,0,0,2.108499330396559,42,0,8
2022-08-23,5,13.078185535625607,0,0,0.6955663530805203,43,1,8
2022-08-24,5,14.053431857540222,0,0,-0.923943727186354,40,2,8
2022-08-25,5,19.09614049934732,0,0,0.4761629082420123,30,3,8
2022-08-26,5,17.67852412426356,0,0,-1.9580871136897209,43,4,8
2022-08-27,5,15.259691251094342,1,0,1.1032080815798158,53,5,8
2022-08-28,5,14.77234654903062,0,0,0.2957554636364568,44,6,8
2022-08-29,5,11.0962534992295,0,0,0.552726374858938,40,0,8
2022-08-30,5,16.6776359306633,0,0,-0.1569858899432924,42,1,8
2022-08-31,5,5.265212177501333,0,0,1.6325607531336788,53,2,8
2022-09-01,5,14.487070352452417,0,0,-0.4199168213384188,46,3,9
2022-09-02,5,13.288726207154316,0,0,0.4511165296611232,46,4,9
2022-09-03,5,5.582612564554955,0,0,0.3815220591109809,48,5,9
2022-09-04,5,15.892917970166849,0,0,-0.5275816375565682,49,6,9
2022-09-05,5,18.840847750198154,0,0,-0.9961727547889968,40,0,9
2022-09-06,5,7.357036736529449,1,0,-1.281765487381211,42,1,9
2022-09-07,5,14.633580358434203,0,0,-0.7169852085540844,45,2,9
2022-09-08,5,10.774712563918378,0,1,0.1588854715833212,58,3,9
2022-09-09,5,9.017985813974114,0,0,0.9036315604544612,48,4,9
2022-09-10,5,10.316729405095606,0,0,-0.862691498009893,44,5,9
2022-09-11,5,15.117746497941374,1,0,-0.5715144420976737,43,6,9
2022-09-12,5,10.927038609321432,0,0,-0.6603824131098239,39,0,9
2022-09-13,5,10.978688017297632,0,0,-0.4581120838628725,44,1,9
2022-09-14,5,19.129855243705435,1,0,-0.1570813205816823,51,2,9
2022-09-15,5,10.135048528341656,0,0,-1.2771416281610322,42,3,9
2022-09-16,5,12.792912087793791,0,0,0.27848138380056,46,4,9
2022-09-17,5,10.422564370726851,1,0,-1.4048907540205202,50,5,9
2022-09-18,5,5.417184905056102,0,0,0.3520756554659432,48,6,9
2022-09-19,5,7.431078231454482,0,0,0.1437580390751801,51,0,9
2022-09-20,5,14.354302101942023,0,0,-0.8568471978840304,45,1,9
2022-09-21,5,10.246688291092422,0,0,0.1475524909813451,40,2,9
2022-09-22,5,6.584389234514542,0,0,-0.4460974058377321,43,3,9
2022-09-23,5,18.262554092485157,0,0,-1.983077349114815,40,4,9
2022-09-24,5,6.428875997215737,1,0,-2.0070520997143837,48,5,9
2022-09-25,5,17.673121708510017,0,0,0.6939613715537484,38,6,9
2022-09-26,5,16.976171773200296,0,0,-0.6080372123678396,40,0,9
2022-09-27,5,19.27783093513037,0,0,-0.8709111659278138,46,1,9
2022-09-28,5,10.152759579504249,0,0,-1.1639121110663175,38,2,9
2022-09-29,5,6.275925310930907,0,0,-0.735096034698261,44,3,9
2022-09-30,5,15.46110273055484,1,0,-1.7406416577370754,33,4,9
2022-10-01,5,7.510846463423686,1,0,-0.5652438116293883,59,5,10
2022-10-02,5,11.271647263723947,0,0,1.342232914398731,37,6,10
2022-10-03,5,13.529258202432189,0,0,0.6213410047519438,36,0,10
2022-10-04,5,15.351626108973583,0,0,-0.4076428420121556,48,1,10
2022-10-05,5,6.449956392695223,0,0,-1.0374668324452847,44,2,10
2022-10-06,5,15.982889681380415,0,0,-0.3810979549346796,41,3,10
2022-10-07,5,7.566469704946346,1,0,1.0567680633178511,53,4,10
2022-10-08,5,11.548400634138003,0,0,0.7004675014937285,40,5,10
2022-10-09,5,19.768785892008204,1,0,-1.2286058648496858,35,6,10
2022-10-10,5,5.243339951283724,0,0,-1.354285237451501,52,0,10
2022-10-11,5,10.36730108382172,0,0,-1.6711284010570682,31,1,10
2022-10-12,5,17.296679790264434,0,0,0.5356456109004539,45,2,10
2022-10-13,5,13.037881842403817,0,0,0.1233937849655868,52,3,10
2022-10-14,5,12.091215105890416,1,0,-0.3251272616305533,36,4,10
2022-10-15,5,11.693979149217194,1,0,-1.8166671696885632,49,5,10
2022-10-16,5,13.658419058150594,1,0,-1.5329876787929173,46,6,10
2022-10-17,5,13.350259912657329,1,1,-0.0781320489274658,52,0,10
2022-10-18,5,14.20663495901878,0,0,-1.0639605452670502,41,1,10
2022-10-19,5,10.496408633539373,0,0,0.4061617897360307,41,2,10
2022-10-20,5,12.14538447021464,0,0,0.1699537978692694,43,3,10
2022-10-21,5,19.17214302865168,0,0,1.593913453732615,43,4,10
2022-10-22,5,17.25150817276986,0,0,0.4515344783737445,41,5,10
2022-10-23,5,6.767098000068465,0,0,0.0474201120638418,46,6,10
2022-10-24,5,10.403000958834385,1,0,-0.8625158248188338,45,0,10
2022-10-25,5,5.613693965402539,0,0,0.0674804418370155,46,1,10
2022-10-26,5,13.721936200341275,0,0,-0.0216275634308704,46,2,10
2022-10-27,5,19.36059238171112,0,0,-0.1314958169196323,40,3,10
2022-10-28,5,17.81700257102068,0,0,0.93884046562287,33,4,10
2022-10-29,5,15.527788604282506,0,0,-0.6484405724688639,46,5,10
2022-10-30,5,12.336603815327551,0,0,0.4805222161148947,50,6,10
2022-10-31,5,8.758330272002059,0,0,-0.2876271538828394,36,0,10
2022-11-01,5,8.254166898654756,0,0,0.6286177261335968,43,1,11
2022-11-02,5,5.21473410661466,0,0,-0.1050446143059573,53,2,11
2022-11-03,5,10.104147080430195,1,0,0.4048472555336626,48,3,11
2022-11-04,5,9.571729177248857,0,0,0.2122115152475258,57,4,11
2022-11-05,5,12.195400808226225,1,1,-0.5202000037020807,50,5,11
2022-11-06,5,14.576844815065597,1,0,-0.1042698198896694,49,6,11
2022-11-07,5,17.118585206665806,0,0,-0.4479120436180769,45,0,11
2022-11-08,5,18.04061596118341,0,0,0.3924915768922485,38,1,11
2022-11-09,5,7.823253145413812,0,0,2.0022453052257108,48,2,11
2022-11-10,5,5.117343717272497,0,0,0.0713311475908992,45,3,11
2022-11-11,5,16.473805762003842,1,0,-0.7698230129914152,47,4,11
2022-11-12,5,16.55922265940729,0,0,-1.6126355444469715,43,5,11
2022-11-13,5,7.129549779746132,0,0,0.2122694920215404,45,6,11
2022-11-14,5,15.26916577554968,0,0,0.0480556399830995,44,0,11
2022-11-15,5,9.261717067372247,0,0,-0.4636913908242459,36,1,11
2022-11-16,5,14.347328954047724,1,1,0.756595141173687,57,2,11
2022-11-17,5,7.460159219386227,0,0,-0.0156784197889175,48,3,11
2022-11-18,5,15.156452502766204,0,0,1.1287006391712722,38,4,11
2022-11-19,5,14.682025831872853,0,0,1.8922734039357387,45,5,11
2022-11-20,5,9.464790990000552,0,0,1.1071369883368003,46,6,11
2022-11-21,5,8.47600122852649,1,0,-1.4526674179333487,55,0,11
2022-11-22,5,13.92727877652102,1,0,0.2744617254587877,44,1,11
2022-11-23,5,16.900369298605924,0,0,-0.345579091145302,43,2,11
2022-11-24,5,10.848091633869764,0,1,-1.3793880342674203,56,3,11
2022-11-25,5,16.886245076303773,0,0,-1.265807770555186,35,4,11
2022-11-26,5,14.615759887288643,0,0,1.2133990955511234,38,5,11
2022-11-27,5,7.848348616190045,0,0,0.3249839577800443,41,6,11
2022-11-28,5,18.1945741977943,0,0,2.023017769092816,42,0,11
2022-11-29,5,16.37692390106889,0,0,0.0638262807070133,36,1,11
2022-11-30,5,16.668252549464675,0,0,-1.498201736504712,48,2,11
2022-12-01,5,17.75471468621061,1,0,-0.861353124446084,44,3,12
2022-12-02,5,15.26280559762921,0,0,0.0916474432601648,46,4,12
2022-12-03,5,18.123636619163577,0,0,-0.9153899875429335,49,5,12
2022-12-04,5,14.981837583527444,0,0,0.2883169986520629,49,6,12
2022-12-05,5,13.17914902859162,0,1,1.636878332845206,47,0,12
2022-12-06,5,19.40713396336249,0,0,0.826126122318908,33,1,12
2022-12-07,5,9.734016584155928,1,0,-0.1252352213272632,44,2,12
2022-12-08,5,5.235741249415114,0,0,-1.5240271958072795,55,3,12
2022-12-09,5,7.560358687185205,0,0,-1.4817515945596562,50,4,12
2022-12-10,5,7.646589219875932,0,0,1.8237344433916136,45,5,12
2022-12-11,5,16.48944210827331,0,0,0.1620732332596683,51,6,12
2022-12-12,5,10.227807649485008,0,0,-1.1257696914566555,45,0,12
2022-12-13,5,6.277347676145006,0,0,-1.5730401057671313,53,1,12
2022-12-14,5,15.219602474984562,0,0,-0.6952730130002208,46,2,12
2022-12-15,5,10.68869601345753,0,0,-0.4063431267693372,37,3,12
2022-12-16,5,19.123419539320714,1,0,-0.1885882783365879,45,4,12
2022-12-17,5,13.808850410564371,0,0,-0.8999355738165369,45,5,12
2022-12-18,5,12.50246186692188,1,0,-1.138183335819806,47,6,12
2022-12-19,5,9.579892161183798,0,0,-0.3836006547032295,40,0,12
2022-12-20,5,11.557875048098683,0,0,0.4852714049585396,45,1,12
2022-12-21,5,9.039574737728891,0,0,-0.2139113607142409,38,2,12
2022-12-22,5,14.109758825912769,0,0,0.1336892078021133,49,3,12
2022-12-23,5,18.2930852860151,0,0,-0.3232819706747863,38,4,12
2022-12-24,5,19.058045570961585,0,0,1.171319583400206,50,5,12
2022-12-25,5,11.863634206906555,1,0,-1.1402808628942176,53,6,12
2022-12-26,5,15.425859174859564,0,0,-0.2396879834808477,37,0,12
2022-12-27,5,18.393705852484707,0,0,2.475638299085383,32,1,12
2022-12-28,5,5.626878605917478,0,0,0.221955847904815,48,2,12
2022-12-29,5,18.672000264961262,0,0,0.5848584788930727,38,3,12
2022-12-30,5,7.089143223596075,0,0,0.5690616450641172,33,4,12
2022-12-31,5,13.449794966331966,1,0,0.0020359640921815,45,5,12
2023-01-01,5,17.724864381926167,0,0,0.2456463807123935,46,6,1
2023-01-02,5,8.583057988787946,1,0,-0.1405094203010494,61,0,1
2023-01-03,5,15.734427546441456,0,0,-0.5367691313805969,48,1,1
2023-01-04,5,19.940107675055486,0,0,-0.318299596515239,36,2,1
2023-01-05,5,14.100249702250334,0,0,-1.2639931526361998,44,3,1
2023-01-06,5,14.311260445189362,1,0,1.678269801984846,44,4,1
2023-01-07,5,5.151128629222309,0,0,0.9505084616909844,43,5,1
2023-01-08,5,5.453432776091153,0,0,-1.9011484109237649,58,6,1
2023-01-09,5,10.648715163711604,1,0,0.2687160282870945,47,0,1
2023-01-10,5,14.382393263843818,0,0,-0.6840595881911747,34,1,1
2023-01-11,5,15.904899221021807,0,0,0.3643910541390477,49,2,1
2023-01-12,5,6.847080657377015,0,0,0.5032580363653543,44,3,1
2023-01-13,5,15.344233651184156,0,0,0.9940696270978862,33,4,1
2023-01-14,5,19.775756446256736,0,0,-2.267935587251193,46,5,1
2023-01-15,5,9.302991657414832,0,0,-0.7550128225261413,45,6,1
2023-01-16,5,9.765668542399688,0,0,2.142925319285598,33,0,1
2023-01-17,5,11.617793091936925,0,0,0.4695430761587289,34,1,1
2023-01-18,5,18.41164540194488,0,0,-0.3530841919117615,45,2,1
2023-01-19,5,6.205595658794494,0,0,0.9698104819668693,45,3,1
2023-01-20,5,10.813657342549035,0,0,1.8610704708944783,40,4,1
2023-01-21,5,15.484365638457916,0,0,-0.3268583227494406,36,5,1
2023-01-22,5,12.17301750957314,0,0,-0.1909146631004306,45,6,1
2023-01-23,5,17.612253333588942,0,0,-0.6199688722373327,49,0,1
2023-01-24,5,13.750315903017446,0,0,-0.6753382072441181,50,1,1
2023-01-25,5,18.5609861883501,0,0,0.1839592516947423,37,2,1
2023-01-26,5,19.300887710880367,0,0,0.365383652569833,46,3,1
2023-01-27,5,17.063302845958727,0,0,1.4832112996740263,38,4,1
2023-01-28,5,19.892667031177723,0,1,-0.0546607783080798,40,5,1
2023-01-29,5,16.516321954158947,0,0,0.6719975518921506,48,6,1
2023-01-30,5,8.884705071020448,0,0,0.9420994842935116,51,0,1
2023-01-31,5,11.902769720866758,0,0,1.2621975481041772,48,1,1
2023-02-01,5,11.32012161153419,1,0,0.597599268918563,51,2,2
2023-02-02,5,18.607781856095343,0,0,0.4209509373798147,31,3,2
2023-02-03,5,11.745793690831626,0,0,-1.7904756103049169,56,4,2
2023-02-04,5,12.323955489969784,0,0,0.3925420354833985,41,5,2
2023-02-05,5,10.641691442162736,1,0,0.8319161063083785,46,6,2
2023-02-06,5,14.966277223891556,0,0,-0.9100046435710598,43,0,2
2023-02-07,5,10.540229394761344,1,1,0.3460561563625656,53,1,2
2023-02-08,5,5.90698900152486,0,0,-0.0828201748877665,41,2,2
2023-02-09,5,6.258833256726049,0,0,-2.1236734752666577,41,3,2
2023-02-10,5,11.296996157060123,0,0,-0.0694897690291644,44,4,2
2023-02-11,5,18.31564440796616,0,0,-0.8288127033687844,38,5,2
2023-02-12,5,16.44033737878753,0,0,-0.7416858477909634,43,6,2
2023-02-13,5,5.33256836778626,0,0,0.4627502014656126,55,0,2
2023-02-14,5,16.580116722010686,0,0,0.1587323589408356,49,1,2
2023-02-15,5,13.138477080711407,0,0,0.125418746391293,41,2,2
2023-02-16,5,15.46616056064889,0,0,-1.2392963874133298,43,3,2
2023-02-17,5,11.07722025466348,1,0,0.8635368855414375,47,4,2
2023-02-18,5,11.634663344840876,0,0,0.4217269064794524,45,5,2
2023-02-19,5,19.86775568320526,0,0,-0.9361168558310466,35,6,2
2023-02-20,5,11.949040880735524,0,0,-0.3080623709491223,48,0,2
2023-02-21,5,11.558767502356826,0,0,-1.673695443812148,44,1,2
2023-02-22,5,11.241752631839542,0,0,-0.5721412778937229,40,2,2
2023-02-23,5,9.075716930614371,0,0,-0.1717535810878427,45,3,2
2023-02-24,5,11.40573326292858,0,0,0.1388678494592483,42,4,2
2023-02-25,5,11.34588321097521,0,0,-0.0575362097172569,39,5,2
2023-02-26,5,11.039485998729266,0,0,1.267726018795906,36,6,2
2023-02-27,5,10.275940308856018,0,0,2.5685197230463297,52,0,2
2023-02-28,5,12.948710958356465,1,1,-1.1175015088985232,44,1,2
2023-03-01,5,6.267847744231325,0,0,0.549838221291367,49,2,3
2023-03-02,5,16.538810524666854,0,0,-1.4060758035614718,37,3,3
2023-03-03,5,14.346105777283386,0,0,-0.0087734569177231,39,4,3
2023-03-04,5,12.760787441277394,0,0,0.4808614283037095,48,5,3
2023-03-05,5,13.653630336148051,1,0,-0.4211857715284858,42,6,3
2023-03-06,5,16.61438219297225,0,0,0.6643724220771718,49,0,3
2023-03-07,5,5.692537874108437,0,0,1.1650124970247686,46,1,3
2023-03-08,5,8.301271456308154,0,0,-0.1884764015161359,41,2,3
2023-03-09,5,13.93008255422622,0,0,-1.142978125036762,49,3,3
2023-03-10,5,8.74252623021648,0,0,-0.4375386218974008,43,4,3
2023-03-11,5,9.894171696666096,0,0,-0.7574069407396856,39,5,3
2023-03-12,5,13.97149002215642,1,0,-1.0944316863961316,41,6,3
2023-03-13,5,5.40016375883896,0,0,-0.0392761185427404,58,0,3
2023-03-14,5,10.147142446683084,0,1,-0.1868178617591597,50,1,3
2023-03-15,5,17.22845264956269,1,0,0.195921452627324,43,2,3
2023-03-16,5,7.621650948412409,0,0,-0.3692022496914405,41,3,3
2023-03-17,5,8.249111800643686,0,0,-0.0663985212666893,44,4,3
2023-03-18,5,19.70266432842042,0,0,0.2026308054137288,37,5,3
2023-03-19,5,8.341315706034113,0,0,-0.0714417843781477,50,6,3
2023-03-20,5,10.49126918910773,0,0,-0.8211137048619065,43,0,3
2023-03-21,5,12.25833219967307,0,0,-0.5856105337765706,42,1,3
2023-03-22,5,10.120403757737758,0,0,0.4053009216137048,42,2,3
2023-03-23,5,10.871138281026886,1,0,1.2594245488800586,37,3,3
2023-03-24,5,13.035283444553944,0,1,0.5602258099499523,42,4,3
