sales_data.csv
date,product_id,price,promotion,holiday,weather_index,units_sold,day_of_week,month
2023-03-25,5,12.105637204971927,0,0,0.6903174396873311,44,5,3
2023-03-26,5,15.576696451617805,0,0,-0.9219763959677704,39,6,3
2023-03-27,5,9.823629694810013,1,0,1.1530454656478593,54,0,3
2023-03-28,5,18.84674746621534,0,1,1.9449446623065023,44,1,3
2023-03-29,5,15.230138968527903,1,0,-1.1680988674867032,51,2,3
2023-03-30,5,8.656332921524875,0,0,-0.2981470004786392,46,3,3
2023-03-31,5,10.847658257316995,0,0,-0.6736010416206981,45,4,3
2023-04-01,5,5.675489212475873,0,0,-0.6118126000900924,42,5,4
2023-04-02,5,6.381193939826401,0,0,0.0577085793035166,52,6,4
2023-04-03,5,7.907773748179311,0,0,0.2179369616143872,41,0,4
2023-04-04,5,13.247818402372934,0,0,0.7169289113242493,45,1,4
2023-04-05,5,13.142828952980802,0,0,-0.0337308185899629,48,2,4
2023-04-06,5,14.460140368779356,0,0,0.6063648162294041,38,3,4
2023-04-07,5,14.779178706046862,0,1,-0.4347900936768338,48,4,4
2023-04-08,5,10.897881030372597,0,0,-0.2996581649271712,43,5,4
2023-04-09,5,19.21063324220274,0,0,-0.6475972466086024,33,6,4
2023-04-10,5,9.94572848860656,0,0,1.2350768624903226,34,0,4
2023-04-11,5,19.35906225452354,0,0,-1.1034814394038155,45,1,4
2023-04-12,5,10.09351929519296,0,0,1.0474852718330452,43,2,4
2023-04-13,5,14.557062065235812,1,1,-0.0715472408782356,46,3,4
2023-04-14,5,13.64855081688316,1,0,-0.5053607982592618,43,4,4
2023-04-15,5,14.777745092883617,0,0,-0.1387562371051323,46,5,4
2023-04-16,5,14.137367113445976,1,0,0.7228933217629592,43,6,4
2023-04-17,5,17.38038930945639,0,0,-1.208732038960027,47,0,4
2023-04-18,5,12.21340102415524,0,0,-0.7606331445621433,32,1,4
2023-04-19,5,15.186251432780718,0,0,2.2915896444545703,50,2,4
2023-04-20,5,15.041437992169726,0,0,0.2821551900914449,44,3,4
2023-04-21,5,11.404255928004156,0,0,0.1276028078543963,34,4,4
2023-04-22,5,17.700192104334306,0,0,-0.4796756835651077,31,5,4
2023-04-23,5,7.498843671827591,0,1,-1.3868065690091385,50,6,4
2023-04-24,5,7.283541554954293,0,0,-0.4651221375749572,44,0,4
2023-04-25,5,8.671312078708434,0,0,-0.6278291242210267,44,1,4
2023-04-26,5,14.406818631064318,0,0,-0.6048738158038157,42,2,4
2023-04-27,5,5.285483962918375,0,0,-0.6790506986064045,51,3,4
2023-04-28,5,17.811294542431856,0,0,-0.0546766740375454,37,4,4
2023-04-29,5,19.6323128515887,0,0,1.029948810709608,32,5,4
2023-04-30,5,6.448644521285486,0,0,2.0638023768204787,41,6,4
2023-05-01,5,6.079571664713336,0,0,-1.5523644767165514,44,0,5
2023-05-02,5,6.264801410649534,0,0,-0.3444921420273772,45,1,5
2023-05-03,5,12.599503681441668,0,1,-0.8671656253019907,44,2,5
2023-05-04,5,11.422505933321476,0,0,0.4712704164557805,45,3,5
2023-05-05,5,17.6819846992585,0,0,-3.7776432312787382,37,4,5
2023-05-06,5,6.736982542189216,0,0,-1.0704387211341584,41,5,5
2023-05-07,5,18.295133954931536,0,1,-0.4428886269636299,49,6,5
2023-05-08,5,12.95338517664224,1,0,-2.323448528588195,40,0,5
2023-05-09,5,6.924744806055009,1,0,-0.7271757296237453,47,1,5
2023-05-10,5,14.525550708152911,0,0,-0.722131046654528,47,2,5
2023-05-11,5,7.305490576444089,0,0,-0.9009913926396914,48,3,5
2023-05-12,5,6.393003096375391,1,0,-0.8481214291578666,47,4,5
2023-05-13,5,14.277446388227377,0,0,0.6735978057395559,40,5,5
2023-05-14,5,5.378707354439675,0,0,0.337530305858733,49,6,5
2023-05-15,5,9.736933780160824,0,1,-0.5075222435340626,47,0,5
2023-05-16,5,17.678431672593824,1,0,-1.0402661485750306,34,1,5
2023-05-17,5,13.007102668604638,0,0,-1.0185269003465016,42,2,5
2023-05-18,5,17.653377336213243,0,0,-1.716377765403785,44,3,5
2023-05-19,5,6.631755514949207,0,0,-1.3763051063402572,51,4,5
2023-05-20,5,8.615222931422444,0,0,0.2680841725323438,46,5,5
2023-05-21,5,8.395982598220737,0,0,1.896282519117693,45,6,5
2023-05-22,5,13.038834839225666,1,0,-0.2060896600387068,40,0,5
2023-05-23,5,6.805810529005043,1,0,1.0155848613301115,41,1,5
2023-05-24,5,6.752622166180927,0,0,0.1644467365374717,56,2,5
2023-05-25,5,13.144621945056052,0,0,-0.6304373183753804,41,3,5
2023-05-26,5,19.799107611471257,0,0,-0.9316588482867244,46,4,5
2023-05-27,5,15.988415678624284,0,0,-0.2712210303335414,43,5,5
2023-05-28,5,16.724250359047524,0,0,-0.7809509851706931,39,6,5
2023-05-29,5,16.399432146249694,0,0,-0.75714606048122,41,0,5
2023-05-30,5,11.448651119915466,0,0,-0.3226844788986909,38,1,5
2023-05-31,5,7.889734284088194,0,0,0.3569178883149927,41,2,5
2023-06-01,5,9.15114417858069,1,0,0.4037418713188961,49,3,6
2023-06-02,5,9.109774687920815,0,0,0.3981320424118437,43,4,6
2023-06-03,5,8.784373949936954,0,0,1.175669767398943,53,5,6
2023-06-04,5,18.81699816043068,0,0,-0.3806721648527168,33,6,6
2023-06-05,5,7.689362877424616,0,0,-0.6908002177695994,43,0,6
2023-06-06,5,10.794444925766776,0,0,-0.1362512557235213,46,1,6
2023-06-07,5,14.649792443514832,0,0,0.7051559440719348,46,2,6
2023-06-08,5,15.20778417157019,1,0,0.8910140721145904,51,3,6
2023-06-09,5,19.5894167526242,0,0,0.1271756986772513,37,4,6
2023-06-10,5,19.54460730782889,0,1,0.7036272574314176,49,5,6
2023-06-11,5,14.104260860526804,0,0,1.1684005731992844,44,6,6
2023-06-12,5,6.893717870111278,1,0,0.4331308657282913,42,0,6
2023-06-13,5,17.085905570823783,0,0,2.657162804964392,38,1,6
2023-06-14,5,16.439783108284246,0,0,-1.0459438662685236,44,2,6
2023-06-15,5,13.697805597738952,0,0,-1.3439054402211157,48,3,6
2023-06-16,5,8.015533058576805,0,0,-0.0693895572647782,53,4,6
2023-06-17,5,19.52994787187083,1,0,0.5093320012903042,43,5,6
2023-06-18,5,6.415008780178225,0,0,-0.665858790632855,41,6,6
2023-06-19,5,7.715112656493971,0,0,-0.9046322570979975,43,0,6
2023-06-20,5,10.712613826295696,0,0,0.3850010250973799,44,1,6
2023-06-21,5,15.90469726376568,0,0,1.3771665782061455,51,2,6
2023-06-22,5,7.182908843104366,0,0,-0.0422705191104234,43,3,6
2023-06-23,5,17.235051859946676,0,0,-0.4665499789027328,44,4,6
2023-06-24,5,11.686682042818177,1,0,-1.206292764538919,43,5,6
2023-06-25,5,10.941463809909733,0,0,-1.12629968017449,47,6,6
2023-06-26,5,19.208217414247983,0,0,0.0843214545102934,33,0,6
2023-06-27,5,7.827836266902267,1,0,0.8444518365290334,51,1,6
2023-06-28,5,15.883146565611328,0,0,-0.6144635857015015,41,2,6
2023-06-29,5,5.270434596853576,1,0,1.6817810449181083,46,3,6
2023-06-30,5,18.6951932473779,0,0,0.2511548398017616,48,4,6
2023-07-01,5,11.03024158563478,1,0,0.2588251306057574,46,5,7
2023-07-02,5,17.38579594024046,0,0,3.051642197713682,40,6,7
2023-07-03,5,6.689090546793562,0,0,-0.572770997879708,41,0,7
2023-07-04,5,8.382695868809398,1,0,1.0424765787094326,49,1,7
2023-07-05,5,5.710622418300675,0,1,2.1900113294973065,50,2,7
2023-07-06,5,12.839536535328058,0,0,1.400707359449467,33,3,7
2023-07-07,5,9.133654301741023,0,0,0.9011158715290162,48,4,7
2023-07-08,5,10.71821911103822,0,0,-0.0469623454327546,41,5,7
2023-07-09,5,15.5397497261959,0,0,-1.3630859273561933,42,6,7
2023-07-10,5,9.05568664137543,0,0,0.4949000765269403,42,0,7
2023-07-11,5,10.04615389570812,0,0,0.8789868612417524,49,1,7
2023-07-12,5,19.902897442085298,0,0,-1.0113018644760574,38,2,7
2023-07-13,5,13.23414158309742,0,0,-1.254873223226493,39,3,7
2023-07-14,5,10.246201407158589,0,0,0.0809300155871249,51,4,7
2023-07-15,5,8.305877800954201,0,0,-0.584166674661269,40,5,7
2023-07-16,5,19.095402242611563,0,0,-0.4028753344528701,31,6,7
2023-07-17,5,17.693438521271048,0,0,0.1732622077617071,52,0,7
2023-07-18,5,18.27477806901452,0,0,0.5135241240556034,40,1,7
2023-07-19,5,11.10088195542816,1,0,-1.135319295774552,44,2,7
2023-07-20,5,10.15132032911072,1,0,0.3460412483220062,48,3,7
2023-07-21,5,6.861461832160643,0,0,-0.8168322657146296,44,4,7
2023-07-22,5,17.03615714103037,0,0,1.4737299117110991,40,5,7
2023-07-23,5,11.046599266150755,0,0,-0.3863495994926566,43,6,7
2023-07-24,5,10.945059292287628,0,0,-0.3268165006752658,39,0,7
2023-07-25,5,18.172509153535767,0,0,0.3309424778773472,45,1,7
2023-07-26,5,11.752492383748532,0,0,-0.8443728189057516,40,2,7
2023-07-27,5,12.681154679381493,0,0,-0.2386869604972464,34,3,7
2023-07-28,5,8.405883885664117,0,0,0.6867679719956149,44,4,7
2023-07-29,5,13.161775425955833,0,0,0.4442316826206616,43,5,7
2023-07-30,5,16.12912294786875,0,0,0.2766981202587242,26,6,7
2023-07-31,5,11.53301454857372,0,0,1.5518811746729917,41,0,7
2023-08-01,5,19.785945548772567,0,0,1.7491790094872317,42,1,8
2023-08-02,5,19.873620469936206,0,0,-0.802842201518165,49,2,8
2023-08-03,5,14.839217030385068,0,1,-0.1378176401159005,52,3,8
2023-08-04,5,6.634775904511419,1,0,2.2212134955005567,52,4,8
2023-08-05,5,8.77574984868652,0,0,-1.8482959596144897,48,5,8
2023-08-06,5,8.308143856418097,0,0,-0.0658095473288744,37,6,8
2023-08-07,5,12.70010451565281,0,0,0.1314855468712719,36,0,8
2023-08-08,5,5.542657655439372,0,0,-2.1663337640908416,45,1,8
2023-08-09,5,19.519262056322667,1,0,0.5104263886072169,44,2,8
2023-08-10,5,15.833671207381167,1,0,-1.4559811344303588,38,3,8
2023-08-11,5,7.934203851054328,0,0,-1.228322549244787,46,4,8
2023-08-12,5,18.62937489399017,0,1,1.617001037899756,52,5,8
2023-08-13,5,10.87884349064997,1,0,0.1218073095767675,53,6,8
2023-08-14,5,9.488669376650384,0,0,0.2669019937945482,46,0,8
2023-08-15,5,11.955737253870028,1,0,0.46364334751041,40,1,8
2023-08-16,5,15.944177748981335,0,0,0.9868772514504902,46,2,8
2023-08-17,5,12.369752285271606,0,0,-0.6099487626282961,43,3,8
2023-08-18,5,10.93813919961599,0,0,-0.2832353166203518,35,4,8
2023-08-19,5,9.939663428387952,1,0,0.5403573361284695,52,5,8
2023-08-20,5,18.32814295861088,0,0,1.4280162358930055,33,6,8
2023-08-21,5,13.92915903114726,0,0,-0.0359048973451876,37,0,8
2023-08-22,5,9.64421733563936,0,0,-0.7308240408425006,43,1,8
2023-08-23,5,18.465031591518827,0,0,-0.8126037103399517,39,2,8
2023-08-24,5,7.013624374426654,0,0,-0.2896846608817844,44,3,8
2023-08-25,5,6.279690248988512,0,0,2.201742930102491,36,4,8
2023-08-26,5,17.756619590216133,1,0,-0.3852083491208333,40,5,8
2023-08-27,5,17.028229655842026,0,0,-0.055275465620152,33,6,8
2023-08-28,5,13.74439516761459,0,0,-0.7849249359778491,44,0,8
2023-08-29,5,13.622060243527818,0,0,0.4032242838735014,41,1,8
2023-08-30,5,17.946163564159086,0,0,0.3698527100739787,41,2,8
2023-08-31,5,7.252381348063829,0,0,-0.2092891179679106,39,3,8
2023-09-01,5,5.499999532780938,0,0,0.0803347318327169,51,4,9
2023-09-02,5,5.136725071567532,0,0,-0.1969227722165052,59,5,9
2023-09-03,5,17.528450643000717,1,0,-1.941674594469136,45,6,9
2023-09-04,5,19.269134035952284,0,0,-2.4516815808037777,35,0,9
2023-09-05,5,6.615469498396424,0,0,2.810930615556283,53,1,9
2023-09-06,5,16.1671486018055,0,0,-0.4144901744598329,49,2,9
2023-09-07,5,14.525231851734365,0,0,-0.1814203574271115,48,3,9
2023-09-08,5,14.607858632939571,0,0,-0.4886818653427426,37,4,9
2023-09-09,5,13.97661327667712,0,0,0.081565641410366,44,5,9
2023-09-10,5,18.312817353861128,0,1,-0.0692815993818228,57,6,9
2023-09-11,5,14.955912080494578,0,0,-0.323701287650936,46,0,9
2023-09-12,5,15.515411818547776,0,0,-0.0893014293806989,37,1,9
2023-09-13,5,10.401250700685743,0,0,0.8392240007123111,43,2,9
2023-09-14,5,10.4905556755,1,0,0.4722926112966629,54,3,9
2023-09-15,5,18.61468646299218,0,0,1.096885335119705,37,4,9
2023-09-16,5,11.6039364847734,0,0,0.5811385948121502,37,5,9
2023-09-17,5,14.299016124805696,0,0,-1.7770264069858792,31,6,9
2023-09-18,5,10.761779770649316,0,0,0.7394692218484216,41,0,9
2023-09-19,5,5.890944295271032,0,0,0.3073111315627172,51,1,9
2023-09-20,5,14.184066771033784,0,0,-0.7307110082481293,40,2,9
2023-09-21,5,9.12860457467793,1,0,0.7527268787688461,44,3,9
2023-09-22,5,19.596255605714624,0,0,-0.961144976796648,40,4,9
2023-09-23,5,17.81662461820042,1,0,-0.2464451367105914,42,5,9
2023-09-24,5,14.482452731442333,0,0,-1.2693763727484706,48,6,9
2023-09-25,5,10.978674013605048,0,0,0.1356669333205033,47,0,9
2023-09-26,5,12.861346967007185,0,0,-1.0694801821046598,40,1,9
2023-09-27,5,9.379146740992857,1,0,-1.2948725763822542,47,2,9
2023-09-28,5,19.58793788460082,0,0,-0.1590809745382285,36,3,9
2023-09-29,5,14.516927991205431,0,0,-0.2568240245279478,32,4,9
2023-09-30,5,12.716084230977998,0,0,-0.0622988828028278,41,5,9
2023-10-01,5,18.765730163524484,0,0,-1.0107379952678848,44,6,10
2023-10-02,5,19.320727032309456,1,0,-0.3709791539093534,49,0,10
2023-10-03,5,18.04797945375722,0,0,-0.7514183360192399,37,1,10
2023-10-04,5,17.5243577712773,0,0,-0.4033796616580329,43,2,10
2023-10-05,5,9.692931417415997,1,0,1.971633962672608,56,3,10
2023-10-06,5,9.99722035623076,1,0,-1.167075494495365,50,4,10
2023-10-07,5,13.247110095937272,1,1,0.2839779928349686,55,5,10
2023-10-08,5,18.92230761870669,1,0,0.7079453695661195,38,6,10
2023-10-09,5,6.677407322980919,1,0,2.130087406497157,54,0,10
2023-10-10,5,17.35601631904452,0,1,-0.995717800601392,52,1,10
2023-10-11,5,7.725844492040874,0,0,1.1082347993170296,50,2,10
2023-10-12,5,5.055114791395516,0,0,-1.1410248225470787,49,3,10
2023-10-13,5,9.3424596044006,0,0,-0.6197914998479194,44,4,10
2023-10-14,5,13.679794685208106,0,0,-0.5537329100962171,40,5,10
2023-10-15,5,7.139770431222969,0,0,0.0628484360397868,47,6,10
2023-10-16,5,6.140228889485632,0,0,1.0375577363475474,46,0,10
2023-10-17,5,7.686565084848102,0,0,-0.9307300973636076,44,1,10
2023-10-18,5,19.372364192734352,1,0,1.343640166127244,39,2,10
2023-10-19,5,7.049631969782279,1,0,-0.4129996100775853,42,3,10
2023-10-20,5,5.536389609303204,0,0,0.205516646421309,44,4,10
2023-10-21,5,14.04481352205188,0,0,1.060376588411488,45,5,10
2023-10-22,5,9.318511681378276,0,0,-1.5710296730814377,51,6,10
2023-10-23,5,11.214769896854431,0,0,0.6970747509957568,55,0,10
2023-10-24,5,12.344577003499168,0,0,-0.1782345142912187,40,1,10
2023-10-25,5,12.34266537102622,0,0,0.1477136045249695,46,2,10
2023-10-26,5,7.814326737719757,0,0,0.0801920189773865,46,3,10
2023-10-27,5,17.318598423635656,0,0,-0.6477070169533258,38,4,10
2023-10-28,5,5.887639594406333,0,0,1.5901465627057405,43,5,10
2023-10-29,5,16.47840499022341,0,0,-0.179503909498301,44,6,10
2023-10-30,5,8.93883549709163,0,0,-0.289441976660217,53,0,10
2023-10-31,5,18.87911585249341,0,0,-0.1059023969890189,44,1,10
2023-11-01,5,12.009292227959063,0,0,-0.6181076523595418,48,2,11
2023-11-02,5,11.027464669110856,1,0,-1.2023034486419395,49,3,11
2023-11-03,5,15.763925027408996,1,0,-0.5994769642965111,57,4,11
2023-11-04,5,17.451754515255573,0,0,0.229948504391687,41,5,11
2023-11-05,5,15.709500311944735,0,0,-1.177919014903422,40,6,11
2023-11-06,5,5.119055480189821,0,0,-0.087029524820173,50,0,11
2023-11-07,5,15.278795792506903,0,0,-1.0080415783239434,55,1,11
2023-11-08,5,13.4969977505901,0,0,-1.537265522287301,41,2,11
2023-11-09,5,13.045001966551965,0,0,-2.212662390355748,47,3,11
2023-11-10,5,8.443762068493236,0,1,0.2882667613238792,46,4,11
2023-11-11,5,14.310064828250466,0,0,-1.0579070308408431,41,5,11
2023-11-12,5,16.088447070002452,1,0,0.6452662582308083,48,6,11
2023-11-13,5,18.83627868271258,1,0,-2.1944596775865777,51,0,11
2023-11-14,5,10.59091932695824,0,0,0.1152056754979524,44,1,11
2023-11-15,5,17.070270297153762,0,0,0.8126818426040882,43,2,11
2023-11-16,5,17.437079638160796,0,1,-0.7288433605498946,51,3,11
2023-11-17,5,5.715672719446417,0,0,-2.3722936138716237,48,4,11
2023-11-18,5,18.146817465010592,0,0,1.3556851280387183,46,5,11
2023-11-19,5,9.847595170328566,1,0,-0.5103368689617322,36,6,11
2023-11-20,5,6.153290079647404,0,0,1.4560708987026345,43,0,11
2023-11-21,5,6.559185748100073,0,0,-0.8053624655901276,41,1,11
2023-11-22,5,15.309370356822068,0,0,0.6293317353988337,37,2,11
2023-11-23,5,14.697614009207909,0,0,1.691805028410406,44,3,11
2023-11-24,5,16.957670086312852,0,0,-0.0623910307989656,44,4,11
2023-11-25,5,18.33751230627793,1,0,-0.1184542319402244,46,5,11
2023-11-26,5,18.84935871105856,0,0,2.3040546695712374,43,6,11
2023-11-27,5,8.46848441725141,0,0,-1.4479472905846942,51,0,11
2023-11-28,5,5.487528621396251,1,0,1.1461705995835736,53,1,11
2023-11-29,5,13.42317016914166,0,0,-0.8764933996459149,45,2,11
2023-11-30,5,18.415854407900877,0,0,1.887002407247529,31,3,11
2023-12-01,5,12.9288393864849,0,0,-0.6140157850737306,41,4,12
2023-12-02,5,15.072920175317115,0,0,1.327714941730854,38,5,12
2023-12-03,5,11.328855983569156,0,1,-1.269633134411478,44,6,12
2023-12-04,5,16.276320839394984,1,0,-0.6986287967708303,41,0,12
2023-12-05,5,16.17783170812546,1,0,0.9331817019165244,44,1,12
2023-12-06,5,11.729082757206232,0,0,-0.5273803128231211,37,2,12
2023-12-07,5,9.673992421000971,1,0,-1.6176259321549864,55,3,12
2023-12-08,5,5.735930912428978,0,0,0.8355735231878781,49,4,12
2023-12-09,5,11.773182583176563,0,0,0.6346711848056373,49,5,12
2023-12-10,5,18.44549809905081,0,0,-1.6856757953673749,42,6,12
2023-12-11,5,9.955303844184504,0,0,0.4692848461150118,46,0,12
2023-12-12,5,8.858886058227307,0,0,0.4323493136152191,43,1,12
2023-12-13,5,6.019827451532592,1,0,0.5201056314413326,52,2,12
2023-12-14,5,7.011554216933668,0,0,-0.1180614859755541,52,3,12
2023-12-15,5,18.21500856417861,0,0,-0.7202276679191845,45,4,12
2023-12-16,5,10.537401199120794,0,0,-1.547535226842594,46,5,12
2023-12-17,5,9.349171341368152,0,0,0.0863548527134255,50,6,12
2023-12-18,5,7.171457795938904,0,1,-0.1651778194683154,40,0,12
2023-12-19,5,5.660808484487735,0,0,0.0379182042964151,46,1,12
2023-12-20,5,8.99164602499553,0,1,2.315847555133709,42,2,12
2023-12-21,5,12.787278929212723,0,0,-1.1454432949334672,41,3,12
2023-12-22,5,15.01023050620418,0,0,-0.9183923399474722,50,4,12
2023-12-23,5,19.28494561482845,1,0,0.0627290578829818,48,5,12
2023-12-24,5,16.88906754883903,0,0,-1.0338694824499206,38,6,12
2023-12-25,5,15.76380806305965,0,0,0.3118229055506371,36,0,12
2023-12-26,5,10.34638875471363,0,0,-1.2220329728313046,40,1,12
2023-12-27,5,15.221653349118045,0,0,2.09197461318979,42,2,12
2023-12-28,5,17.45320650394487,0,0,0.0417556653465741,42,3,12
2023-12-29,5,8.859130826855324,0,0,-1.2793003201745834,51,4,12
2023-12-30,5,14.21177405193267,0,0,0.4180139264230276,48,5,12
2023-12-31,5,19.64737745040681,0,0,1.3226638235409451,31,6,12
2021-01-01,6,5.820765485908313,0,0,0.0308638847345618,42,4,1
2021-01-02,6,19.05015787945583,0,0,2.1424926009288887,40,5,1
2021-01-03,6,10.691008377622902,0,0,0.480015672573703,54,6,1
2021-01-04,6,12.249854189600825,0,0,2.897858443769272,34,0,1
2021-01-05,6,13.969896182764936,0,0,-1.040062411519693,45,1,1
2021-01-06,6,9.89842144707298,1,0,-0.4507397761345193,51,2,1
