sales_data.csv
date,product_id,price,promotion,holiday,weather_index,units_sold,day_of_week,month
2021-01-07,6,14.171098901849705,0,0,0.2163647094449531,44,3,1
2021-01-08,6,19.78343006513923,0,1,-0.8061902798202502,47,4,1
2021-01-09,6,19.65856317486479,0,1,0.622836178276687,51,5,1
2021-01-10,6,15.865013522200528,1,0,0.958620524306288,51,6,1
2021-01-11,6,19.04693130566058,0,0,1.3211428659414066,39,0,1
2021-01-12,6,18.85781887805404,0,0,0.2710491375892964,39,1,1
2021-01-13,6,5.190853521633112,0,0,0.0315228378100104,53,2,1
2021-01-14,6,19.51290511988239,0,0,1.2254044111120324,38,3,1
2021-01-15,6,19.095692009445607,0,0,-0.0095506392268781,40,4,1
2021-01-16,6,10.9671186633141,0,0,0.1151477263113337,42,5,1
2021-01-17,6,18.64287779055161,0,0,-1.836507023002777,36,6,1
2021-01-18,6,12.502092688623977,0,0,0.0402500128445577,47,0,1
2021-01-19,6,7.576217234818421,0,0,-0.7209031529514098,43,1,1
2021-01-20,6,8.367054869794357,0,0,1.4728445606822416,51,2,1
2021-01-21,6,16.347061531250162,0,0,1.0110521473762668,40,3,1
2021-01-22,6,19.85113847756472,0,0,1.5165041390596832,40,4,1
2021-01-23,6,16.048128923080853,0,0,-1.665188776167085,48,5,1
2021-01-24,6,15.22544606746354,0,0,0.3370157094103519,50,6,1
2021-01-25,6,11.039546053833565,0,0,-0.8083276465071038,44,0,1
2021-01-26,6,7.994805381621567,0,0,-0.3300956962801024,46,1,1
2021-01-27,6,12.633006124500945,0,0,0.2218682634985695,48,2,1
2021-01-28,6,11.495812641339755,0,0,0.3675425525336387,38,3,1
2021-01-29,6,8.427972580683633,1,0,-0.1211608633018891,46,4,1
2021-01-30,6,8.428126770167802,0,1,0.2038909192757508,59,5,1
2021-01-31,6,13.867864947760989,0,0,1.1384080945824162,38,6,1
2021-02-01,6,12.460823168221754,0,0,-0.8309107104685246,46,0,2
2021-02-02,6,10.080555354500458,0,0,0.2304075432819609,42,1,2
2021-02-03,6,18.315710312881613,0,0,0.4532927835268717,39,2,2
2021-02-04,6,10.36486130575857,0,0,0.1200662353620788,48,3,2
2021-02-05,6,5.503417122556886,0,0,-0.3882157471636434,47,4,2
2021-02-06,6,9.492759286934312,1,0,-0.5700789086388244,44,5,2
2021-02-07,6,19.34303436924634,0,0,1.0923177702687945,31,6,2
2021-02-08,6,15.41892719881834,1,0,0.6277078070827465,41,0,2
2021-02-09,6,17.416447895912746,0,0,-0.4527748765310609,37,1,2
2021-02-10,6,8.600009109736739,0,0,0.4922412731824798,49,2,2
2021-02-11,6,14.5042327406406,0,0,-0.3529256240972737,45,3,2
2021-02-12,6,18.884973602663287,0,0,1.9290110719098703,47,4,2
2021-02-13,6,14.244385616517048,0,0,2.1314127089701658,38,5,2
2021-02-14,6,18.829744094438706,0,0,0.6788630850015172,42,6,2
2021-02-15,6,8.364384940228213,0,0,1.6097614567751777,45,0,2
2021-02-16,6,6.081503132026421,1,0,0.605628597472027,48,1,2
2021-02-17,6,17.946946314962364,0,0,-0.9003372043782257,41,2,2
2021-02-18,6,7.6355310100536915,0,0,-0.8050688168418653,49,3,2
2021-02-19,6,12.000608379644335,1,0,-1.6396818374702409,45,4,2
2021-02-20,6,10.782965308287494,0,0,-0.73731654326408,50,5,2
2021-02-21,6,15.481617937826528,0,0,-0.9796587440394712,47,6,2
2021-02-22,6,19.220709086609094,0,0,-0.2527337358961688,31,0,2
2021-02-23,6,9.245712667578536,0,0,-0.0597349744052482,38,1,2
2021-02-24,6,12.329669963653956,0,0,-1.0166558379843411,50,2,2
2021-02-25,6,7.973924588149437,0,0,-0.5528562534508933,53,3,2
2021-02-26,6,5.1835838408025,0,0,0.1759252758688837,47,4,2
2021-02-27,6,6.265317958636068,0,0,0.782548581905333,50,5,2
2021-02-28,6,18.97234232152104,0,0,-0.51178476252399,38,6,2
2021-03-01,6,8.694464165172132,0,0,-0.5691702576284159,40,0,3
2021-03-02,6,7.467416382504347,0,0,0.2701442298024459,47,1,3
2021-03-03,6,16.036139924745527,0,0,2.28592323219739,44,2,3
2021-03-04,6,15.97638483658384,0,0,0.6696579873675101,36,3,3
2021-03-05,6,17.654572851710537,1,0,0.2959641226474066,45,4,3
2021-03-06,6,18.158780023644635,0,0,-0.0254427112148659,39,5,3
2021-03-07,6,5.341495717896997,0,0,-0.0870981004430777,50,6,3
2021-03-08,6,15.494325330718372,0,0,-1.7546892989166332,42,0,3
2021-03-09,6,14.693106890275075,0,0,0.2078835108499975,33,1,3
2021-03-10,6,13.943595554842982,1,0,2.197859196343581,41,2,3
2021-03-11,6,15.735933494384197,0,0,-0.4050396575337236,35,3,3
2021-03-12,6,11.250396202922198,0,0,0.5732258489826958,49,4,3
2021-03-13,6,8.997612503926732,0,0,0.0619547518526303,50,5,3
2021-03-14,6,15.328341600971696,0,0,0.0076589276009262,46,6,3
2021-03-15,6,15.832460311370555,0,1,0.7469160044198163,39,0,3
2021-03-16,6,10.640865142699257,0,0,-1.6091051449184504,45,1,3
2021-03-17,6,18.685013913895848,0,0,0.3045127640701288,50,2,3
2021-03-18,6,8.713795347558507,0,0,1.1947549433007298,49,3,3
2021-03-19,6,6.844245987318548,0,0,-0.0188718796117107,44,4,3
2021-03-20,6,6.685029227508052,0,0,-0.1763271286683487,50,5,3
2021-03-21,6,8.167778537280812,0,0,0.8676316387740761,51,6,3
2021-03-22,6,19.10350119616228,1,0,-3.1339158020308635,38,0,3
2021-03-23,6,5.345203368159759,1,0,1.220431458108611,56,1,3
2021-03-24,6,18.76828660625001,0,0,1.164166702076976,42,2,3
2021-03-25,6,6.880770727886134,0,0,0.2092809361181095,50,3,3
2021-03-26,6,6.748647762823822,0,0,0.0521085478701114,45,4,3
2021-03-27,6,5.042974293221195,0,0,0.6682262202458908,48,5,3
2021-03-28,6,8.35980742260528,1,0,-1.361713411361326,46,6,3
2021-03-29,6,19.14816572329749,1,1,0.1769347974005913,53,0,3
2021-03-30,6,6.74043687675507,0,0,0.4316948119749603,45,1,3
2021-03-31,6,13.320096668553472,0,0,0.0639246948407679,37,2,3
2021-04-01,6,5.259764993277106,0,0,0.1854131326275637,48,3,4
2021-04-02,6,8.646640888676407,0,0,-1.8381589520003152,49,4,4
2021-04-03,6,17.211165214118903,0,0,-0.4742167790655243,44,5,4
2021-04-04,6,14.275646628351613,0,0,1.6366476112799249,39,6,4
2021-04-05,6,10.03349220417754,1,0,1.103692400366125,52,0,4
2021-04-06,6,13.546530664474636,0,0,0.5351540074897373,46,1,4
2021-04-07,6,12.54485196974024,0,0,-0.3321878844967219,40,2,4
2021-04-08,6,17.88212428780466,0,0,0.008922559181592,43,3,4
2021-04-09,6,13.64508354372689,0,0,-0.1235521702096202,47,4,4
2021-04-10,6,9.945232415505783,0,0,-0.3662081703909085,43,5,4
2021-04-11,6,12.293811413833552,0,0,1.231575830268847,52,6,4
2021-04-12,6,15.22479955903244,0,0,-0.1439197372547778,43,0,4
2021-04-13,6,7.386783781513975,0,0,-0.2900305809841847,46,1,4
2021-04-14,6,16.582818031590733,0,0,-0.2398565454533865,34,2,4
2021-04-15,6,11.587352854847744,1,0,1.004359507365956,50,3,4
2021-04-16,6,17.022873535543553,0,0,-1.1438781600021617,28,4,4
2021-04-17,6,13.468955306118623,0,0,0.3989437748432621,42,5,4
2021-04-18,6,18.23910178711911,0,0,-0.8484470207959955,43,6,4
2021-04-19,6,18.92897541231501,0,0,-0.0599609315531194,40,0,4
2021-04-20,6,18.851668929564088,1,0,-0.6952075172417417,51,1,4
2021-04-21,6,10.070324468901934,0,1,1.3967152248489931,53,2,4
2021-04-22,6,19.31777037540753,0,0,-0.5041436067940636,34,3,4
2021-04-23,6,16.15187151963307,0,0,-0.2129743834861785,41,4,4
2021-04-24,6,12.107978367588249,0,0,-1.0002738517089973,39,5,4
2021-04-25,6,18.837604108230504,0,1,0.3378018960871181,51,6,4
2021-04-26,6,18.766501967008203,0,0,-0.3409470653580592,43,0,4
2021-04-27,6,17.31469750783151,0,0,-0.6863868999313507,33,1,4
2021-04-28,6,7.575507904796805,1,0,-1.254865975265175,47,2,4
2021-04-29,6,14.28860854327334,0,0,-0.2844040059158289,30,3,4
2021-04-30,6,14.76282990686894,0,0,-2.015650262857226,35,4,4
2021-05-01,6,8.779054863385179,1,0,-0.921277717081572,48,5,5
2021-05-02,6,14.351168977959434,0,0,-1.8585527741467835,38,6,5
2021-05-03,6,9.552766743221472,0,0,0.3754165405142906,51,0,5
2021-05-04,6,8.851983933016296,0,0,-0.3887960069293654,39,1,5
2021-05-05,6,10.39532907293532,0,0,-0.0572503033903435,40,2,5
2021-05-06,6,8.986162231990793,0,0,1.4218848286970964,40,3,5
2021-05-07,6,19.473155416848662,0,0,-0.847806744780353,41,4,5
2021-05-08,6,5.338994870909274,1,0,1.0665268334121658,52,5,5
2021-05-09,6,19.686361634859672,1,0,0.1375417575344837,42,6,5
2021-05-10,6,8.327605151555325,0,0,-0.7384581353283866,43,0,5
2021-05-11,6,5.715145632974666,0,0,-0.192132009276755,43,1,5
2021-05-12,6,12.48827546803608,0,0,0.6454893516213785,48,2,5
2021-05-13,6,16.652407494650983,0,0,-0.5548782488500403,40,3,5
2021-05-14,6,19.51435508401053,1,0,-0.5391079140292596,46,4,5
2021-05-15,6,17.13686452190386,0,0,-0.2713682810803439,44,5,5
2021-05-16,6,17.648722757067887,0,0,0.5483118131027865,42,6,5
2021-05-17,6,13.9747538480246,0,0,-0.6151740373665223,32,0,5
2021-05-18,6,7.108785267385448,0,1,-0.1365639772829393,54,1,5
2021-05-19,6,5.182646961741622,0,0,-2.779318502032764,47,2,5
2021-05-20,6,5.243488612397882,0,0,-0.8351195656731726,42,3,5
2021-05-21,6,13.286773198801477,1,0,0.4961906493179188,53,4,5
2021-05-22,6,18.648779289970182,0,0,-0.5797798674550395,32,5,5
2021-05-23,6,7.327016336427694,1,0,0.4843329040238542,52,6,5
2021-05-24,6,9.650813191104806,0,0,0.5642084949135632,53,0,5
2021-05-25,6,18.45001017151102,0,0,0.5082103881853259,41,1,5
2021-05-26,6,19.49434645799378,1,1,1.756425208949144,45,2,5
2021-05-27,6,19.20320458285644,1,0,0.6007725809857611,43,3,5
2021-05-28,6,9.877199447284088,1,0,-1.1310775255145185,46,4,5
2021-05-29,6,8.665359258294945,0,0,-0.2827860424139785,42,5,5
2021-05-30,6,12.195194071736609,0,0,-0.1582438094859906,44,6,5
2021-05-31,6,19.84793264774884,0,0,-1.3639360078507268,38,0,5
2021-06-01,6,14.393167202742736,0,0,0.4411076508201614,37,1,6
2021-06-02,6,8.100271447649519,0,0,-1.399860918905363,49,2,6
2021-06-03,6,5.174072566344453,0,0,0.2590793445988891,52,3,6
2021-06-04,6,9.973523673778727,0,0,-1.0684603043413126,41,4,6
2021-06-05,6,7.241541287714249,0,0,0.5429085943039669,49,5,6
2021-06-06,6,11.703209047719914,1,0,1.433125816877644,55,6,6
2021-06-07,6,18.74429812869785,0,0,-1.2327449943576918,47,0,6
2021-06-08,6,9.373085516693711,0,0,-1.3011779035900035,45,1,6
2021-06-09,6,7.879263525759945,0,0,0.2500056695142732,44,2,6
2021-06-10,6,8.013309654347001,0,0,0.9728737876247782,42,3,6
2021-06-11,6,15.832632245934043,0,0,-0.2467053563449222,49,4,6
2021-06-12,6,5.2136816807634085,0,0,-0.0557658857424773,57,5,6
2021-06-13,6,12.446326695937833,0,0,-1.7608105897786612,43,6,6
2021-06-14,6,6.598370347476372,0,0,0.330677578469552,51,0,6
2021-06-15,6,8.045605113144061,0,0,-0.1769337016956808,41,1,6
2021-06-16,6,17.48703246203624,0,0,-0.8610499234918524,41,2,6
2021-06-17,6,19.81404985332337,0,0,0.6757189001554563,38,3,6
2021-06-18,6,11.781392662565723,0,0,0.0423737725789222,42,4,6
2021-06-19,6,12.43673907357434,1,0,-1.4217496307987074,44,5,6
2021-06-20,6,10.299190176910551,0,0,-0.2568474993454823,37,6,6
2021-06-21,6,10.596340619860012,0,0,-0.6383452534769054,35,0,6
2021-06-22,6,6.297152849549821,1,0,-0.9331283399302894,53,1,6
2021-06-23,6,11.581555542553524,1,0,-1.024504806208259,39,2,6
2021-06-24,6,19.63180161013911,0,0,1.7985508283765188,45,3,6
2021-06-25,6,10.57683869528333,0,0,-1.307833226001483,50,4,6
2021-06-26,6,10.568576098687934,1,0,-0.2282083329544971,42,5,6
2021-06-27,6,7.810750792570863,0,0,0.5566744839678096,51,6,6
2021-06-28,6,6.414029104073027,0,0,0.6055375941560586,49,0,6
2021-06-29,6,5.760336744197658,0,0,-2.603166469991089,40,1,6
2021-06-30,6,10.117787599047574,0,0,-0.5653237037544585,39,2,6
2021-07-01,6,8.337055388634056,0,0,-0.0547334526962569,43,3,7
2021-07-02,6,17.17257109620912,0,0,1.2164019521828884,40,4,7
2021-07-03,6,12.82210752367833,0,0,0.9120371369201424,38,5,7
2021-07-04,6,19.721879314641903,0,0,-0.5645136815138596,37,6,7
2021-07-05,6,19.22045229637424,0,0,1.759645641139066,43,0,7
2021-07-06,6,6.60422377096225,0,0,-0.9435085904943892,46,1,7
2021-07-07,6,15.280487151172109,0,0,0.5584315343047657,43,2,7
2021-07-08,6,11.726855909799012,0,0,0.2120014694418037,43,3,7
2021-07-09,6,11.196219941410362,0,1,1.542493122630644,46,4,7
2021-07-10,6,9.813904880691297,0,0,0.930593975885074,50,5,7
2021-07-11,6,8.493271601905729,0,0,-0.4868089382257791,56,6,7
2021-07-12,6,10.398548130404844,1,0,-0.6191636441207278,49,0,7
2021-07-13,6,13.266046143819374,0,0,0.2522803537801201,45,1,7
2021-07-14,6,7.538064095253385,0,0,1.4324128049542346,43,2,7
2021-07-15,6,17.622035337671836,1,0,-0.2311589097528304,40,3,7
2021-07-16,6,5.452124591064317,0,0,-0.1309671848991535,45,4,7
2021-07-17,6,7.192980343670011,0,0,-0.4972807650297548,43,5,7
2021-07-18,6,19.11217041559885,0,0,-1.328219427312513,43,6,7
2021-07-19,6,7.966032786024462,0,0,-0.3169728365159539,52,0,7
2021-07-20,6,5.44376897266684,0,0,1.838226553813516,49,1,7
2021-07-21,6,6.776599933080437,0,0,-2.14342137329135,46,2,7
2021-07-22,6,6.379931007260451,0,0,0.6024015691360928,47,3,7
2021-07-23,6,19.1857635324563,0,0,0.9877602589607736,43,4,7
2021-07-24,6,13.022904692024644,0,0,-0.4400101085821319,52,5,7
2021-07-25,6,7.460495050806917,1,0,-0.2719739279284301,52,6,7
2021-07-26,6,5.335577108162816,1,0,-1.0106960677688883,53,0,7
2021-07-27,6,8.85954061854591,0,0,0.3761096607853197,44,1,7
2021-07-28,6,10.343561172933848,0,0,1.4147914516548996,45,2,7
2021-07-29,6,5.061196047512445,0,0,0.5447809225197489,40,3,7
2021-07-30,6,14.437977000632188,1,0,0.5237207123693268,45,4,7
2021-07-31,6,13.859356008242443,0,0,-0.5957976979958433,44,5,7
2021-08-01,6,12.597837674291249,1,0,-2.203685520263194,52,6,8
2021-08-02,6,5.188168138351989,0,0,-0.2313272100528879,44,0,8
2021-08-03,6,17.74348416205397,1,0,1.3585924796643691,41,1,8
2021-08-04,6,15.730997346734808,0,0,-0.5886064672412149,43,2,8
2021-08-05,6,6.231838113257194,0,0,1.5662897894523424,49,3,8
2021-08-06,6,19.01408245784902,0,0,0.2722158514025818,43,4,8
2021-08-07,6,17.443917549650322,1,0,-1.5672630533420306,51,5,8
2021-08-08,6,14.370846555976724,0,0,0.1371045718988681,41,6,8
2021-08-09,6,15.54020998248104,0,0,0.6368860502627801,42,0,8
2021-08-10,6,19.109564235989048,0,0,-0.7296713754753136,41,1,8
2021-08-11,6,19.11958808876956,1,0,1.047282327444747,44,2,8
2021-08-12,6,9.216740558588324,0,0,-0.1244248727005493,47,3,8
2021-08-13,6,14.17719760733838,0,0,-1.2043930619780632,52,4,8
2021-08-14,6,9.849906972208858,0,1,1.3726314500642285,47,5,8
2021-08-15,6,9.82766381858194,0,0,0.4235240236768711,50,6,8
2021-08-16,6,16.23066001302881,0,0,-1.359799839225177,47,0,8
2021-08-17,6,13.097086388873183,0,0,-1.3605712820711402,35,1,8
2021-08-18,6,7.161419435472825,1,0,-0.4172615005619954,56,2,8
2021-08-19,6,14.875712677564811,0,0,0.3790904588402573,42,3,8
2021-08-20,6,11.559980072947887,0,0,0.538937734349461,50,4,8
2021-08-21,6,6.9192234246906015,0,0,-0.2152587576536459,48,5,8
2021-08-22,6,11.183479870772649,0,0,-1.2912724312016228,43,6,8
2021-08-23,6,15.878808574112217,0,0,0.269112559868723,43,0,8
2021-08-24,6,12.88131079165824,1,0,-0.9218739453038414,47,1,8
2021-08-25,6,14.087059833499206,0,0,-0.3968318824148215,44,2,8
2021-08-26,6,8.60192203302799,0,0,-0.4658067334077326,44,3,8
2021-08-27,6,7.514371155209588,0,0,-2.009557004037076,45,4,8
2021-08-28,6,7.6991442028552,0,0,-1.730049839787512,34,5,8
2021-08-29,6,5.639666316051156,0,0,-1.039346840830738,49,6,8
2021-08-30,6,6.725688394184585,0,1,1.8075248629072949,41,0,8
2021-08-31,6,19.429528137414465,0,0,0.9642422666175048,41,1,8
2021-09-01,6,6.920386912266736,0,0,0.479919981861133,50,2,9
2021-09-02,6,11.936368829209464,0,0,1.5176215273409794,44,3,9
2021-09-03,6,16.37564760669152,1,0,-0.056717815094089,44,4,9
2021-09-04,6,8.620132386503855,0,1,-3.214865652011981,53,5,9
2021-09-05,6,14.748713088073895,0,0,-0.354872833420496,41,6,9
2021-09-06,6,17.099351691114357,0,0,-1.3583697763970204,41,0,9
2021-09-07,6,19.26783207381588,1,0,0.7899104002137795,40,1,9
2021-09-08,6,16.1147439348277,0,0,-0.2457503360728143,41,2,9
2021-09-09,6,8.0396208073684,0,0,-0.0337029537801102,48,3,9
2021-09-10,6,18.55184906817743,0,1,-0.4350876285801325,50,4,9
2021-09-11,6,11.131247924731014,0,0,0.0177482907019839,60,5,9
2021-09-12,6,18.056558160689946,0,0,1.28219456724151,41,6,9
2021-09-13,6,15.230526038232137,0,0,0.7217169562408658,52,0,9
2021-09-14,6,7.4816653910024735,1,0,0.1241528494341262,47,1,9
2021-09-15,6,15.833033546092706,0,0,0.8520376313816705,45,2,9
2021-09-16,6,19.952453948342917,0,0,1.5562226775523915,32,3,9
2021-09-17,6,6.246774150168421,0,0,-0.9550743177787404,55,4,9
2021-09-18,6,7.60349791276522,0,0,0.0573889050081978,38,5,9
2021-09-19,6,15.983766555724817,0,0,-1.6545996221469843,45,6,9
2021-09-20,6,14.902090105239363,0,0,1.1019384075282377,49,0,9
2021-09-21,6,7.973238984175452,1,0,-1.1206479427913016,41,1,9
2021-09-22,6,14.204636112172754,1,0,-1.2406021614447946,52,2,9
2021-09-23,6,16.665627845439737,0,0,-0.1313655277934747,46,3,9
2021-09-24,6,5.311401059239113,0,0,0.5368645360666189,42,4,9
2021-09-25,6,6.933117141597398,0,0,0.2311380243472825,43,5,9
2021-09-26,6,11.128371888447385,0,0,0.2685900216953542,48,6,9
2021-09-27,6,5.912781439364663,1,0,0.3789360143334274,45,0,9
2021-09-28,6,12.496453371323256,1,0,-1.5351651516539218,39,1,9
2021-09-29,6,15.96967855221608,0,0,-1.7982866181372303,36,2,9
2021-09-30,6,10.10147018892817,0,0,0.1161229434161017,48,3,9
2021-10-01,6,6.424287754629505,0,0,-0.0581445201413953,55,4,10
2021-10-02,6,16.912426428335273,0,0,-1.454624934724533,36,5,10
2021-10-03,6,6.163933585732394,0,0,0.405620319347088,51,6,10
2021-10-04,6,6.125244965944608,0,0,0.2303442955277072,45,0,10
2021-10-05,6,13.03370209640484,1,0,0.1153194801742761,44,1,10
2021-10-06,6,5.341816833895267,0,0,-0.9559574671297124,46,2,10
2021-10-07,6,11.71671970790534,1,0,-1.2833269894348094,40,3,10
2021-10-08,6,12.192096095446905,0,0,-0.412589737728853,45,4,10
2021-10-09,6,14.712669789337095,0,0,0.8624269799642552,44,5,10
2021-10-10,6,10.14673297118157,0,0,-0.1007539784751547,43,6,10
2021-10-11,6,17.678806082312747,0,0,-1.1735185482855726,39,0,10
2021-10-12,6,6.16850201342441,0,0,0.6445428032555214,48,1,10
2021-10-13,6,16.78646761276542,0,1,1.2573910859466413,47,2,10
2021-10-14,6,8.856233624211566,0,0,0.7646526194740146,47,3,10
2021-10-15,6,12.537213099500487,0,0,1.6583252473595742,33,4,10
2021-10-16,6,13.582340563667678,0,0,0.8897706626625995,43,5,10
2021-10-17,6,17.634178195176325,0,0,0.5283950036305977,44,6,10
2021-10-18,6,14.965097837234302,0,0,-2.328608390239034,38,0,10
2021-10-19,6,13.274626717852115,0,0,-0.8433590280600258,44,1,10
2021-10-20,6,10.838598624179136,0,0,-0.0594013549216604,41,2,10
2021-10-21,6,8.557655179972063,0,0,-0.390283810780029,46,3,10
2021-10-22,6,8.664337058996553,0,0,1.2209806512130483,45,4,10
2021-10-23,6,9.73865093289174,0,0,-0.8437564077603598,55,5,10
