sales_data.csv
date,product_id,price,promotion,holiday,weather_index,units_sold,day_of_week,month
2021-10-24,6,13.20437467272553,0,0,0.8153604398002008,41,6,10
2021-10-25,6,13.125570128625569,0,0,0.4438707930921816,39,0,10
2021-10-26,6,8.492484184577664,0,0,-0.5700886230455045,42,1,10
2021-10-27,6,9.135649308188633,0,0,-0.2608578451492069,42,2,10
2021-10-28,6,14.321847432881643,1,0,-1.6657508174911098,52,3,10
2021-10-29,6,7.917675794561989,1,0,-1.613911343373483,48,4,10
2021-10-30,6,13.270010343731276,0,0,-0.056417671567452,37,5,10
2021-10-31,6,15.610561379389113,0,0,0.5014826176391359,41,6,10
2021-11-01,6,6.060569085482362,1,0,0.633225804421553,49,0,11
2021-11-02,6,15.832355587997627,0,0,0.7384059144877,33,1,11
2021-11-03,6,5.3612690528059845,0,0,0.3457185877626068,42,2,11
2021-11-04,6,6.677153305001196,0,0,0.3039560218957992,47,3,11
2021-11-05,6,7.535342775586617,0,0,-0.2694573612749211,48,4,11
2021-11-06,6,19.308062287606656,1,0,-0.8906520653735854,48,5,11
2021-11-07,6,11.375967514322214,0,0,-0.0101009381942154,36,6,11
2021-11-08,6,6.136599289442995,0,0,0.4694273614227717,41,0,11
2021-11-09,6,15.583600830212632,0,0,-0.965236925589269,35,1,11
2021-11-10,6,16.87416034513166,0,0,0.1091551942810522,46,2,11
2021-11-11,6,15.272602316620096,0,0,0.7785911878837487,49,3,11
2021-11-12,6,7.075040685022401,0,0,-1.5378810292586196,54,4,11
2021-11-13,6,17.009554212340035,0,0,-1.8254937824609443,43,5,11
2021-11-14,6,10.795905339501155,0,0,0.9945133140116976,39,6,11
2021-11-15,6,14.008545280781789,0,0,-0.3895646806274126,44,0,11
2021-11-16,6,6.021357110573743,0,0,-0.913581915488932,46,1,11
2021-11-17,6,16.69554798942349,1,0,0.4153250781995542,42,2,11
2021-11-18,6,15.518453929249011,0,0,-0.6124913135477443,47,3,11
2021-11-19,6,6.060332021777585,0,1,1.2190755385525682,57,4,11
2021-11-20,6,11.710229699628112,0,0,-0.6909006821681687,40,5,11
2021-11-21,6,16.483886980110245,0,0,-1.3600968885526972,41,6,11
2021-11-22,6,10.439664872248002,0,1,-1.889162386026969,43,0,11
2021-11-23,6,9.67314796149612,0,0,-0.5419892446280511,43,1,11
2021-11-24,6,10.870192999043264,0,0,0.1868815104914117,39,2,11
2021-11-25,6,9.861616139886136,0,0,-0.4413481517342855,47,3,11
2021-11-26,6,19.444823301301675,0,0,-0.8583515261273139,40,4,11
2021-11-27,6,8.868778477522078,0,0,-0.5601901023996919,33,5,11
2021-11-28,6,13.489305958087408,0,0,1.885332814747764,47,6,11
2021-11-29,6,13.299461935520691,0,0,-1.6799702595567412,50,0,11
2021-11-30,6,18.01616717606336,0,0,-0.8600455803675815,38,1,11
2021-12-01,6,14.181532048943218,0,0,0.8905939620244022,41,2,12
2021-12-02,6,10.442178209765704,0,0,-0.1847019937295291,44,3,12
2021-12-03,6,14.466929068462992,1,0,0.1923987484138043,44,4,12
2021-12-04,6,6.390403924084025,1,0,1.6527185810788072,52,5,12
2021-12-05,6,12.143785025290612,0,0,-0.889891147499057,41,6,12
2021-12-06,6,14.31872353006255,0,0,0.4333514702917995,37,0,12
2021-12-07,6,9.646260298548018,0,0,-0.9486964355880294,50,1,12
2021-12-08,6,13.06859459787059,0,0,0.1486921652090177,47,2,12
2021-12-09,6,7.801215578052512,0,0,0.194572705361862,46,3,12
2021-12-10,6,9.416247696603318,0,0,-0.8832623101227286,38,4,12
2021-12-11,6,7.341125130849319,1,0,-0.1865492662937748,45,5,12
2021-12-12,6,8.252388766692485,0,0,1.380484522106705,48,6,12
2021-12-13,6,10.233376572393713,1,0,1.360905990828449,47,0,12
2021-12-14,6,18.66577440519441,0,1,0.8147712800949012,53,1,12
2021-12-15,6,18.2868484060584,0,0,0.2239077556931444,42,2,12
2021-12-16,6,11.0461197875144,1,0,-0.201096413856998,37,3,12
2021-12-17,6,16.558069166279893,0,0,-0.1391672011514202,38,4,12
2021-12-18,6,15.983622030257656,0,0,-1.1139249496095107,44,5,12
2021-12-19,6,8.417421574849184,1,0,-0.1776962398543558,45,6,12
2021-12-20,6,10.436733331495343,0,0,1.5609264898700024,44,0,12
2021-12-21,6,10.768716558637207,1,0,-0.5690057023622378,44,1,12
2021-12-22,6,5.398051350222708,1,0,-1.9016227820330247,51,2,12
2021-12-23,6,9.13951969128442,0,0,-0.5209128762941526,50,3,12
2021-12-24,6,18.55778954846365,0,0,0.3206210416127953,41,4,12
2021-12-25,6,14.950609135794496,1,0,0.5932136178885734,46,5,12
2021-12-26,6,15.619276541102344,0,0,0.971383708496358,41,6,12
2021-12-27,6,10.801475052882244,0,1,-1.1222414367676727,46,0,12
2021-12-28,6,9.78848374416027,0,0,1.10204385642902,47,1,12
2021-12-29,6,16.521386621429173,1,0,-0.9277597550874508,42,2,12
2021-12-30,6,8.554906473646895,0,0,-0.5158750930362219,45,3,12
2021-12-31,6,9.309731781357712,1,0,0.0884047987104058,44,4,12
2022-01-01,6,12.877125626082131,1,1,0.393931557964006,49,5,1
2022-01-02,6,11.612081492651235,0,0,0.4372477770616604,49,6,1
2022-01-03,6,16.842481600250967,0,0,-1.817061002116277,40,0,1
2022-01-04,6,9.424569406768848,0,0,-0.6349812089190454,48,1,1
2022-01-05,6,6.156450592358378,0,0,-0.6478756506083891,50,2,1
2022-01-06,6,12.723428938674513,0,0,2.163216666845592,48,3,1
2022-01-07,6,17.94323267258155,0,0,-0.7281720309082892,43,4,1
2022-01-08,6,12.469901979062724,0,0,-0.9056668821663336,40,5,1
2022-01-09,6,19.598913932486067,1,0,1.1266942328012493,43,6,1
2022-01-10,6,15.798221846061711,0,0,1.321701337771112,44,0,1
2022-01-11,6,15.411863260135508,0,0,-0.9223442542548184,40,1,1
2022-01-12,6,11.24489856689438,0,0,-0.1823642382116818,50,2,1
2022-01-13,6,6.450579814375667,0,0,0.206736678039236,45,3,1
2022-01-14,6,17.527031713605567,1,0,1.2572758691048735,48,4,1
2022-01-15,6,7.377741832862078,0,0,-0.1634321121615734,43,5,1
2022-01-16,6,17.35454049215761,0,0,0.4196568908910248,46,6,1
2022-01-17,6,10.42145971031572,0,0,-0.1852596048751389,40,0,1
2022-01-18,6,17.970925409535027,1,0,0.9585393635065944,42,1,1
2022-01-19,6,6.772052667867855,1,0,-0.5696244401032637,48,2,1
2022-01-20,6,17.847835054491608,1,0,-0.0438003972480378,38,3,1
2022-01-21,6,18.3440521820759,0,0,1.1543264881715398,35,4,1
2022-01-22,6,8.10219296289399,0,0,0.1127885894830967,39,5,1
2022-01-23,6,17.235166242211143,0,0,0.8744377210189207,35,6,1
2022-01-24,6,17.293328679860764,0,0,-0.6086003026557185,35,0,1
2022-01-25,6,12.454013080062214,1,0,1.4340623444075635,49,1,1
2022-01-26,6,12.58873218105467,1,1,2.2354037102593947,44,2,1
2022-01-27,6,10.060751639603794,0,0,-0.6751033889852792,47,3,1
2022-01-28,6,16.009443801524217,0,0,-0.0085943569792725,45,4,1
2022-01-29,6,17.75330732423499,0,0,-0.2498661939909527,47,5,1
2022-01-30,6,14.878310759334894,1,0,-0.1208105220306074,47,6,1
2022-01-31,6,18.85111741783158,0,0,0.4557270625673239,42,0,1
2022-02-01,6,7.593879827403699,0,0,-0.4185284409297251,56,1,2
2022-02-02,6,7.447776993469288,0,0,0.5624895434082499,44,2,2
2022-02-03,6,13.776357617937164,0,0,-1.4480058138163112,56,3,2
2022-02-04,6,17.85844937898576,0,0,-0.4064056824925672,51,4,2
2022-02-05,6,15.153200156359716,0,0,0.5222531465769271,46,5,2
2022-02-06,6,10.624418995049895,0,0,1.0866506814530617,53,6,2
2022-02-07,6,12.20997268424598,0,0,0.1004567445291745,39,0,2
2022-02-08,6,14.473547587060065,0,0,-0.53884504629073,40,1,2
2022-02-09,6,15.64877042544697,0,0,-0.9847848958222984,48,2,2
2022-02-10,6,13.233751909868596,0,0,-0.2781453582603648,47,3,2
2022-02-11,6,14.66428617749684,0,1,0.2962137931890377,50,4,2
2022-02-12,6,14.66801317738086,0,0,0.0972992471485837,40,5,2
2022-02-13,6,9.76666002708027,0,0,-1.29782293411717,51,6,2
2022-02-14,6,15.75458048791482,0,0,-0.5108098343213854,48,0,2
2022-02-15,6,18.66080073383283,0,0,-0.7482982314116412,40,1,2
2022-02-16,6,7.898762051338551,0,0,0.1301109986784857,42,2,2
2022-02-17,6,16.91571473194452,0,0,-0.6472401617286457,35,3,2
2022-02-18,6,13.3174014659544,1,0,-0.5097267567895328,46,4,2
2022-02-19,6,17.433176418121477,0,0,-1.8606965665162376,39,5,2
2022-02-20,6,7.390312724164682,1,0,-0.6329716632109627,57,6,2
2022-02-21,6,11.773342364278248,1,0,1.109989274933415,46,0,2
2022-02-22,6,8.03114009391812,0,0,-1.1146469127589709,48,1,2
2022-02-23,6,16.489809189026644,1,0,-1.0270677534808148,38,2,2
2022-02-24,6,11.49281168350256,0,0,0.8533856067959597,46,3,2
2022-02-25,6,18.31442261167538,0,0,0.7047152499615005,41,4,2
2022-02-26,6,16.23341961236298,0,0,-0.8838352633482489,46,5,2
2022-02-27,6,12.56947457631364,0,0,0.9808644497250114,35,6,2
2022-02-28,6,11.55524310595876,0,0,0.2038820371237187,47,0,2
2022-03-01,6,12.107757089989756,0,0,1.480876245117825,48,1,3
2022-03-02,6,18.658198280025367,0,0,0.9391766100673036,47,2,3
2022-03-03,6,10.753234301436578,0,0,-0.7520837554767841,38,3,3
2022-03-04,6,15.357783027276485,0,0,-0.3051090879390175,53,4,3
2022-03-05,6,8.518637413741438,0,0,1.5417270838008836,47,5,3
2022-03-06,6,16.371171489304167,0,0,-0.1376416258403358,47,6,3
2022-03-07,6,13.918564175494533,0,0,1.0579649802587834,42,0,3
2022-03-08,6,13.01627833617978,0,0,-1.5468782998627335,37,1,3
2022-03-09,6,12.571713621383012,0,0,0.3791027333703907,40,2,3
2022-03-10,6,17.697600643017772,0,0,0.6942165626598343,37,3,3
2022-03-11,6,13.489065720195608,0,0,-0.2939817899898639,36,4,3
2022-03-12,6,8.075126592053513,0,0,-0.0683125929060022,59,5,3
2022-03-13,6,7.688520505365869,0,0,0.5090194536606726,34,6,3
2022-03-14,6,16.946376835109,0,0,0.8634201658050971,39,0,3
2022-03-15,6,12.196387689498284,0,0,0.1004507782893672,36,1,3
2022-03-16,6,17.951571219965896,0,0,2.085973955827592,42,2,3
2022-03-17,6,11.71482421420686,0,0,-2.318215582105781,39,3,3
2022-03-18,6,8.883356397021481,0,0,-1.4712991885144888,54,4,3
2022-03-19,6,8.405879821487598,1,0,-0.5692911691833338,49,5,3
2022-03-20,6,15.41840558432014,0,0,-0.3161052756169316,39,6,3
2022-03-21,6,7.578609140620968,1,0,-0.2339151513927585,49,0,3
2022-03-22,6,6.311235576455276,0,0,-0.8941900481905453,47,1,3
2022-03-23,6,19.240630803874215,0,0,-0.632976602177359,37,2,3
2022-03-24,6,19.42524135351531,0,0,-0.7851180439755785,34,3,3
2022-03-25,6,7.575878332875063,0,0,-1.1968907175771932,47,4,3
2022-03-26,6,9.825089472883343,0,0,0.4830630254418006,55,5,3
2022-03-27,6,17.00277260007193,0,0,-1.949529847251629,42,6,3
2022-03-28,6,10.360248978540325,0,0,1.6438600296792414,42,0,3
2022-03-29,6,14.810082387475138,0,1,0.2659965437966832,55,1,3
2022-03-30,6,15.803735747137772,0,0,1.1615168257710542,46,2,3
2022-03-31,6,15.576446273973431,0,0,-3.3897615354742525,42,3,3
2022-04-01,6,14.102620742965938,0,0,1.0022185820997984,44,4,4
2022-04-02,6,5.461184413065534,0,0,-0.7376803851417072,51,5,4
2022-04-03,6,8.36617799050685,0,0,0.9862534686694164,49,6,4
2022-04-04,6,19.948410873702358,0,0,-0.1247130035111821,45,0,4
2022-04-05,6,11.464489385112865,0,0,0.8640866373191972,44,1,4
2022-04-06,6,11.301794699567305,0,0,-1.8951075937141677,29,2,4
2022-04-07,6,19.86069250525045,0,0,0.3495628616760809,37,3,4
2022-04-08,6,7.13039983440498,0,0,1.9260929993011744,53,4,4
2022-04-09,6,9.652078875696596,0,0,-1.548476998844673,41,5,4
2022-04-10,6,14.58407398915758,0,0,-2.3334469150138712,51,6,4
2022-04-11,6,16.576867325549443,0,0,1.499141684802877,46,0,4
2022-04-12,6,17.520917367724188,0,0,-1.2779588243754127,47,1,4
2022-04-13,6,12.884761373612298,0,0,1.8633094562563564,41,2,4
2022-04-14,6,10.866074810304497,0,0,-0.6200697318031159,48,3,4
2022-04-15,6,18.808635003602184,1,0,-1.1699296584988388,46,4,4
2022-04-16,6,5.63187533545484,0,0,-1.5759905353888048,38,5,4
2022-04-17,6,7.138003549910573,1,0,1.7571588124555255,52,6,4
2022-04-18,6,13.896383949269582,0,0,0.0140607802288205,40,0,4
2022-04-19,6,17.586782280944625,0,0,-0.1723054256058176,33,1,4
2022-04-20,6,7.2219283841236095,0,0,0.0950717901815616,53,2,4
2022-04-21,6,14.053457199787118,0,0,1.874367181148397,38,3,4
2022-04-22,6,6.493607314865811,1,0,-0.0253708474670841,58,4,4
2022-04-23,6,7.295645073082679,0,0,-0.2861370366833862,47,5,4
2022-04-24,6,10.17374653034225,1,0,0.2177086023855691,45,6,4
2022-04-25,6,9.403573545737515,0,0,0.7219440884417931,46,0,4
2022-04-26,6,13.35666916297281,0,0,1.2596454430632154,50,1,4
2022-04-27,6,15.98095349307112,0,1,-0.9138068834698272,51,2,4
2022-04-28,6,15.825712359785758,0,0,-0.4699550581028852,39,3,4
2022-04-29,6,16.087481066524262,1,0,1.6519958521129785,35,4,4
2022-04-30,6,19.017332862868603,1,0,1.5737801292246598,41,5,4
2022-05-01,6,11.198262602728,0,0,1.868620617784287,41,6,5
2022-05-02,6,7.958890067991069,0,0,0.5386692903049982,42,0,5
2022-05-03,6,11.88661670228927,0,0,-0.2326488796850357,43,1,5
2022-05-04,6,17.939420425465457,1,0,-0.5012736286810966,36,2,5
2022-05-05,6,19.650674249844982,0,0,-0.4799247850849343,37,3,5
2022-05-06,6,13.560801679432045,0,0,-0.7773781959391995,44,4,5
2022-05-07,6,5.264963568757968,1,0,-0.1458808161739161,47,5,5
2022-05-08,6,15.650640849354264,0,0,-0.5957833102950516,37,6,5
2022-05-09,6,10.057070920670302,0,0,-2.668649824285988,42,0,5
2022-05-10,6,14.491698429882623,0,0,-0.3949450545961906,43,1,5
2022-05-11,6,15.103994695526175,1,0,0.7118426156023722,39,2,5
2022-05-12,6,9.442771384594073,0,0,0.005335328246726,43,3,5
2022-05-13,6,5.126612558006059,0,0,-1.4679803956580322,48,4,5
2022-05-14,6,6.73524239737998,0,0,0.3543984245922966,48,5,5
2022-05-15,6,17.61646720613536,0,0,-0.5319451006050678,43,6,5
2022-05-16,6,19.37819243093949,1,0,-0.4626429625666629,43,0,5
2022-05-17,6,17.012596325297906,1,0,-0.3862145127853655,44,1,5
2022-05-18,6,9.36620925389361,0,0,0.342439195175639,48,2,5
2022-05-19,6,13.510480676387813,0,0,-0.1790350309639183,49,3,5
2022-05-20,6,11.02647292331421,0,0,0.029139775755278,46,4,5
2022-05-21,6,6.465804856512679,1,0,0.6445317108916205,54,5,5
2022-05-22,6,13.573315261701204,0,0,1.462192510303692,47,6,5
2022-05-23,6,5.45906843975808,0,0,0.2325213231769359,54,0,5
2022-05-24,6,10.430616407535302,0,0,-1.0193139023201088,47,1,5
2022-05-25,6,15.641993969810152,0,0,0.177664594936845,40,2,5
2022-05-26,6,6.877594338923645,0,0,-0.2854720943274576,48,3,5
2022-05-27,6,15.586500853359505,0,0,0.8097959578462517,32,4,5
2022-05-28,6,5.454679227411277,0,0,1.2951797046140412,41,5,5
2022-05-29,6,11.647617060134843,0,0,-0.7414122203777772,42,6,5
2022-05-30,6,18.83435188939552,1,0,0.336330706729489,50,0,5
2022-05-31,6,17.003731771645178,1,0,0.6827576758798829,40,1,5
2022-06-01,6,6.769071877831202,0,0,0.8096641153364972,50,2,6
2022-06-02,6,9.46652453135874,1,0,0.8884728483752602,50,3,6
2022-06-03,6,10.719230994325304,0,0,-1.388593528422502,45,4,6
2022-06-04,6,15.572027475636418,0,0,-1.0401732537721189,44,5,6
2022-06-05,6,14.397923005567442,0,0,-1.9148047320138288,39,6,6
2022-06-06,6,14.499081545153492,1,0,-2.2688053814217497,56,0,6
2022-06-07,6,6.013716316509344,1,0,-1.595689735720028,49,1,6
2022-06-08,6,9.861258805260864,0,0,-0.3980132775168939,42,2,6
2022-06-09,6,9.029475532694242,1,0,-0.5730441905800547,50,3,6
2022-06-10,6,7.106035174518083,0,0,-0.3052581853040573,43,4,6
2022-06-11,6,16.77245840346884,0,0,-0.3183677136767752,37,5,6
2022-06-12,6,16.847071529797518,0,0,0.693207718239349,36,6,6
2022-06-13,6,10.652851282687967,1,0,2.6884201257621307,53,0,6
2022-06-14,6,6.449745179937125,0,0,0.1206618167096114,49,1,6
2022-06-15,6,18.801234934947093,1,0,-1.2140566552955192,36,2,6
2022-06-16,6,15.032868234401786,0,0,-1.2189787949913995,37,3,6
2022-06-17,6,9.115555141117284,0,0,0.9459747326304973,42,4,6
2022-06-18,6,8.652377107247503,0,1,-1.1348459654193592,55,5,6
2022-06-19,6,7.46721345442252,0,0,-0.3582513985157817,45,6,6
2022-06-20,6,14.42352954721067,0,1,-0.6104144528585648,42,0,6
2022-06-21,6,13.931127164401088,0,0,-0.2704632035591219,36,1,6
2022-06-22,6,16.464454357281262,0,0,0.3828047513925353,39,2,6
2022-06-23,6,19.97998126969761,0,0,1.3141634532364443,36,3,6
2022-06-24,6,17.663013053827598,0,0,0.9411183785066366,47,4,6
2022-06-25,6,8.141927782622453,0,0,-0.1892157783940773,42,5,6
2022-06-26,6,12.290537903602312,0,0,0.3468896348408425,53,6,6
2022-06-27,6,12.737155076709817,0,0,0.9624719603840232,42,0,6
2022-06-28,6,12.678710478874994,0,0,1.4174061560613715,50,1,6
2022-06-29,6,19.77035775017568,0,1,-0.5338538298276108,32,2,6
2022-06-30,6,18.640294846339096,0,0,-0.7278193334288373,42,3,6
2022-07-01,6,18.507734587503144,0,0,1.02919094721802,35,4,7
2022-07-02,6,11.35546180858946,1,0,-0.0828527687733149,55,5,7
2022-07-03,6,9.310039531155628,0,0,1.198508832218801,59,6,7
2022-07-04,6,11.223152845315289,0,1,-2.434042645601402,41,0,7
2022-07-05,6,7.001179726559964,0,0,0.4364467591234423,41,1,7
2022-07-06,6,17.52878990765422,0,0,-0.1500132843644504,44,2,7
2022-07-07,6,13.726295078836278,0,0,-1.794801851131733,40,3,7
2022-07-08,6,19.010210017111746,0,0,-0.3035385492783737,43,4,7
2022-07-09,6,11.212866161918711,0,0,-0.46510793329147,47,5,7
2022-07-10,6,5.40565613111437,0,0,1.504896199906827,50,6,7
2022-07-11,6,14.386102290788054,0,0,-0.0812025977305093,51,0,7
2022-07-12,6,18.00447432267589,1,0,-0.3259968095892983,48,1,7
2022-07-13,6,5.8563555899489455,0,0,0.4828532285319712,45,2,7
2022-07-14,6,11.25749239888231,0,0,0.3408267527523937,46,3,7
2022-07-15,6,5.520858877940423,0,0,-0.041361489466291,48,4,7
2022-07-16,6,10.799333695785718,0,0,-1.1255743991945104,42,5,7
2022-07-17,6,12.74308146291825,0,0,-0.092711166032908,44,6,7
2022-07-18,6,7.539961280410141,1,0,0.8927094282763892,48,0,7
2022-07-19,6,7.803369921017253,1,0,0.9209027149058424,54,1,7
2022-07-20,6,6.560708342343428,0,0,-1.0619938361810828,51,2,7
2022-07-21,6,13.569777919983318,0,0,-0.3141759667714848,44,3,7
2022-07-22,6,13.649092888217949,0,0,0.6764992698754456,35,4,7
2022-07-23,6,18.532949803308576,1,1,0.4550292071265168,48,5,7
2022-07-24,6,15.050865044928011,0,0,-0.3397594958285327,51,6,7
2022-07-25,6,10.66451935301684,0,0,-0.4420945909966758,44,0,7
2022-07-26,6,11.500550758511684,0,0,-0.3146864809420291,45,1,7
2022-07-27,6,12.603979438444672,0,0,-1.359060515848681,39,2,7
2022-07-28,6,14.272866430639132,0,1,0.3960091393384818,57,3,7
2022-07-29,6,11.323374381655368,0,0,0.1238556353442355,38,4,7
2022-07-30,6,13.376030684417964,1,0,-0.4568392406287687,51,5,7
2022-07-31,6,18.34603936240719,0,0,-1.4530497035382628,37,6,7
2022-08-01,6,19.197181857906767,1,0,0.0341497075972482,42,0,8
2022-08-02,6,19.72072373391255,0,0,0.0248848598860301,36,1,8
2022-08-03,6,17.3303844811037,0,0,0.5125769925421616,42,2,8
2022-08-04,6,12.067920954770148,0,0,-1.006889920269228,41,3,8
2022-08-05,6,14.724672342605302,0,0,0.2745577598801235,46,4,8
2022-08-06,6,5.36829110702095,0,0,-1.0144812903342446,45,5,8
2022-08-07,6,9.55195027388486,0,0,0.6570371003226946,56,6,8
