sales_data.csv
date,product_id,price,promotion,holiday,weather_index,units_sold,day_of_week,month
2022-08-08,6,6.699956222171272,0,0,-1.4543733058810575,47,0,8
2022-08-09,6,16.160326115534104,0,0,-0.656868354798384,45,1,8
2022-08-10,6,8.593702647265529,1,0,1.2907193812757145,55,2,8
2022-08-11,6,15.597306952465178,1,0,-1.375146473077011,40,3,8
2022-08-12,6,11.653800296696236,1,0,-2.453836422091918,38,4,8
2022-08-13,6,13.782304305125592,0,0,0.3143825029900676,41,5,8
2022-08-14,6,19.693924981735805,1,0,-1.5074881068465034,43,6,8
2022-08-15,6,9.046218031270604,0,1,-0.5700866144562633,45,0,8
2022-08-16,6,15.69365624105916,0,1,3.188845390030596,45,1,8
2022-08-17,6,17.76358926724709,0,0,0.4306420239130379,39,2,8
2022-08-18,6,12.333817522410092,0,0,-0.185978984245813,41,3,8
2022-08-19,6,7.8620634507861,1,0,0.4010088854349423,47,4,8
2022-08-20,6,17.66054995174462,0,0,-0.2775135573188206,43,5,8
2022-08-21,6,6.866061492516195,0,0,0.6075147199334199,49,6,8
2022-08-22,6,16.23139858438532,0,0,-0.7108578840250891,45,0,8
2022-08-23,6,13.460223810000224,0,0,-1.1113378935318436,46,1,8
2022-08-24,6,18.41857903125588,0,0,1.7123410536840449,43,2,8
2022-08-25,6,19.15792215014124,0,0,-0.417021211968302,36,3,8
2022-08-26,6,17.77578554328025,1,0,0.1912237491598083,48,4,8
2022-08-27,6,7.236710185918273,0,0,-0.069919091239892,40,5,8
2022-08-28,6,18.3494579449523,0,0,0.0431905085382902,41,6,8
2022-08-29,6,7.149974382111256,0,0,-0.4104414240889953,45,0,8
2022-08-30,6,18.8664535559508,0,0,-0.7267326230411173,47,1,8
2022-08-31,6,9.847413958395492,1,0,-0.2208196866609819,49,2,8
2022-09-01,6,18.675745488902063,1,0,0.668078242345277,46,3,9
2022-09-02,6,6.895460783809413,0,0,-0.6456664413460247,43,4,9
2022-09-03,6,10.542185187362104,1,0,0.0506619801715075,42,5,9
2022-09-04,6,6.803557749221424,0,0,-2.283241414827087,45,6,9
2022-09-05,6,19.38185450111513,0,0,0.6081083551414093,30,0,9
2022-09-06,6,11.08028747945744,0,0,0.3813311419505256,48,1,9
2022-09-07,6,14.751166806455211,0,0,0.7231859044904874,43,2,9
2022-09-08,6,12.477949327125136,0,0,0.9423335359117104,49,3,9
2022-09-09,6,6.266156805521328,0,0,-1.0635935221787542,47,4,9
2022-09-10,6,19.97054958371745,1,0,0.0909781226745979,40,5,9
2022-09-11,6,19.291299644041175,0,0,0.6545901639797688,45,6,9
2022-09-12,6,8.56921882533613,0,0,2.3519430147414764,46,0,9
2022-09-13,6,7.710194464640747,1,0,-0.5438257886277618,45,1,9
2022-09-14,6,7.204678974226793,0,0,-0.31632711901247,43,2,9
2022-09-15,6,13.869718502698897,0,0,-0.5623211698660144,35,3,9
2022-09-16,6,5.957744717355516,0,0,-3.293344799964895,43,4,9
2022-09-17,6,17.49871717032012,1,0,-0.0672743486646624,43,5,9
2022-09-18,6,5.399865412024133,1,0,1.0332399157555052,43,6,9
2022-09-19,6,8.21431377174968,0,0,0.6867046700302977,42,0,9
2022-09-20,6,16.43169773630364,0,0,-1.0753833658287943,41,1,9
2022-09-21,6,14.240469979403072,0,0,-1.2355706968345426,46,2,9
2022-09-22,6,16.061501572742593,0,0,-0.0582349690467957,39,3,9
2022-09-23,6,19.89034065882496,0,0,-0.7453575475040135,49,4,9
2022-09-24,6,17.636380738888498,0,0,0.3038990278604563,31,5,9
2022-09-25,6,14.23484903122417,0,1,-1.345805332485707,37,6,9
2022-09-26,6,18.59736247583591,0,0,-0.4114325955536504,45,0,9
2022-09-27,6,11.912963749530162,0,0,-1.3008863011572998,37,1,9
2022-09-28,6,14.431778888492426,0,0,0.0232694139558985,39,2,9
2022-09-29,6,5.625294571849118,0,0,-0.7376606312647073,49,3,9
2022-09-30,6,13.484860817639028,1,0,-1.7966073609703297,45,4,9
2022-10-01,6,7.0661858935393225,0,0,-1.2778789003054034,49,5,10
2022-10-02,6,15.523339666884912,0,1,-0.8327183168424649,36,6,10
2022-10-03,6,12.39711348025102,0,0,0.5840034902937355,41,0,10
2022-10-04,6,7.273935189684342,0,0,0.4091605820970304,38,1,10
2022-10-05,6,15.135794156400632,0,0,-0.5511919671541862,41,2,10
2022-10-06,6,10.99581811285951,0,0,-1.3375124766003244,43,3,10
2022-10-07,6,18.63725465732304,1,0,0.049644549234522,41,4,10
2022-10-08,6,6.625693888595866,0,0,0.3716622206379182,50,5,10
2022-10-09,6,8.758745484558283,1,0,-0.112272424489517,52,6,10
2022-10-10,6,8.55210609807225,0,0,0.9024696705671794,50,0,10
2022-10-11,6,16.67924482919233,1,0,-0.114378485131962,57,1,10
2022-10-12,6,11.748000680166282,0,0,2.603744774581266,43,2,10
2022-10-13,6,6.063131040595842,0,0,0.3507112608517036,51,3,10
2022-10-14,6,9.78460768487126,1,0,-0.2524126681079883,51,4,10
2022-10-15,6,8.961215672571242,0,0,0.0188825871295787,38,5,10
2022-10-16,6,5.100651551253119,0,0,-0.353178089990306,52,6,10
2022-10-17,6,10.753876189046425,0,0,1.4510173131009123,48,0,10
2022-10-18,6,18.821612458740343,1,0,1.2814315816628006,35,1,10
2022-10-19,6,12.336186032356729,0,0,-1.1404409286289008,44,2,10
2022-10-20,6,13.364099703453942,0,0,1.186068422900601,44,3,10
2022-10-21,6,15.62600275464904,0,0,-0.4332293298057572,40,4,10
2022-10-22,6,11.374403933682537,0,1,-0.3569794123744801,47,5,10
2022-10-23,6,5.460265342356086,1,0,0.2319279886351444,53,6,10
2022-10-24,6,12.398496134280728,0,0,-0.6276634701122643,49,0,10
2022-10-25,6,18.604571476808925,0,0,-1.0333595949635277,40,1,10
2022-10-26,6,13.296581398203744,0,0,-0.0492670457486307,48,2,10
2022-10-27,6,7.251806864512488,1,0,0.3190855669558662,51,3,10
2022-10-28,6,13.692879656591389,0,0,-0.0070571639727358,37,4,10
2022-10-29,6,9.845651685473907,0,0,-0.1887444914664471,39,5,10
2022-10-30,6,11.23167342097302,0,0,-0.1663711041780645,53,6,10
2022-10-31,6,13.669080229307628,0,0,1.2010171601760495,40,0,10
2022-11-01,6,7.825679710366627,0,0,1.0267211404255976,48,1,11
2022-11-02,6,13.047243259607832,1,0,2.356554849287853,50,2,11
2022-11-03,6,6.92030903492135,0,0,-0.4147701981481784,48,3,11
2022-11-04,6,16.525307459916718,0,0,1.1029601449136763,40,4,11
2022-11-05,6,10.546417851269943,0,0,-0.3504596097432486,50,5,11
2022-11-06,6,15.41543504287144,0,1,-0.4355396606946402,48,6,11
2022-11-07,6,6.22203116185544,1,0,-0.2309473472277009,54,0,11
2022-11-08,6,15.319645605758884,0,0,-1.752219431328863,50,1,11
2022-11-09,6,6.539431875746872,0,0,0.7659146795693907,40,2,11
2022-11-10,6,19.876095833298223,0,0,-2.256511143075325,32,3,11
2022-11-11,6,6.7982307104662,0,0,1.9508589158695344,42,4,11
2022-11-12,6,6.571014747610461,0,0,0.7549600490708326,41,5,11
2022-11-13,6,19.831579116130065,0,0,-0.355360715697387,31,6,11
2022-11-14,6,13.205847389517125,0,0,0.3626514815103068,44,0,11
2022-11-15,6,9.981359207964342,0,0,-1.7192299172791323,43,1,11
2022-11-16,6,5.07294901863856,0,0,-0.4147043558503861,39,2,11
2022-11-17,6,5.994955387586847,0,0,1.193837705085153,41,3,11
2022-11-18,6,17.008140513456674,0,0,-1.5777517348575687,39,4,11
2022-11-19,6,13.534541376976128,1,0,-0.1463789537901286,40,5,11
2022-11-20,6,11.746952985949644,1,0,-0.5861523362129365,40,6,11
2022-11-21,6,8.63275797881814,0,1,1.8247274557329256,48,0,11
2022-11-22,6,8.86927238806959,0,0,1.9477784531400024,41,1,11
2022-11-23,6,15.553613213996618,0,0,-0.2309909594515891,39,2,11
2022-11-24,6,14.872558832487885,0,0,1.8042671069248009,52,3,11
2022-11-25,6,13.674272081394358,0,1,1.5912548998186833,54,4,11
2022-11-26,6,18.602538676183315,0,0,-0.0098799744698551,33,5,11
2022-11-27,6,18.87641360485953,0,0,-0.5184541829857329,29,6,11
2022-11-28,6,11.17306634448839,0,0,3.082208937863733,49,0,11
2022-11-29,6,17.343154428132245,0,0,-0.1847403353372363,41,1,11
2022-11-30,6,18.695266316528134,0,0,1.1961955555976942,39,2,11
2022-12-01,6,16.220659204542994,0,0,-2.1893190154005437,38,3,12
2022-12-02,6,17.35317360829596,0,0,-1.2505926470979858,35,4,12
2022-12-03,6,14.67001976470728,0,0,1.7317910801814769,41,5,12
2022-12-04,6,12.003458730002627,1,0,-0.2745757827320544,46,6,12
2022-12-05,6,18.51759794411572,1,0,0.1354547428754433,39,0,12
2022-12-06,6,19.91186769096664,0,0,1.4096350945477,49,1,12
2022-12-07,6,7.094916358527158,0,0,-0.7116823023276629,47,2,12
2022-12-08,6,8.432602711881708,0,0,2.246276038601584,51,3,12
2022-12-09,6,8.323770680136658,0,0,-0.3447795094519014,35,4,12
2022-12-10,6,16.0104111474053,0,0,-1.436217710321802,42,5,12
2022-12-11,6,13.445286258300609,1,0,0.3627947770820205,51,6,12
2022-12-12,6,7.137132882976909,0,0,-0.4400710053475426,52,0,12
2022-12-13,6,11.18009920851481,0,0,0.4653163908849781,39,1,12
2022-12-14,6,9.549855326634535,0,0,-0.5642752158995702,39,2,12
2022-12-15,6,14.724735171431597,0,0,1.1924486616711276,32,3,12
2022-12-16,6,12.972277646178808,0,0,0.2155384139943827,44,4,12
2022-12-17,6,7.715866526669486,0,0,2.056854322369987,51,5,12
2022-12-18,6,9.463789732033572,0,0,0.3891576120098239,39,6,12
2022-12-19,6,6.490069708177639,0,0,-0.1243251534413516,50,0,12
2022-12-20,6,7.413479003829287,0,0,1.158044108837109,47,1,12
2022-12-21,6,8.949263718101035,0,0,-0.4234671523325531,38,2,12
2022-12-22,6,9.19988413039057,0,1,-1.7686325032520505,43,3,12
2022-12-23,6,5.550084007507473,0,0,-0.0978975471451105,53,4,12
2022-12-24,6,6.128325767050844,0,0,-0.1585988833269394,48,5,12
2022-12-25,6,13.626663722488145,0,0,1.1073257883938974,52,6,12
2022-12-26,6,19.842519767971865,0,0,-1.1268651687064477,45,0,12
2022-12-27,6,16.510200299374485,0,0,-0.5109996002119354,52,1,12
2022-12-28,6,18.74324840174881,1,0,0.6854124595631491,46,2,12
2022-12-29,6,12.542327025563004,0,0,0.849175359150121,42,3,12
2022-12-30,6,14.78993718192861,0,0,1.2713244719212322,43,4,12
2022-12-31,6,18.40285438287341,0,0,-0.4740752493017079,35,5,12
2023-01-01,6,11.578373865078984,0,0,0.1323922847082836,46,6,1
2023-01-02,6,12.411626536153658,0,0,-1.359496611518621,50,0,1
2023-01-03,6,16.204560700774294,0,0,-0.616919156280263,41,1,1
2023-01-04,6,6.464883628235367,0,0,-0.2317020681305103,44,2,1
2023-01-05,6,13.17875126245696,0,0,0.1416007061484252,34,3,1
2023-01-06,6,5.89810686320357,0,0,0.4254366515893171,50,4,1
2023-01-07,6,11.783753789199242,0,0,-0.9221031390980134,40,5,1
2023-01-08,6,17.237892039134756,1,0,-1.233544870595878,51,6,1
2023-01-09,6,17.079142730902895,0,0,-1.157665495203814,44,0,1
2023-01-10,6,15.550028643536224,0,0,-0.1649565614932435,41,1,1
2023-01-11,6,13.76798361786802,0,0,-0.1567930208450219,46,2,1
2023-01-12,6,10.889110157085048,1,0,-1.0290764874223208,47,3,1
2023-01-13,6,19.028880228061503,1,0,-0.2110462173762574,48,4,1
2023-01-14,6,7.124602444273416,0,0,0.7070978359619117,46,5,1
2023-01-15,6,14.093212487893936,1,0,0.4509719829224239,46,6,1
2023-01-16,6,12.850132264418612,0,0,0.4513247477615474,42,0,1
2023-01-17,6,13.668062131111263,0,0,-2.6663621521992797,43,1,1
2023-01-18,6,19.89660406693497,0,0,1.9154297045279416,45,2,1
2023-01-19,6,14.6382490956534,0,0,-1.4460578577164425,43,3,1
2023-01-20,6,18.773030893497918,1,1,-0.6982349102378259,48,4,1
2023-01-21,6,11.557438679496546,0,0,-1.186760702349304,41,5,1
2023-01-22,6,11.017967233090715,0,0,-0.8740794191728389,43,6,1
2023-01-23,6,5.619883531422316,0,0,-0.3718618775415478,55,0,1
2023-01-24,6,10.65079834609178,0,0,0.9777750367715368,39,1,1
2023-01-25,6,6.847744823264426,0,0,1.0286654518646725,45,2,1
2023-01-26,6,14.216384992071625,0,0,-0.8578768322229253,47,3,1
2023-01-27,6,7.138568757250474,0,0,-0.8621951537902657,50,4,1
2023-01-28,6,18.22688660630366,0,0,1.5467532239165764,36,5,1
2023-01-29,6,11.50366620294699,0,0,-0.5972046404507592,39,6,1
2023-01-30,6,8.509196478263839,0,0,-0.3785500482856599,43,0,1
2023-01-31,6,9.084259315047865,0,0,-1.8414211015383888,51,1,1
2023-02-01,6,14.625960856855652,0,0,0.8912923502617203,40,2,2
2023-02-02,6,15.065247031653266,0,0,-0.0965652916611121,48,3,2
2023-02-03,6,9.631547211339338,0,0,0.913051347152724,44,4,2
2023-02-04,6,15.145284119241236,0,0,-0.7802480884048589,49,5,2
2023-02-05,6,13.151105048916367,0,0,0.2222410876866235,41,6,2
2023-02-06,6,6.348460665823044,0,0,-0.5373211102720261,50,0,2
2023-02-07,6,8.802470396399764,0,0,-0.0354833244202148,41,1,2
2023-02-08,6,17.67767245525276,0,0,-0.2286138510745647,37,2,2
2023-02-09,6,8.340859481498082,0,0,-1.1072278529224469,42,3,2
2023-02-10,6,9.104256732009924,0,0,-1.2295553333656777,35,4,2
2023-02-11,6,19.23793292389208,0,0,-0.152608091795719,50,5,2
2023-02-12,6,17.72040648170909,0,0,0.3808477485809526,36,6,2
2023-02-13,6,9.22210561601181,1,0,0.5317487627570506,49,0,2
2023-02-14,6,17.10763426172941,1,0,-0.2805138441395601,53,1,2
2023-02-15,6,9.02209332537532,0,0,-0.8967256242114298,48,2,2
2023-02-16,6,8.781233494246642,0,0,-0.0467732066664283,50,3,2
2023-02-17,6,11.3280501787519,0,0,-0.5375904843317025,41,4,2
2023-02-18,6,6.4178543099794645,0,0,0.9502218167584996,45,5,2
2023-02-19,6,6.643613189668189,0,0,-0.8367300537294273,52,6,2
2023-02-20,6,17.191438433749546,0,0,-1.4703608154812835,45,0,2
2023-02-21,6,5.858748894358912,0,0,0.3528140155747764,52,1,2
2023-02-22,6,12.645706523709649,0,0,1.0125614505971678,42,2,2
2023-02-23,6,13.688469899301468,0,0,0.3770648271830108,46,3,2
2023-02-24,6,9.934709010733402,1,0,-0.098097925807198,43,4,2
2023-02-25,6,18.827495199000825,0,0,-2.177262835619253,44,5,2
2023-02-26,6,14.618726219240608,0,0,-0.622437007835959,48,6,2
2023-02-27,6,16.644099328502318,0,0,-1.1250333583992689,54,0,2
2023-02-28,6,18.161981080405084,0,0,-0.116211797645755,38,1,2
2023-03-01,6,12.291435410623569,0,0,1.2258995239995318,43,2,3
2023-03-02,6,13.551840903300782,0,0,1.3502070744400765,46,3,3
2023-03-03,6,15.790222722632128,0,0,2.155060531424408,41,4,3
2023-03-04,6,15.15110470444331,0,0,0.0274019350177957,42,5,3
2023-03-05,6,19.335276016096422,0,0,1.241205505561844,41,6,3
2023-03-06,6,13.844585185924666,0,0,1.4502016696315216,39,0,3
2023-03-07,6,11.926348281813356,1,0,0.50275708952945,55,1,3
2023-03-08,6,13.2097588924606,1,0,1.290389502262714,45,2,3
2023-03-09,6,19.54769140533506,0,0,-0.2913166003847034,35,3,3
2023-03-10,6,8.112879473560602,0,0,1.0745605188264684,40,4,3
2023-03-11,6,10.81678398418474,0,0,-2.812392548734373,46,5,3
2023-03-12,6,11.56487885069587,0,0,0.9509712320770112,44,6,3
2023-03-13,6,16.948237736657013,0,0,1.0518294737867444,40,0,3
2023-03-14,6,8.012175681931378,0,0,-0.825853381067208,47,1,3
2023-03-15,6,8.396413662162361,0,0,0.4542868008033547,40,2,3
2023-03-16,6,5.452018990454258,1,0,-0.088178550731467,57,3,3
2023-03-17,6,12.996078172003164,0,0,-1.2666575715289627,46,4,3
2023-03-18,6,6.49441053933613,0,0,-0.5054467278337844,39,5,3
2023-03-19,6,12.052961380722357,0,0,0.1485063930240666,49,6,3
2023-03-20,6,15.621351084012447,0,0,-0.2549433826213551,43,0,3
2023-03-21,6,8.039881065969556,0,0,1.3091982166598846,40,1,3
2023-03-22,6,15.336678146074137,0,0,0.2311439715650516,39,2,3
2023-03-23,6,9.198544224942786,0,0,-0.3479649697262348,41,3,3
2023-03-24,6,9.38165185634602,0,0,-0.4834376492067624,48,4,3
2023-03-25,6,9.59197605694356,0,0,2.608756083989889,42,5,3
2023-03-26,6,5.309153791762513,0,0,-0.9584669072549186,43,6,3
2023-03-27,6,14.37257462983826,0,0,-0.5018938638458041,43,0,3
2023-03-28,6,5.633881489268395,1,0,1.3612038427225064,47,1,3
2023-03-29,6,8.160340518785016,0,0,-0.3675808687863561,37,2,3
2023-03-30,6,11.100120823312777,0,0,2.3239163413511204,47,3,3
2023-03-31,6,5.8763047081215065,0,0,-0.3322250586047531,51,4,3
2023-04-01,6,12.149144328712431,1,0,-0.1246060442263741,51,5,4
2023-04-02,6,15.246360435034791,0,0,-1.6534323153404735,42,6,4
2023-04-03,6,11.481115133983144,0,0,-0.1581423690229701,44,0,4
2023-04-04,6,17.35038406690374,1,0,-0.3398266118088004,44,1,4
2023-04-05,6,16.309701634741472,0,0,-0.6582853816885992,42,2,4
2023-04-06,6,18.467516941996244,0,0,1.4467875266158456,44,3,4
2023-04-07,6,11.903429168943678,0,0,-0.8692770980742814,39,4,4
2023-04-08,6,10.477770732788892,1,0,0.1268431346452742,46,5,4
2023-04-09,6,11.536531770482252,0,0,0.6017299319698236,44,6,4
2023-04-10,6,5.994806433505249,0,0,1.0259338651871068,47,0,4
2023-04-11,6,12.002910668495002,0,0,1.3034254650193433,43,1,4
2023-04-12,6,5.298543743015887,0,0,-1.5917779760123527,40,2,4
2023-04-13,6,7.970541130012855,0,0,-1.5430769854027986,44,3,4
2023-04-14,6,13.540725165747308,0,0,0.1625924771126765,35,4,4
2023-04-15,6,19.08946685592271,0,0,-0.649710104566425,39,5,4
2023-04-16,6,8.76335623011078,0,0,-1.1531376427143143,48,6,4
2023-04-17,6,8.973783587932326,1,0,0.5075229455733941,51,0,4
2023-04-18,6,8.993618736192591,1,0,0.7202172997995759,43,1,4
2023-04-19,6,6.625192929503379,0,0,-1.0643136088631262,40,2,4
2023-04-20,6,19.22785012224221,0,0,-2.338654390636445,36,3,4
2023-04-21,6,10.393703437549744,0,0,1.0555126225488654,40,4,4
2023-04-22,6,16.952068295508756,0,0,0.0017047106755967,49,5,4
2023-04-23,6,6.299556912584476,0,0,2.2526967499759776,46,6,4
2023-04-24,6,9.259736611183444,1,0,-0.1639943176090599,52,0,4
2023-04-25,6,11.453056115830636,0,1,0.5080161161967836,49,1,4
2023-04-26,6,17.5874557347476,0,0,-0.8878658963810832,36,2,4
2023-04-27,6,18.98405407727068,0,0,0.8627851555829655,42,3,4
2023-04-28,6,14.1865206725542,1,0,1.0205466960272955,46,4,4
2023-04-29,6,8.471115418487601,0,0,0.8934194467735882,41,5,4
2023-04-30,6,13.437328021614237,0,0,0.1500930817914358,41,6,4
2023-05-01,6,18.81753884919965,0,0,-0.9011027909530726,42,0,5
2023-05-02,6,17.256192599306978,1,0,0.7113171411371946,42,1,5
2023-05-03,6,19.052930547127588,0,0,-0.9499992080900544,44,2,5
2023-05-04,6,16.180936175470276,1,0,0.0941496652396995,51,3,5
2023-05-05,6,18.915897701455805,0,0,-0.3618879521009963,43,4,5
2023-05-06,6,14.534692593625572,0,1,1.2041201702956044,57,5,5
2023-05-07,6,7.295978870719775,0,0,0.3598364546100749,48,6,5
2023-05-08,6,5.97620466124936,0,0,-1.3408210433962064,50,0,5
2023-05-09,6,13.979230075521563,0,0,-1.3524152945369896,39,1,5
2023-05-10,6,6.900106467213663,0,0,-0.9769270242608248,45,2,5
2023-05-11,6,14.108353850636009,0,0,3.138409138358313,45,3,5
2023-05-12,6,19.610559483331983,0,0,-0.0723723689780421,37,4,5
2023-05-13,6,10.462151438185051,0,0,-0.9465687140622456,53,5,5
2023-05-14,6,17.803072700093278,0,0,0.7666449837312209,34,6,5
2023-05-15,6,18.07859614089397,0,0,1.193268814920255,44,0,5
2023-05-16,6,18.46712289489868,0,0,-0.4180479556124726,43,1,5
2023-05-17,6,10.854919908471892,0,0,-0.910207921234958,42,2,5
2023-05-18,6,17.951705096118275,0,0,1.3206612567048583,33,3,5
2023-05-19,6,19.166049706385195,0,0,0.637341245854579,47,4,5
2023-05-20,6,16.41829425182901,0,0,-0.4981064341240441,39,5,5
2023-05-21,6,10.69974253977329,0,0,0.2954707600118662,41,6,5
2023-05-22,6,19.75626982636204,0,0,-1.1059540544308062,31,0,5
2023-05-23,6,10.618959457554988,0,1,0.8239875773535233,52,1,5
2023-05-24,6,14.439664241196676,0,0,0.8229034516207331,44,2,5
2023-05-25,6,5.276715315100805,0,0,-0.2487024324702582,46,3,5
2023-05-26,6,12.010477138257642,0,0,0.8113422436575748,47,4,5
2023-05-27,6,12.46453945424962,0,0,-1.423443451108018,48,5,5
2023-05-28,6,12.940072799354624,0,1,-0.4810230062405842,47,6,5
2023-05-29,6,16.03230044973365,0,0,-0.4470606980551199,45,0,5
